Component: ARM Compiler 5.06 update 7 (build 960) Tool: armlink [4d3601]

==============================================================================

Section Cross References

    startup_stm32f103xe.o(RESET) refers to startup_stm32f103xe.o(STACK) for __initial_sp
    startup_stm32f103xe.o(RESET) refers to startup_stm32f103xe.o(.text) for Reset_Handler
    startup_stm32f103xe.o(RESET) refers to stm32f1xx_it.o(i.NMI_Handler) for NMI_Handler
    startup_stm32f103xe.o(RESET) refers to stm32f1xx_it.o(i.HardFault_Handler) for HardFault_Handler
    startup_stm32f103xe.o(RESET) refers to stm32f1xx_it.o(i.MemManage_Handler) for MemManage_Handler
    startup_stm32f103xe.o(RESET) refers to stm32f1xx_it.o(i.BusFault_Handler) for BusFault_Handler
    startup_stm32f103xe.o(RESET) refers to stm32f1xx_it.o(i.UsageFault_Handler) for UsageFault_Handler
    startup_stm32f103xe.o(RESET) refers to port.o(.emb_text) for SVC_Handler
    startup_stm32f103xe.o(RESET) refers to stm32f1xx_it.o(i.DebugMon_Handler) for DebugMon_Handler
    startup_stm32f103xe.o(RESET) refers to port.o(i.SysTick_Handler) for SysTick_Handler
    startup_stm32f103xe.o(RESET) refers to stm32f1xx_it.o(i.TIM1_UP_IRQHandler) for TIM1_UP_IRQHandler
    startup_stm32f103xe.o(RESET) refers to stm32f1xx_it.o(i.TIM2_IRQHandler) for TIM2_IRQHandler
    startup_stm32f103xe.o(RESET) refers to stm32f1xx_it.o(i.TIM3_IRQHandler) for TIM3_IRQHandler
    startup_stm32f103xe.o(RESET) refers to stm32f1xx_it.o(i.TIM4_IRQHandler) for TIM4_IRQHandler
    startup_stm32f103xe.o(RESET) refers to stm32f1xx_it.o(i.USART1_IRQHandler) for USART1_IRQHandler
    startup_stm32f103xe.o(RESET) refers to stm32f1xx_it.o(i.USART2_IRQHandler) for USART2_IRQHandler
    startup_stm32f103xe.o(RESET) refers to stm32f1xx_it.o(i.USART3_IRQHandler) for USART3_IRQHandler
    startup_stm32f103xe.o(.text) refers to system_stm32f1xx.o(i.SystemInit) for SystemInit
    startup_stm32f103xe.o(.text) refers to entry.o(.ARM.Collect$$$$00000000) for __main
    main.o(i.HAL_TIM_PeriodElapsedCallback) refers to stm32f1xx_hal.o(i.HAL_IncTick) for HAL_IncTick
    main.o(i.HAL_TIM_PeriodElapsedCallback) refers to encoder.o(i.Read_Speed) for Read_Speed
    main.o(i.HAL_TIM_PeriodElapsedCallback) refers to encoder.o(i.Encoder_Cnt_Location) for Encoder_Cnt_Location
    main.o(i.HAL_TIM_PeriodElapsedCallback) refers to encoder.o(i.Motp_Speed) for Motp_Speed
    main.o(i.HAL_TIM_PeriodElapsedCallback) refers to usart.o(i.my_printf) for my_printf
    main.o(i.HAL_TIM_PeriodElapsedCallback) refers to f2d.o(.text) for __aeabi_f2d
    main.o(i.HAL_TIM_PeriodElapsedCallback) refers to main.o(.data) for .data
    main.o(i.HAL_TIM_PeriodElapsedCallback) refers to encoder.o(.data) for Encoder_Right
    main.o(i.HAL_TIM_PeriodElapsedCallback) refers to encoder.o(.data) for Add_Encoder_Right
    main.o(i.SystemClock_Config) refers to memseta.o(.text) for __aeabi_memclr4
    main.o(i.SystemClock_Config) refers to stm32f1xx_hal_rcc.o(i.HAL_RCC_OscConfig) for HAL_RCC_OscConfig
    main.o(i.SystemClock_Config) refers to stm32f1xx_hal_rcc.o(i.HAL_RCC_ClockConfig) for HAL_RCC_ClockConfig
    main.o(i.main) refers to stm32f1xx_hal.o(i.HAL_Init) for HAL_Init
    main.o(i.main) refers to main.o(i.SystemClock_Config) for SystemClock_Config
    main.o(i.main) refers to gpio.o(i.MX_GPIO_Init) for MX_GPIO_Init
    main.o(i.main) refers to usart.o(i.MX_USART1_UART_Init) for MX_USART1_UART_Init
    main.o(i.main) refers to usart.o(i.MX_USART2_UART_Init) for MX_USART2_UART_Init
    main.o(i.main) refers to usart.o(i.MX_USART3_UART_Init) for MX_USART3_UART_Init
    main.o(i.main) refers to tim.o(i.MX_TIM2_Init) for MX_TIM2_Init
    main.o(i.main) refers to tim.o(i.MX_TIM3_Init) for MX_TIM3_Init
    main.o(i.main) refers to tim.o(i.MX_TIM4_Init) for MX_TIM4_Init
    main.o(i.main) refers to freertos.o(i.MX_FREERTOS_Init) for MX_FREERTOS_Init
    main.o(i.main) refers to cmsis_os.o(i.osKernelStart) for osKernelStart
    gpio.o(i.MX_GPIO_Init) refers to stm32f1xx_hal_gpio.o(i.HAL_GPIO_WritePin) for HAL_GPIO_WritePin
    gpio.o(i.MX_GPIO_Init) refers to stm32f1xx_hal_gpio.o(i.HAL_GPIO_Init) for HAL_GPIO_Init
    freertos.o(i.Init_Function) refers to port.o(i.vPortEnterCritical) for vPortEnterCritical
    freertos.o(i.Init_Function) refers to stm32f1xx_hal_uart.o(i.HAL_UART_Receive_IT) for HAL_UART_Receive_IT
    freertos.o(i.Init_Function) refers to encoder.o(i.Encoder_Start) for Encoder_Start
    freertos.o(i.Init_Function) refers to stm32f1xx_hal_tim.o(i.HAL_TIM_Base_Start_IT) for HAL_TIM_Base_Start_IT
    freertos.o(i.Init_Function) refers to tasks.o(i.vTaskDelete) for vTaskDelete
    freertos.o(i.Init_Function) refers to port.o(i.vPortExitCritical) for vPortExitCritical
    freertos.o(i.Init_Function) refers to usart.o(.data) for aRxBuffer
    freertos.o(i.Init_Function) refers to usart.o(.bss) for huart1
    freertos.o(i.Init_Function) refers to tim.o(.bss) for htim4
[...]
    Removing cmsis_os.o(i.osThreadGetId), (4 bytes).
    Removing cmsis_os.o(i.osThreadGetPriority), (32 bytes).
    Removing cmsis_os.o(i.osThreadList), (4 bytes).
    Removing cmsis_os.o(i.osThreadResume), (52 bytes).
    Removing cmsis_os.o(i.osThreadResumeAll), (18 bytes).
    Removing cmsis_os.o(i.osThreadSetPriority), (22 bytes).
    Removing cmsis_os.o(i.osThreadSuspend), (10 bytes).
    Removing cmsis_os.o(i.osThreadSuspendAll), (10 bytes).
    Removing cmsis_os.o(i.osThreadTerminate), (10 bytes).
    Removing cmsis_os.o(i.osThreadYield), (24 bytes).
    Removing cmsis_os.o(i.osTimerCreate), (4 bytes).
    Removing cmsis_os.o(i.osTimerDelete), (4 bytes).
    Removing cmsis_os.o(i.osTimerStart), (4 bytes).
    Removing cmsis_os.o(i.osTimerStop), (4 bytes).
    Removing heap_4.o(i.vPortInitialiseBlocks), (2 bytes).
    Removing heap_4.o(i.xPortGetFreeHeapSize), (12 bytes).
    Removing heap_4.o(i.xPortGetMinimumEverFreeHeapSize), (12 bytes).
    Removing port.o(i.vPortEndScheduler), (32 bytes).
    Removing port.o(i.vPortValidateInterruptPriority), (84 bytes).
    Removing key.o(.rev16_text), (4 bytes).
    Removing key.o(.revsh_text), (4 bytes).
    Removing key.o(.rrx_text), (6 bytes).
    Removing encoder.o(.rev16_text), (4 bytes).
    Removing encoder.o(.revsh_text), (4 bytes).
    Removing encoder.o(.rrx_text), (6 bytes).
    Removing encoder.o(i.Encoder_IRQHandler), (28 bytes).
    Removing encoder.o(i.Location_Encoder_Cnt), (40 bytes).
    Removing encoder.o(i.Num_Encoder_Cnt), (40 bytes).
    Removing encoder.o(.data), (4 bytes).
    Removing encoder.o(.data), (4 bytes).
    Removing delay.o(.rev16_text), (4 bytes).
    Removing delay.o(.revsh_text), (4 bytes).
    Removing delay.o(.rrx_text), (6 bytes).
    Removing delay.o(i.delay_init), (32 bytes).
    Removing delay.o(i.delay_ms), (52 bytes).
    Removing delay.o(i.delay_us), (52 bytes).
    Removing delay.o(.data), (8 bytes).
    Removing ffixi.o(.text), (50 bytes).

557 unused section(s) (total 37936 bytes) removed from the image.

==============================================================================

Image Symbol Table

    Local Symbols

    Symbol Name                              Value     Ov Type        Size  Object(Section)

    ../Core/Src/freertos.c                   0x00000000   Number         0  freertos.o ABSOLUTE
    ../Core/Src/gpio.c                       0x00000000   Number         0  gpio.o ABSOLUTE
    ../Core/Src/main.c                       0x00000000   Number         0  main.o ABSOLUTE
    ../Core/Src/stm32f1xx_hal_msp.c          0x00000000   Number         0  stm32f1xx_hal_msp.o ABSOLUTE
    ../Core/Src/stm32f1xx_hal_timebase_tim.c 0x00000000   Number         0  stm32f1xx_hal_timebase_tim.o ABSOLUTE
    ../Core/Src/stm32f1xx_it.c               0x00000000   Number         0  stm32f1xx_it.o ABSOLUTE
    ../Core/Src/system_stm32f1xx.c           0x00000000   Number         0  system_stm32f1xx.o ABSOLUTE
    ../Core/Src/tim.c                        0x00000000   Number         0  tim.o ABSOLUTE
    ../Core/Src/usart.c                      0x00000000   Number         0  usart.o ABSOLUTE
    ../Drivers/STM32F1xx_HAL_Driver/Src/stm32f1xx_hal.c 0x00000000   Number         0  stm32f1xx_hal.o ABSOLUTE
    ../Drivers/STM32F1xx_HAL_Driver/Src/stm32f1xx_hal_cortex.c 0x00000000   Number         0  stm32f1xx_hal_cortex.o ABSOLUTE
    ../Drivers/STM32F1xx_HAL_Driver/Src/stm32f1xx_hal_dma.c 0x00000000   Number         0  stm32f1xx_hal_dma.o ABSOLUTE
    ../Drivers/STM32F1xx_HAL_Driver/Src/stm32f1xx_hal_exti.c 0x00000000   Number         0  stm32f1xx_hal_exti.o ABSOLUTE
    ../Drivers/STM32F1xx_HAL_Driver/Src/stm32f1xx_hal_flash.c 0x00000000   Number         0  stm32f1xx_hal_flash.o ABSOLUTE
    ../Drivers/STM32F1xx_HAL_Driver/Src/stm32f1xx_hal_flash_ex.c 0x00000000   Number         0  stm32f1xx_hal_flash_ex.o ABSOLUTE
    ../Drivers/STM32F1xx_HAL_Driver/Src/stm32f1xx_hal_gpio.c 0x00000000   Number         0  stm32f1xx_hal_gpio.o ABSOLUTE
    ../Drivers/STM32F1xx_HAL_Driver/Src/stm32f1xx_hal_gpio_ex.c 0x00000000   Number         0  stm32f1xx_hal_gpio_ex.o ABSOLUTE
    ../Drivers/STM32F1xx_HAL_Driver/Src/stm32f1xx_hal_pwr.c 0x00000000   Number         0  stm32f1xx_hal_pwr.o ABSOLUTE
    ../Drivers/STM32F1xx_HAL_Driver/Src/stm32f1xx_hal_rcc.c 0x00000000   Number         0  stm32f1xx_hal_rcc.o ABSOLUTE
    ../Drivers/STM32F1xx_HAL_Driver/Src/stm32f1xx_hal_rcc_ex.c 0x00000000   Number         0  stm32f1xx_hal_rcc_ex.o ABSOLUTE
    ../Drivers/STM32F1xx_HAL_Driver/Src/stm32f1xx_hal_tim.c 0x00000000   Number         0  stm32f1xx_hal_tim.o ABSOLUTE
    ../Drivers/STM32F1xx_HAL_Driver/Src/stm32f1xx_hal_tim_ex.c 0x00000000   Number         0  stm32f1xx_hal_tim_ex.o ABSOLUTE
    ../Drivers/STM32F1xx_HAL_Driver/Src/stm32f1xx_hal_uart.c 0x00000000   Number         0  stm32f1xx_hal_uart.o ABSOLUTE
    ../Middlewares/Third_Party/FreeRTOS/Source/CMSIS_RTOS/cmsis_os.c 0x00000000   Number         0  cmsis_os.o ABSOLUTE
    ../Middlewares/Third_Party/FreeRTOS/Source/croutine.c 0x00000000   Number         0  croutine.o ABSOLUTE
    ../Middlewares/Third_Party/FreeRTOS/Source/event_groups.c 0x00000000   Number         0  event_groups.o ABSOLUTE
    ../Middlewares/Third_Party/FreeRTOS/Source/list.c 0x00000000   Number         0  list.o ABSOLUTE
    ../Middlewares/Third_Party/FreeRTOS/Source/portable/MemMang/heap_4.c 0x00000000   Number         0  heap_4.o ABSOLUTE
    ../Middlewares/Third_Party/FreeRTOS/Source/portable/RVDS/ARM_CM3/port.c 0x00000000   Number         0  port.o ABSOLUTE
    ../Middlewares/Third_Party/FreeRTOS/Source/queue.c 0x00000000   Number         0  queue.o ABSOLUTE
    ../Middlewares/Third_Party/FreeRTOS/Source/stream_buffer.c 0x00000000   Number         0  stream_buffer.o ABSOLUTE
    ../Middlewares/Third_Party/FreeRTOS/Source/tasks.c 0x00000000   Number         0  tasks.o ABSOLUTE
    ../Middlewares/Third_Party/FreeRTOS/Source/timers.c 0x00000000   Number         0  timers.o ABSOLUTE
    ../clib/microlib/division.c              0x00000000   Number         0  uldiv.o ABSOLUTE
    ../clib/microlib/division.c              0x00000000   Number         0  uidiv.o ABSOLUTE
    ../clib/microlib/init/entry.s            0x00000000   Number         0  entry12b.o ABSOLUTE
    ../clib/microlib/init/entry.s            0x00000000   Number         0  entry8a.o ABSOLUTE
    ../clib/microlib/init/entry.s            0x00000000   Number         0  entry7b.o ABSOLUTE
    ../clib/microlib/init/entry.s            0x00000000   Number         0  entry10b.o ABSOLUTE
    ../clib/microlib/init/entry.s            0x00000000   Number         0  entry7a.o ABSOLUTE
    ../clib/microlib/init/entry.s            0x00000000   Number         0  entry5.o ABSOLUTE
    ../clib/microlib/init/entry.s            0x00000000   Number         0  entry2.o ABSOLUTE
    ../clib/microlib/init/entry.s            0x00000000   Number         0  entry8b.o ABSOLUTE
    ../clib/microlib/init/entry.s            0x00000000   Number         0  entry9a.o ABSOLUTE
    ../clib/microlib/init/entry.s            0x00000000   Number         0  entry.o ABSOLUTE
    ../clib/microlib/init/entry.s            0x00000000   Number         0  entry9b.o ABSOLUTE
    ../clib/microlib/init/entry.s            0x00000000   Number         0  entry10a.o ABSOLUTE
    ../clib/microlib/init/entry.s            0x00000000   Number         0  entry11a.o ABSOLUTE
    ../clib/microlib/init/entry.s            0x00000000   Number         0  entry11b.o ABSOLUTE
    ../clib/microlib/init/entry.s            0x00000000   Number         0  entry12a.o ABSOLUTE
    ../clib/microlib/longlong.c              0x00000000   Number         0  llshl.o ABSOLUTE
    ../clib/microlib/longlong.c              0x00000000   Number         0  llsshr.o ABSOLUTE
    ../clib/microlib/longlong.c              0x00000000   Number         0  llushr.o ABSOLUTE
    ../clib/microlib/printf/printf.c         0x00000000   Number         0  printfa.o ABSOLUTE
    ../clib/microlib/stdio/fputc.c           0x00000000   Number         0  fputc.o ABSOLUTE
    ../clib/microlib/stdio/semi.s            0x00000000   Number         0  semi.o ABSOLUTE
    ../clib/microlib/stdio/streams.c         0x00000000   Number         0  stdout.o ABSOLUTE
    ../clib/microlib/string/memcpy.c         0x00000000   Number         0  memcpyb.o ABSOLUTE
    ../clib/microlib/string/memcpy.c         0x00000000   Number         0  memcpya.o ABSOLUTE
    ../clib/microlib/string/memset.c         0x00000000   Number         0  memset.o ABSOLUTE
    ../clib/microlib/string/memset.c         0x00000000   Number         0  memseta.o ABSOLUTE
    ../clib/microlib/string/strstr.c         0x00000000   Number         0  strstr.o ABSOLUTE
    ../clib/microlib/stubs.s                 0x00000000   Number         0  iusefp.o ABSOLUTE
    ../clib/microlib/stubs.s                 0x00000000   Number         0  iusesemip.o ABSOLUTE
    ../fplib/microlib/d2f.c                  0x00000000   Number         0  d2f.o ABSOLUTE
    ../fplib/microlib/f2d.c                  0x00000000   Number         0  f2d.o ABSOLUTE
    ../fplib/microlib/fpadd.c                0x00000000   Number         0  dadd.o ABSOLUTE
    ../fplib/microlib/fpdiv.c                0x00000000   Number         0  ddiv.o ABSOLUTE
    ../fplib/microlib/fpepilogue.c           0x00000000   Number         0  depilogue.o ABSOLUTE
    ../fplib/microlib/fpepilogue.c           0x00000000   Number         0  fepilogue.o ABSOLUTE
    ../fplib/microlib/fpfix.c                0x00000000   Number         0  ffixi.o ABSOLUTE
    ../fplib/microlib/fpfix.c                0x00000000   Number         0  dfixi.o ABSOLUTE
    ../fplib/microlib/fpfix.c                0x00000000   Number         0  dfixul.o ABSOLUTE
    ../fplib/microlib/fpflt.c                0x00000000   Number         0  dflti.o ABSOLUTE
    ../fplib/microlib/fpmul.c                0x00000000   Number         0  dmul.o ABSOLUTE
    ..\Core\Src\freertos.c                   0x00000000   Number         0  freertos.o ABSOLUTE
    ..\Core\Src\gpio.c                       0x00000000   Number         0  gpio.o ABSOLUTE
    ..\Core\Src\main.c                       0x00000000   Number         0  main.o ABSOLUTE
    ..\Core\Src\stm32f1xx_hal_msp.c          0x00000000   Number         0  stm32f1xx_hal_msp.o ABSOLUTE
    ..\Core\Src\stm32f1xx_hal_timebase_tim.c 0x00000000   Number         0  stm32f1xx_hal_timebase_tim.o ABSOLUTE
    ..\Core\Src\stm32f1xx_it.c               0x00000000   Number         0  stm32f1xx_it.o ABSOLUTE
    ..\Core\Src\system_stm32f1xx.c           0x00000000   Number         0  system_stm32f1xx.o ABSOLUTE
    ..\Core\Src\tim.c                        0x00000000   Number         0  tim.o ABSOLUTE
    ..\Core\Src\usart.c                      0x00000000   Number         0  usart.o ABSOLUTE
    ..\Drivers\STM32F1xx_HAL_Driver\Src\stm32f1xx_hal.c 0x00000000   Number         0  stm32f1xx_hal.o ABSOLUTE
    ..\Drivers\STM32F1xx_HAL_Driver\Src\stm32f1xx_hal_cortex.c 0x00000000   Number         0  stm32f1xx_hal_cortex.o ABSOLUTE
    ..\Drivers\STM32F1xx_HAL_Driver\Src\stm32f1xx_hal_dma.c 0x00000000   Number         0  stm32f1xx_hal_dma.o ABSOLUTE
    ..\Drivers\STM32F1xx_HAL_Driver\Src\stm32f1xx_hal_exti.c 0x00000000   Number         0  stm32f1xx_hal_exti.o ABSOLUTE
    ..\Drivers\STM32F1xx_HAL_Driver\Src\stm32f1xx_hal_flash.c 0x00000000   Number         0  stm32f1xx_hal_flash.o ABSOLUTE
    ..\Drivers\STM32F1xx_HAL_Driver\Src\stm32f1xx_hal_flash_ex.c 0x00000000   Number         0  stm32f1xx_hal_flash_ex.o ABSOLUTE
    ..\Drivers\STM32F1xx_HAL_Driver\Src\stm32f1xx_hal_gpio.c 0x00000000   Number         0  stm32f1xx_hal_gpio.o ABSOLUTE
    ..\Drivers\STM32F1xx_HAL_Driver\Src\stm32f1xx_hal_gpio_ex.c 0x00000000   Number         0  stm32f1xx_hal_gpio_ex.o ABSOLUTE
    ..\Drivers\STM32F1xx_HAL_Driver\Src\stm32f1xx_hal_pwr.c 0x00000000   Number         0  stm32f1xx_hal_pwr.o ABSOLUTE
    ..\Drivers\STM32F1xx_HAL_Driver\Src\stm32f1xx_hal_rcc.c 0x00000000   Number         0  stm32f1xx_hal_rcc.o ABSOLUTE
    ..\Drivers\STM32F1xx_HAL_Driver\Src\stm32f1xx_hal_rcc_ex.c 0x00000000   Number         0  stm32f1xx_hal_rcc_ex.o ABSOLUTE
    ..\Drivers\STM32F1xx_HAL_Driver\Src\stm32f1xx_hal_tim.c 0x00000000   Number         0  stm32f1xx_hal_tim.o ABSOLUTE
    ..\Drivers\STM32F1xx_HAL_Driver\Src\stm32f1xx_hal_tim_ex.c 0x00000000   Number         0  stm32f1xx_hal_tim_ex.o ABSOLUTE
    ..\Drivers\STM32F1xx_HAL_Driver\Src\stm32f1xx_hal_uart.c 0x00000000   Number         0  stm32f1xx_hal_uart.o ABSOLUTE
    ..\HARDWAERE\Encoder\Encoder.c           0x00000000   Number         0  encoder.o ABSOLUTE
    ..\HARDWAERE\KEY\key.c                   0x00000000   Number         0  key.o ABSOLUTE
    ..\HARDWAERE\delay\delay.c               0x00000000   Number         0  delay.o ABSOLUTE
    ..\Middlewares\Third_Party\FreeRTOS\Source\CMSIS_RTOS\cmsis_os.c 0x00000000   Number         0  cmsis_os.o ABSOLUTE
    ..\Middlewares\Third_Party\FreeRTOS\Source\portable\RVDS\ARM_CM3\port.c 0x00000000   Number         0  port.o ABSOLUTE
    ..\\HARDWAERE\\Encoder\\Encoder.c        0x00000000   Number         0  encoder.o ABSOLUTE
    ..\\HARDWAERE\\KEY\\key.c                0x00000000   Number         0  key.o ABSOLUTE
    ..\\HARDWAERE\\delay\\delay.c            0x00000000   Number         0  delay.o ABSOLUTE
    cdrcmple.s                               0x00000000   Number         0  cdrcmple.o ABSOLUTE
    dc.s                                     0x00000000   Number         0  dc.o ABSOLUTE
    handlers.s                               0x00000000   Number         0  handlers.o ABSOLUTE
    init.s                                   0x00000000   Number         0  init.o ABSOLUTE
    startup_stm32f103xe.s                    0x00000000   Number         0  startup_stm32f103xe.o ABSOLUTE
    RESET                                    0x08000000   Section      304  startup_stm32f103xe.o(RESET)
    .ARM.Collect$$$$00000000                 0x08000130   Section        0  entry.o(.ARM.Collect$$$$00000000)
    .ARM.Collect$$$$00000001                 0x08000130   Section        4  entry2.o(.ARM.Collect$$$$00000001)
    .ARM.Collect$$$$00000004                 0x08000134   Section        4  entry5.o(.ARM.Collect$$$$00000004)
    .ARM.Collect$$$$00000008                 0x08000138   Section        0  entry7b.o(.ARM.Collect$$$$00000008)
    .ARM.Collect$$$$0000000A                 0x08000138   Section        0  entry8b.o(.ARM.Collect$$$$0000000A)
    .ARM.Collect$$$$0000000B                 0x08000138   Section        8  entry9a.o(.ARM.Collect$$$$0000000B)
    .ARM.Collect$$$$0000000E                 0x08000140   Section        4  entry12b.o(.ARM.Collect$$$$0000000E)
    .ARM.Collect$$$$0000000F                 0x08000144   Section        0  entry10a.o(.ARM.Collect$$$$0000000F)
    .ARM.Collect$$$$00000011                 0x08000144   Section        0  entry11a.o(.ARM.Collect$$$$00000011)
    .ARM.Collect$$$$00002712                 0x08000144   Section        4  entry2.o(.ARM.Collect$$$$00002712)
    __lit__00000000                          0x08000144   Data           4  entry2.o(.ARM.Collect$$$$00002712)
    .emb_text                                0x08000148   Section      150  port.o(.emb_text)
    .text                                    0x080001e0   Section       36  startup_stm32f103xe.o(.text)
    .text                                    0x08000204   Section        0  llushr.o(.text)
    .text                                    0x08000224   Section        0  memcpya.o(.text)
    .text                                    0x08000248   Section        0  memseta.o(.text)
    .text                                    0x0800026c   Section        0  strstr.o(.text)
    .text                                    0x08000290   Section        0  dmul.o(.text)
    .text                                    0x08000374   Section        0  ddiv.o(.text)
    .text                                    0x08000452   Section        0  dflti.o(.text)
    .text                                    0x08000474   Section        0  dfixi.o(.text)
    .text                                    0x080004b2   Section        0  f2d.o(.text)
    .text                                    0x080004d8   Section        0  d2f.o(.text)
    .text                                    0x08000510   Section        0  uidiv.o(.text)
    .text                                    0x0800053c   Section        0  uldiv.o(.text)
    .text                                    0x0800059e   Section        0  fepilogue.o(.text)
    .text                                    0x0800059e   Section        0  iusefp.o(.text)
    .text                                    0x0800060c   Section        0  depilogue.o(.text)
    .text                                    0x080006c6   Section        0  dadd.o(.text)
    .text                                    0x08000814   Section        0  dfixul.o(.text)
    .text                                    0x08000844   Section       48  cdrcmple.o(.text)
    .text                                    0x08000874   Section       36  init.o(.text)
    .text                                    0x08000898   Section        0  llshl.o(.text)
    .text                                    0x080008b6   Section        0  llsshr.o(.text)
    i.BusFault_Handler                       0x080008da   Section        0  stm32f1xx_it.o(i.BusFault_Handler)
    i.DebugMon_Handler                       0x080008dc   Section        0  stm32f1xx_it.o(i.DebugMon_Handler)
    i.Encoder_Cnt_Location                   0x080008e0   Section        0  encoder.o(i.Encoder_Cnt_Location)
    i.Encoder_Start                          0x0800090c   Section        0  encoder.o(i.Encoder_Start)
    i.Error_Handler                          0x08000948   Section        0  main.o(i.Error_Handler)
    i.HAL_DMA_Abort                          0x0800094c   Section        0  stm32f1xx_hal_dma.o(i.HAL_DMA_Abort)
    i.HAL_DMA_Abort_IT                       0x08000994   Section        0  stm32f1xx_hal_dma.o(i.HAL_DMA_Abort_IT)
    i.HAL_Delay                              0x08000ac4   Section        0  delay.o(i.HAL_Delay)
    i.HAL_GPIO_Init                          0x08000adc   Section        0  stm32f1xx_hal_gpio.o(i.HAL_GPIO_Init)
    i.HAL_GPIO_WritePin                      0x08000cd4   Section        0  stm32f1xx_hal_gpio.o(i.HAL_GPIO_WritePin)
    i.HAL_GetTick                            0x08000ce0   Section        0  stm32f1xx_hal.o(i.HAL_GetTick)
    i.HAL_IncTick                            0x08000cec   Section        0  stm32f1xx_hal.o(i.HAL_IncTick)
    i.HAL_Init                               0x08000cfc   Section        0  stm32f1xx_hal.o(i.HAL_Init)
    i.HAL_InitTick                           0x08000d20   Section        0  stm32f1xx_hal_timebase_tim.o(i.HAL_InitTick)
    i.HAL_MspInit                            0x08000d94   Section        0  stm32f1xx_hal_msp.o(i.HAL_MspInit)
    i.HAL_NVIC_EnableIRQ                     0x08000ddc   Section        0  stm32f1xx_hal_cortex.o(i.HAL_NVIC_EnableIRQ)
    i.HAL_NVIC_SetPriority                   0x08000df8   Section        0  stm32f1xx_hal_cortex.o(i.HAL_NVIC_SetPriority)
    i.HAL_NVIC_SetPriorityGrouping           0x08000e38   Section        0  stm32f1xx_hal_cortex.o(i.HAL_NVIC_SetPriorityGrouping)
    i.HAL_RCC_ClockConfig                    0x08000e5c   Section        0  stm32f1xx_hal_rcc.o(i.HAL_RCC_ClockConfig)
    i.HAL_RCC_GetClockConfig                 0x08000f88   Section        0  stm32f1xx_hal_rcc.o(i.HAL_RCC_GetClockConfig)
    i.HAL_RCC_GetPCLK1Freq                   0x08000fc8   Section        0  stm32f1xx_hal_rcc.o(i.HAL_RCC_GetPCLK1Freq)
    i.HAL_RCC_GetPCLK2Freq                   0x08000fe8   Section        0  stm32f1xx_hal_rcc.o(i.HAL_RCC_GetPCLK2Freq)
    i.HAL_RCC_GetSysClockFreq                0x08001008   Section        0  stm32f1xx_hal_rcc.o(i.HAL_RCC_GetSysClockFreq)
    i.HAL_RCC_OscConfig                      0x08001054   Section        0  stm32f1xx_hal_rcc.o(i.HAL_RCC_OscConfig)
    i.HAL_TIMEx_BreakCallback                0x08001374   Section        0  stm32f1xx_hal_tim_ex.o(i.HAL_TIMEx_BreakCallback)
    i.HAL_TIMEx_CommutCallback               0x08001376   Section        0  stm32f1xx_hal_tim_ex.o(i.HAL_TIMEx_CommutCallback)
    i.HAL_TIMEx_MasterConfigSynchronization  0x08001378   Section        0  stm32f1xx_hal_tim_ex.o(i.HAL_TIMEx_MasterConfigSynchronization)
    i.HAL_TIM_Base_Init                      0x080013f4   Section        0  stm32f1xx_hal_tim.o(i.HAL_TIM_Base_Init)
    i.HAL_TIM_Base_MspInit                   0x08001450   Section        0  tim.o(i.HAL_TIM_Base_MspInit)
    i.HAL_TIM_Base_Start_IT                  0x0800148c   Section        0  stm32f1xx_hal_tim.o(i.HAL_TIM_Base_Start_IT)
    i.HAL_TIM_ConfigClockSource              0x080014f8   Section        0  stm32f1xx_hal_tim.o(i.HAL_TIM_ConfigClockSource)
    i.HAL_TIM_Encoder_Init                   0x080015d4   Section        0  stm32f1xx_hal_tim.o(i.HAL_TIM_Encoder_Init)
    i.HAL_TIM_Encoder_MspInit                0x08001678   Section        0  tim.o(i.HAL_TIM_Encoder_MspInit)
    i.HAL_TIM_Encoder_Start                  0x08001758   Section        0  stm32f1xx_hal_tim.o(i.HAL_TIM_Encoder_Start)
    i.HAL_TIM_Encoder_Start_IT               0x080017e6   Section        0  stm32f1xx_hal_tim.o(i.HAL_TIM_Encoder_Start_IT)
    i.HAL_TIM_IC_CaptureCallback             0x0800189c   Section        0  stm32f1xx_hal_tim.o(i.HAL_TIM_IC_CaptureCallback)
    i.HAL_TIM_IRQHandler                     0x0800189e   Section        0  stm32f1xx_hal_tim.o(i.HAL_TIM_IRQHandler)
    i.HAL_TIM_OC_DelayElapsedCallback        0x08001a04   Section        0  stm32f1xx_hal_tim.o(i.HAL_TIM_OC_DelayElapsedCallback)
    i.HAL_TIM_PWM_PulseFinishedCallback      0x08001a06   Section        0  stm32f1xx_hal_tim.o(i.HAL_TIM_PWM_PulseFinishedCallback)
    i.HAL_TIM_PeriodElapsedCallback          0x08001a08   Section        0  main.o(i.HAL_TIM_PeriodElapsedCallback)
    i.HAL_TIM_TriggerCallback                0x08001ac8   Section        0  stm32f1xx_hal_tim.o(i.HAL_TIM_TriggerCallback)
    i.HAL_UARTEx_RxEventCallback             0x08001aca   Section        0  stm32f1xx_hal_uart.o(i.HAL_UARTEx_RxEventCallback)
    i.HAL_UART_ErrorCallback                 0x08001acc   Section        0  stm32f1xx_hal_uart.o(i.HAL_UART_ErrorCallback)
    i.HAL_UART_IRQHandler                    0x08001ad0   Section        0  stm32f1xx_hal_uart.o(i.HAL_UART_IRQHandler)
    i.HAL_UART_Init                          0x08001d3c   Section        0  stm32f1xx_hal_uart.o(i.HAL_UART_Init)
    i.HAL_UART_MspInit                       0x08001da0   Section        0  usart.o(i.HAL_UART_MspInit)
    i.HAL_UART_Receive_IT                    0x08001ed4   Section        0  stm32f1xx_hal_uart.o(i.HAL_UART_Receive_IT)
    i.HAL_UART_RxCpltCallback                0x08001ef0   Section        0  usart.o(i.HAL_UART_RxCpltCallback)
    i.HAL_UART_Transmit                      0x08002004   Section        0  stm32f1xx_hal_uart.o(i.HAL_UART_Transmit)
    i.HAL_UART_TxCpltCallback                0x0800209e   Section        0  stm32f1xx_hal_uart.o(i.HAL_UART_TxCpltCallback)
    i.HardFault_Handler                      0x080020a0   Section        0  stm32f1xx_it.o(i.HardFault_Handler)
    i.Init_Function                          0x080020a4   Section        0  freertos.o(i.Init_Function)
    i.KEY_Scan                               0x080020d4   Section        0  key.o(i.KEY_Scan)
    i.LED_Function                           0x08002144   Section        0  freertos.o(i.LED_Function)
    i.MX_FREERTOS_Init                       0x080021c4   Section        0  freertos.o(i.MX_FREERTOS_Init)
    i.MX_GPIO_Init                           0x08002218   Section        0  gpio.o(i.MX_GPIO_Init)
    i.MX_TIM2_Init                           0x080022cc   Section        0  tim.o(i.MX_TIM2_Init)
    i.MX_TIM3_Init                           0x08002338   Section        0  tim.o(i.MX_TIM3_Init)
    i.MX_TIM4_Init                           0x080023a4   Section        0  tim.o(i.MX_TIM4_Init)
    i.MX_USART1_UART_Init                    0x0800240c   Section        0  usart.o(i.MX_USART1_UART_Init)
    i.MX_USART2_UART_Init                    0x08002444   Section        0  usart.o(i.MX_USART2_UART_Init)
    i.MX_USART3_UART_Init                    0x0800247c   Section        0  usart.o(i.MX_USART3_UART_Init)
    i.MemManage_Handler                      0x080024b4   Section        0  stm32f1xx_it.o(i.MemManage_Handler)
    i.Motp_Speed                             0x080024b8   Section        0  encoder.o(i.Motp_Speed)
    i.NMI_Handler                            0x080024e0   Section        0  stm32f1xx_it.o(i.NMI_Handler)
    i.Read_Speed                             0x080024e4   Section        0  encoder.o(i.Read_Speed)
    i.StartTaskKEY                           0x0800250c   Section        0  freertos.o(i.StartTaskKEY)
    i.SysTick_Handler                        0x08002538   Section        0  port.o(i.SysTick_Handler)
    i.SystemClock_Config                     0x08002564   Section        0  main.o(i.SystemClock_Config)
    i.SystemInit                             0x080025c2   Section        0  system_stm32f1xx.o(i.SystemInit)
    i.TIM1_UP_IRQHandler                     0x080025c4   Section        0  stm32f1xx_it.o(i.TIM1_UP_IRQHandler)
    i.TIM2_IRQHandler                        0x080025d0   Section        0  stm32f1xx_it.o(i.TIM2_IRQHandler)
    i.TIM3_IRQHandler                        0x080025dc   Section        0  stm32f1xx_it.o(i.TIM3_IRQHandler)
    i.TIM4_IRQHandler                        0x080025e8   Section        0  stm32f1xx_it.o(i.TIM4_IRQHandler)
    i.TIM_Base_SetConfig                     0x080025f4   Section        0  stm32f1xx_hal_tim.o(i.TIM_Base_SetConfig)
    i.TIM_CCxChannelCmd                      0x08002680   Section        0  stm32f1xx_hal_tim.o(i.TIM_CCxChannelCmd)
    i.TIM_ETR_SetConfig                      0x0800269a   Section        0  stm32f1xx_hal_tim.o(i.TIM_ETR_SetConfig)
    i.TIM_ITRx_SetConfig                     0x080026ae   Section        0  stm32f1xx_hal_tim.o(i.TIM_ITRx_SetConfig)
    TIM_ITRx_SetConfig                       0x080026af   Thumb Code    16  stm32f1xx_hal_tim.o(i.TIM_ITRx_SetConfig)
    i.TIM_TI1_ConfigInputStage               0x080026be   Section        0  stm32f1xx_hal_tim.o(i.TIM_TI1_ConfigInputStage)
    TIM_TI1_ConfigInputStage                 0x080026bf   Thumb Code    34  stm32f1xx_hal_tim.o(i.TIM_TI1_ConfigInputStage)
    i.TIM_TI2_ConfigInputStage               0x080026e0   Section        0  stm32f1xx_hal_tim.o(i.TIM_TI2_ConfigInputStage)
    TIM_TI2_ConfigInputStage                 0x080026e1   Thumb Code    36  stm32f1xx_hal_tim.o(i.TIM_TI2_ConfigInputStage)
    i.UART_DMAAbortOnError                   0x08002704   Section        0  stm32f1xx_hal_uart.o(i.UART_DMAAbortOnError)
    UART_DMAAbortOnError                     0x08002705   Thumb Code    16  stm32f1xx_hal_uart.o(i.UART_DMAAbortOnError)
    i.UART_EndRxTransfer                     0x08002714   Section        0  stm32f1xx_hal_uart.o(i.UART_EndRxTransfer)
    UART_EndRxTransfer                       0x08002715   Thumb Code    78  stm32f1xx_hal_uart.o(i.UART_EndRxTransfer)
    i.UART_Receive_IT                        0x08002762   Section        0  stm32f1xx_hal_uart.o(i.UART_Receive_IT)
    UART_Receive_IT                          0x08002763   Thumb Code   194  stm32f1xx_hal_uart.o(i.UART_Receive_IT)
    i.UART_SetConfig                         0x08002824   Section        0  stm32f1xx_hal_uart.o(i.UART_SetConfig)
    UART_SetConfig                           0x08002825   Thumb Code   178  stm32f1xx_hal_uart.o(i.UART_SetConfig)
    i.UART_Start_Receive_IT                  0x080028dc   Section        0  stm32f1xx_hal_uart.o(i.UART_Start_Receive_IT)
    i.UART_WaitOnFlagUntilTimeout            0x08002912   Section        0  stm32f1xx_hal_uart.o(i.UART_WaitOnFlagUntilTimeout)
    UART_WaitOnFlagUntilTimeout              0x08002913   Thumb Code   120  stm32f1xx_hal_uart.o(i.UART_WaitOnFlagUntilTimeout)
    i.USART1_IRQHandler                      0x0800298c   Section        0  stm32f1xx_it.o(i.USART1_IRQHandler)
    i.USART2_IRQHandler                      0x08002998   Section        0  stm32f1xx_it.o(i.USART2_IRQHandler)
    i.USART3_IRQHandler                      0x080029a4   Section        0  stm32f1xx_it.o(i.USART3_IRQHandler)
    i.UsageFault_Handler                     0x080029b0   Section        0  stm32f1xx_it.o(i.UsageFault_Handler)
    i.__0vsnprintf                           0x080029b4   Section        0  printfa.o(i.__0vsnprintf)
    i.__NVIC_SetPriority                     0x080029e8   Section        0  stm32f1xx_hal_cortex.o(i.__NVIC_SetPriority)
    __NVIC_SetPriority                       0x080029e9   Thumb Code    32  stm32f1xx_hal_cortex.o(i.__NVIC_SetPriority)
    i.__scatterload_copy                     0x08002a08   Section       14  handlers.o(i.__scatterload_copy)
    i.__scatterload_null                     0x08002a16   Section        2  handlers.o(i.__scatterload_null)
    i.__scatterload_zeroinit                 0x08002a18   Section       14  handlers.o(i.__scatterload_zeroinit)
    i._fp_digits                             0x08002a28   Section        0  printfa.o(i._fp_digits)
    _fp_digits                               0x08002a29   Thumb Code   366  printfa.o(i._fp_digits)
    i._printf_core                           0x08002bac   Section        0  printfa.o(i._printf_core)
    _printf_core                             0x08002bad   Thumb Code  1704  printfa.o(i._printf_core)
    i._printf_post_padding                   0x08003260   Section        0  printfa.o(i._printf_post_padding)
    _printf_post_padding                     0x08003261   Thumb Code    36  printfa.o(i._printf_post_padding)
    i._printf_pre_padding                    0x08003284   Section        0  printfa.o(i._printf_pre_padding)
    _printf_pre_padding                      0x08003285   Thumb Code    46  printfa.o(i._printf_pre_padding)
    i._snputc                                0x080032b2   Section        0  printfa.o(i._snputc)
    _snputc                                  0x080032b3   Thumb Code    22  printfa.o(i._snputc)
    i.main                                   0x080032c8   Section        0  main.o(i.main)
    i.makeFreeRtosPriority                   0x080032f6   Section        0  cmsis_os.o(i.makeFreeRtosPriority)
    makeFreeRtosPriority                     0x080032f7   Thumb Code    12  cmsis_os.o(i.makeFreeRtosPriority)
    i.my_printf                              0x08003304   Section        0  usart.o(i.my_printf)
    i.osDelay                                0x08003354   Section        0  cmsis_os.o(i.osDelay)
    i.osKernelStart                          0x08003362   Section        0  cmsis_os.o(i.osKernelStart)
    i.osThreadCreate                         0x0800336c   Section        0  cmsis_os.o(i.osThreadCreate)
    i.prvAddCurrentTaskToDelayedList         0x080033c0   Section        0  tasks.o(i.prvAddCurrentTaskToDelayedList)
    prvAddCurrentTaskToDelayedList           0x080033c1   Thumb Code   102  tasks.o(i.prvAddCurrentTaskToDelayedList)
    i.prvAddNewTaskToReadyList               0x08003430   Section        0  tasks.o(i.prvAddNewTaskToReadyList)
    prvAddNewTaskToReadyList                 0x08003431   Thumb Code   194  tasks.o(i.prvAddNewTaskToReadyList)
    i.prvDeleteTCB                           0x08003500   Section        0  tasks.o(i.prvDeleteTCB)
    prvDeleteTCB                             0x08003501   Thumb Code    52  tasks.o(i.prvDeleteTCB)
    i.prvHeapInit                            0x08003534   Section        0  heap_4.o(i.prvHeapInit)
    prvHeapInit                              0x08003535   Thumb Code    66  heap_4.o(i.prvHeapInit)
    i.prvIdleTask                            0x08003580   Section        0  tasks.o(i.prvIdleTask)
    prvIdleTask                              0x08003581   Thumb Code    82  tasks.o(i.prvIdleTask)
    i.prvInitialiseNewTask                   0x080035e0   Section        0  tasks.o(i.prvInitialiseNewTask)
    prvInitialiseNewTask                     0x080035e1   Thumb Code   142  tasks.o(i.prvInitialiseNewTask)
    i.prvInsertBlockIntoFreeList             0x08003670   Section        0  heap_4.o(i.prvInsertBlockIntoFreeList)
    prvInsertBlockIntoFreeList               0x08003671   Thumb Code    72  heap_4.o(i.prvInsertBlockIntoFreeList)
    i.prvResetNextTaskUnblockTime            0x080036bc   Section        0  tasks.o(i.prvResetNextTaskUnblockTime)
    prvResetNextTaskUnblockTime              0x080036bd   Thumb Code    26  tasks.o(i.prvResetNextTaskUnblockTime)
    i.prvTaskExitError                       0x080036dc   Section        0  port.o(i.prvTaskExitError)
    prvTaskExitError                         0x080036dd   Thumb Code    36  port.o(i.prvTaskExitError)
    i.pvPortMalloc                           0x08003704   Section        0  heap_4.o(i.pvPortMalloc)
    i.pxPortInitialiseStack                  0x080037dc   Section        0  port.o(i.pxPortInitialiseStack)
    i.u1_printf                              0x08003800   Section        0  usart.o(i.u1_printf)
    i.uxListRemove                           0x08003808   Section        0  list.o(i.uxListRemove)
    i.vApplicationGetIdleTaskMemory          0x08003830   Section        0  freertos.o(i.vApplicationGetIdleTaskMemory)
    i.vListInitialise                        0x08003844   Section        0  list.o(i.vListInitialise)
    i.vListInitialiseItem                    0x0800385a   Section        0  list.o(i.vListInitialiseItem)
    i.vListInsert                            0x08003860   Section        0  list.o(i.vListInsert)
    i.vListInsertEnd                         0x08003890   Section        0  list.o(i.vListInsertEnd)
    i.vPortEnterCritical                     0x080038a8   Section        0  port.o(i.vPortEnterCritical)
    i.vPortExitCritical                      0x080038e8   Section        0  port.o(i.vPortExitCritical)
    i.vPortFree                              0x08003910   Section        0  heap_4.o(i.vPortFree)
    i.vPortSetupTimerInterrupt               0x0800396c   Section        0  port.o(i.vPortSetupTimerInterrupt)
    i.vTaskDelay                             0x08003990   Section        0  tasks.o(i.vTaskDelay)
    i.vTaskDelete                            0x080039dc   Section        0  tasks.o(i.vTaskDelete)
    i.vTaskStartScheduler                    0x08003a88   Section        0  tasks.o(i.vTaskStartScheduler)
    i.vTaskSuspendAll                        0x08003af4   Section        0  tasks.o(i.vTaskSuspendAll)
    i.vTaskSwitchContext                     0x08003b04   Section        0  tasks.o(i.vTaskSwitchContext)
    i.xPortStartScheduler                    0x08003b60   Section        0  port.o(i.xPortStartScheduler)
    i.xTaskCreate                            0x08003c08   Section        0  tasks.o(i.xTaskCreate)
    i.xTaskCreateStatic                      0x08003c62   Section        0  tasks.o(i.xTaskCreateStatic)
    i.xTaskIncrementTick                     0x08003cb8   Section        0  tasks.o(i.xTaskIncrementTick)
    i.xTaskResumeAll                         0x08003d80   Section        0  tasks.o(i.xTaskResumeAll)
    .constdata                               0x08003e44   Section       84  freertos.o(.constdata)
    .constdata                               0x08003e98   Section       18  stm32f1xx_hal_rcc.o(.constdata)
    aPredivFactorTable                       0x08003e98   Data           2  stm32f1xx_hal_rcc.o(.constdata)
    aPLLMULFactorTable                       0x08003e9a   Data          16  stm32f1xx_hal_rcc.o(.constdata)
    .constdata                               0x08003eaa   Section       16  system_stm32f1xx.o(.constdata)
    .constdata                               0x08003eba   Section        8  system_stm32f1xx.o(.constdata)
    .conststring                             0x08003ec4   Section       34  freertos.o(.conststring)
    .data                                    0x20000000   Section       12  main.o(.data)
    .data                                    0x2000000c   Section       12  freertos.o(.data)
    .data                                    0x20000018   Section        6  usart.o(.data)
    .data                                    0x20000020   Section       12  stm32f1xx_hal.o(.data)
    .data                                    0x2000002c   Section        4  system_stm32f1xx.o(.data)
    .data                                    0x20000030   Section       60  tasks.o(.data)
    pxDelayedTaskList                        0x20000034   Data           4  tasks.o(.data)
    pxOverflowDelayedTaskList                0x20000038   Data           4  tasks.o(.data)
    uxDeletedTasksWaitingCleanUp             0x2000003c   Data           4  tasks.o(.data)
    uxCurrentNumberOfTasks                   0x20000040   Data           4  tasks.o(.data)
    xTickCount                               0x20000044   Data           4  tasks.o(.data)
    uxTopReadyPriority                       0x20000048   Data           4  tasks.o(.data)
    xSchedulerRunning                        0x2000004c   Data           4  tasks.o(.data)
    uxPendedTicks                            0x20000050   Data           4  tasks.o(.data)
    xYieldPending                            0x20000054   Data           4  tasks.o(.data)
    xNumOfOverflows                          0x20000058   Data           4  tasks.o(.data)
    uxTaskNumber                             0x2000005c   Data           4  tasks.o(.data)
    xNextTaskUnblockTime                     0x20000060   Data           4  tasks.o(.data)
    xIdleTaskHandle                          0x20000064   Data           4  tasks.o(.data)
    uxSchedulerSuspended                     0x20000068   Data           4  tasks.o(.data)
    .data                                    0x2000006c   Section       24  heap_4.o(.data)
    pxEnd                                    0x2000006c   Data           4  heap_4.o(.data)
    xFreeBytesRemaining                      0x20000070   Data           4  heap_4.o(.data)
    xMinimumEverFreeBytesRemaining           0x20000074   Data           4  heap_4.o(.data)
    xBlockAllocatedBit                       0x20000078   Data           4  heap_4.o(.data)
    xStart                                   0x2000007c   Data           8  heap_4.o(.data)
    .data                                    0x20000084   Section       12  port.o(.data)
    ucMaxSysCallPriority                     0x20000084   Data           1  port.o(.data)
    uxCriticalNesting                        0x20000088   Data           4  port.o(.data)
    ulMaxPRIGROUPValue                       0x2000008c   Data           4  port.o(.data)
    .data                                    0x20000090   Section        1  key.o(.data)
    key_up                                   0x20000090   Data           1  key.o(.data)
    .data                                    0x20000094   Section        4  encoder.o(.data)
    .data                                    0x20000098   Section        4  encoder.o(.data)
    .bss                                     0x2000009c   Section      596  freertos.o(.bss)
    xIdleTaskTCBBuffer                       0x2000009c   Data          84  freertos.o(.bss)
    xIdleStack                               0x200000f0   Data         512  freertos.o(.bss)
    .bss                                     0x200002f0   Section      216  tim.o(.bss)
    .bss                                     0x200003c8   Section      728  usart.o(.bss)
    .bss                                     0x200006a0   Section       72  stm32f1xx_hal_timebase_tim.o(.bss)
    .bss                                     0x200006e8   Section      240  tasks.o(.bss)
    pxReadyTasksLists                        0x200006e8   Data         140  tasks.o(.bss)
    xDelayedTaskList1                        0x20000774   Data          20  tasks.o(.bss)
    xDelayedTaskList2                        0x20000788   Data          20  tasks.o(.bss)
    xPendingReadyList                        0x2000079c   Data          20  tasks.o(.bss)
    xTasksWaitingTermination                 0x200007b0   Data          20  tasks.o(.bss)
    xSuspendedTaskList                       0x200007c4   Data          20  tasks.o(.bss)
    .bss                                     0x200007d8   Section     3072  heap_4.o(.bss)
    ucHeap                                   0x200007d8   Data        3072  heap_4.o(.bss)
    STACK                                    0x200013d8   Section     1024  startup_stm32f103xe.o(STACK)

    Global Symbols

    Symbol Name                              Value     Ov Type        Size  Object(Section)

    BuildAttributes$$THM_ISAv4$P$D$K$B$S$PE$A:L22UL41UL21$X:L11$S22US41US21$IEEE1$IW$USESV6$~STKCKD$USESV7$~SHL$OTIME$ROPI$EBA8$MICROLIB$REQ8$PRES8$EABIv2 0x00000000   Number         0  anon$$obj.o ABSOLUTE
    __ARM_use_no_argv                        0x00000000   Number         0  main.o ABSOLUTE
    __arm_fini_                               - Undefined Weak Reference
    __cpp_initialize__aeabi_                  - Undefined Weak Reference
    __cxa_finalize                            - Undefined Weak Reference
    __decompress                              - Undefined Weak Reference
    _clock_init                               - Undefined Weak Reference
    _microlib_exit                            - Undefined Weak Reference
    __Vectors_Size                           0x00000130   Number         0  startup_stm32f103xe.o ABSOLUTE
    __Vectors                                0x08000000   Data           4  startup_stm32f103xe.o(RESET)
    __Vectors_End                            0x08000130   Data           0  startup_stm32f103xe.o(RESET)
    __main                                   0x08000131   Thumb Code     0  entry.o(.ARM.Collect$$$$00000000)
    _main_stk                                0x08000131   Thumb Code     0  entry2.o(.ARM.Collect$$$$00000001)
    _main_scatterload                        0x08000135   Thumb Code     0  entry5.o(.ARM.Collect$$$$00000004)
    __main_after_scatterload                 0x08000139   Thumb Code     0  entry5.o(.ARM.Collect$$$$00000004)
    _main_clock                              0x08000139   Thumb Code     0  entry7b.o(.ARM.Collect$$$$00000008)
    _main_cpp_init                           0x08000139   Thumb Code     0  entry8b.o(.ARM.Collect$$$$0000000A)
    _main_init                               0x08000139   Thumb Code     0  entry9a.o(.ARM.Collect$$$$0000000B)
    __rt_lib_shutdown_fini                   0x08000141   Thumb Code     0  entry12b.o(.ARM.Collect$$$$0000000E)
    __rt_final_cpp                           0x08000145   Thumb Code     0  entry10a.o(.ARM.Collect$$$$0000000F)
    __rt_final_exit                          0x08000145   Thumb Code     0  entry11a.o(.ARM.Collect$$$$00000011)
    SVC_Handler                              0x08000149   Thumb Code    32  port.o(.emb_text)
    __asm___6_port_c_39a90d8d__prvStartFirstTask 0x0800016d   Thumb Code    28  port.o(.emb_text)
    PendSV_Handler                           0x0800018d   Thumb Code    72  port.o(.emb_text)
    vPortGetIPSR                             0x080001d9   Thumb Code     6  port.o(.emb_text)
    Reset_Handler                            0x080001e1   Thumb Code     8  startup_stm32f103xe.o(.text)
    ADC1_2_IRQHandler                        0x080001fb   Thumb Code     0  startup_stm32f103xe.o(.text)
    ADC3_IRQHandler                          0x080001fb   Thumb Code     0  startup_stm32f103xe.o(.text)
    CAN1_RX1_IRQHandler                      0x080001fb   Thumb Code     0  startup_stm32f103xe.o(.text)
    CAN1_SCE_IRQHandler                      0x080001fb   Thumb Code     0  startup_stm32f103xe.o(.text)
    DMA1_Channel1_IRQHandler                 0x080001fb   Thumb Code     0  startup_stm32f103xe.o(.text)
    DMA1_Channel2_IRQHandler                 0x080001fb   Thumb Code     0  startup_stm32f103xe.o(.text)
    DMA1_Channel3_IRQHandler                 0x080001fb   Thumb Code     0  startup_stm32f103xe.o(.text)
    DMA1_Channel4_IRQHandler                 0x080001fb   Thumb Code     0  startup_stm32f103xe.o(.text)
    DMA1_Channel5_IRQHandler                 0x080001fb   Thumb Code     0  startup_stm32f103xe.o(.text)
    DMA1_Channel6_IRQHandler                 0x080001fb   Thumb Code     0  startup_stm32f103xe.o(.text)
    DMA1_Channel7_IRQHandler                 0x080001fb   Thumb Code     0  startup_stm32f103xe.o(.text)
    DMA2_Channel1_IRQHandler                 0x080001fb   Thumb Code     0  startup_stm32f103xe.o(.text)
    DMA2_Channel2_IRQHandler                 0x080001fb   Thumb Code     0  startup_stm32f103xe.o(.text)
    DMA2_Channel3_IRQHandler                 0x080001fb   Thumb Code     0  startup_stm32f103xe.o(.text)
    DMA2_Channel4_5_IRQHandler               0x080001fb   Thumb Code     0  startup_stm32f103xe.o(.text)
    EXTI0_IRQHandler                         0x080001fb   Thumb Code     0  startup_stm32f103xe.o(.text)
    EXTI15_10_IRQHandler                     0x080001fb   Thumb Code     0  startup_stm32f103xe.o(.text)
    EXTI1_IRQHandler                         0x080001fb   Thumb Code     0  startup_stm32f103xe.o(.text)
    EXTI2_IRQHandler                         0x080001fb   Thumb Code     0  startup_stm32f103xe.o(.text)
    EXTI3_IRQHandler                         0x080001fb   Thumb Code     0  startup_stm32f103xe.o(.text)
    EXTI4_IRQHandler                         0x080001fb   Thumb Code     0  startup_stm32f103xe.o(.text)
    EXTI9_5_IRQHandler                       0x080001fb   Thumb Code     0  startup_stm32f103xe.o(.text)
    FLASH_IRQHandler                         0x080001fb   Thumb Code     0  startup_stm32f103xe.o(.text)
    FSMC_IRQHandler                          0x080001fb   Thumb Code     0  startup_stm32f103xe.o(.text)
    I2C1_ER_IRQHandler                       0x080001fb   Thumb Code     0  startup_stm32f103xe.o(.text)
    I2C1_EV_IRQHandler                       0x080001fb   Thumb Code     0  startup_stm32f103xe.o(.text)
    I2C2_ER_IRQHandler                       0x080001fb   Thumb Code     0  startup_stm32f103xe.o(.text)
    I2C2_EV_IRQHandler                       0x080001fb   Thumb Code     0  startup_stm32f103xe.o(.text)
    PVD_IRQHandler                           0x080001fb   Thumb Code     0  startup_stm32f103xe.o(.text)
    RCC_IRQHandler                           0x080001fb   Thumb Code     0  startup_stm32f103xe.o(.text)
    RTC_Alarm_IRQHandler                     0x080001fb   Thumb Code     0  startup_stm32f103xe.o(.text)
    RTC_IRQHandler                           0x080001fb   Thumb Code     0  startup_stm32f103xe.o(.text)
    SDIO_IRQHandler                          0x080001fb   Thumb Code     0  startup_stm32f103xe.o(.text)
    SPI1_IRQHandler                          0x080001fb   Thumb Code     0  startup_stm32f103xe.o(.text)
    SPI2_IRQHandler                          0x080001fb   Thumb Code     0  startup_stm32f103xe.o(.text)
    SPI3_IRQHandler                          0x080001fb   Thumb Code     0  startup_stm32f103xe.o(.text)
    TAMPER_IRQHandler                        0x080001fb   Thumb Code     0  startup_stm32f103xe.o(.text)
    TIM1_BRK_IRQHandler                      0x080001fb   Thumb Code     0  startup_stm32f103xe.o(.text)
    TIM1_CC_IRQHandler                       0x080001fb   Thumb Code     0  startup_stm32f103xe.o(.text)
    TIM1_TRG_COM_IRQHandler                  0x080001fb   Thumb Code     0  startup_stm32f103xe.o(.text)
    TIM5_IRQHandler                          0x080001fb   Thumb Code     0  startup_stm32f103xe.o(.text)
    TIM6_IRQHandler                          0x080001fb   Thumb Code     0  startup_stm32f103xe.o(.text)
    TIM7_IRQHandler                          0x080001fb   Thumb Code     0  startup_stm32f103xe.o(.text)
    TIM8_BRK_IRQHandler                      0x080001fb   Thumb Code     0  startup_stm32f103xe.o(.text)
    TIM8_CC_IRQHandler                       0x080001fb   Thumb Code     0  startup_stm32f103xe.o(.text)
    TIM8_TRG_COM_IRQHandler                  0x080001fb   Thumb Code     0  startup_stm32f103xe.o(.text)
    TIM8_UP_IRQHandler                       0x080001fb   Thumb Code     0  startup_stm32f103xe.o(.text)
    UART4_IRQHandler                         0x080001fb   Thumb Code     0  startup_stm32f103xe.o(.text)
    UART5_IRQHandler                         0x080001fb   Thumb Code     0  startup_stm32f103xe.o(.text)
    USBWakeUp_IRQHandler                     0x080001fb   Thumb Code     0  startup_stm32f103xe.o(.text)
    USB_HP_CAN1_TX_IRQHandler                0x080001fb   Thumb Code     0  startup_stm32f103xe.o(.text)
    USB_LP_CAN1_RX0_IRQHandler               0x080001fb   Thumb Code     0  startup_stm32f103xe.o(.text)
    WWDG_IRQHandler                          0x080001fb   Thumb Code     0  startup_stm32f103xe.o(.text)
    __aeabi_llsr                             0x08000205   Thumb Code    32  llushr.o(.text)
    _ll_ushift_r                             0x08000205   Thumb Code     0  llushr.o(.text)
    __aeabi_memcpy                           0x08000225   Thumb Code    36  memcpya.o(.text)
    __aeabi_memcpy4                          0x08000225   Thumb Code     0  memcpya.o(.text)
    __aeabi_memcpy8                          0x08000225   Thumb Code     0  memcpya.o(.text)
    __aeabi_memset                           0x08000249   Thumb Code    14  memseta.o(.text)
    __aeabi_memset4                          0x08000249   Thumb Code     0  memseta.o(.text)
    __aeabi_memset8                          0x08000249   Thumb Code     0  memseta.o(.text)
    __aeabi_memclr                           0x08000257   Thumb Code     4  memseta.o(.text)
    __aeabi_memclr4                          0x08000257   Thumb Code     0  memseta.o(.text)
    __aeabi_memclr8                          0x08000257   Thumb Code     0  memseta.o(.text)
    memset                                   0x0800025b   Thumb Code    18  memseta.o(.text)
    strstr                                   0x0800026d   Thumb Code    36  strstr.o(.text)
    __aeabi_dmul                             0x08000291   Thumb Code   228  dmul.o(.text)
    __aeabi_ddiv                             0x08000375   Thumb Code   222  ddiv.o(.text)
    __aeabi_i2d                              0x08000453   Thumb Code    34  dflti.o(.text)
    __aeabi_d2iz                             0x08000475   Thumb Code    62  dfixi.o(.text)
    __aeabi_f2d                              0x080004b3   Thumb Code    38  f2d.o(.text)
    __aeabi_d2f                              0x080004d9   Thumb Code    56  d2f.o(.text)
    __aeabi_uidiv                            0x08000511   Thumb Code     0  uidiv.o(.text)
    __aeabi_uidivmod                         0x08000511   Thumb Code    44  uidiv.o(.text)
    __aeabi_uldivmod                         0x0800053d   Thumb Code    98  uldiv.o(.text)
    __I$use$fp                               0x0800059f   Thumb Code     0  iusefp.o(.text)
    _float_round                             0x0800059f   Thumb Code    18  fepilogue.o(.text)
    _float_epilogue                          0x080005b1   Thumb Code    92  fepilogue.o(.text)
    _double_round                            0x0800060d   Thumb Code    30  depilogue.o(.text)
    _double_epilogue                         0x0800062b   Thumb Code   156  depilogue.o(.text)
    __aeabi_dadd                             0x080006c7   Thumb Code   322  dadd.o(.text)
    __aeabi_dsub                             0x08000809   Thumb Code     6  dadd.o(.text)
    __aeabi_drsub                            0x0800080f   Thumb Code     6  dadd.o(.text)
    __aeabi_d2ulz                            0x08000815   Thumb Code    48  dfixul.o(.text)
    __aeabi_cdrcmple                         0x08000845   Thumb Code    48  cdrcmple.o(.text)
    __scatterload                            0x08000875   Thumb Code    28  init.o(.text)
    __scatterload_rt2                        0x08000875   Thumb Code     0  init.o(.text)
    __aeabi_llsl                             0x08000899   Thumb Code    30  llshl.o(.text)
    _ll_shift_l                              0x08000899   Thumb Code     0  llshl.o(.text)
    __aeabi_lasr                             0x080008b7   Thumb Code    36  llsshr.o(.text)
    _ll_sshift_r                             0x080008b7   Thumb Code     0  llsshr.o(.text)
    BusFault_Handler                         0x080008db   Thumb Code     2  stm32f1xx_it.o(i.BusFault_Handler)
    DebugMon_Handler                         0x080008dd   Thumb Code     2  stm32f1xx_it.o(i.DebugMon_Handler)
    Encoder_Cnt_Location                     0x080008e1   Thumb Code    30  encoder.o(i.Encoder_Cnt_Location)
    Encoder_Start                            0x0800090d   Thumb Code    52  encoder.o(i.Encoder_Start)
    Error_Handler                            0x08000949   Thumb Code     4  main.o(i.Error_Handler)
    HAL_DMA_Abort                            0x0800094d   Thumb Code    70  stm32f1xx_hal_dma.o(i.HAL_DMA_Abort)
    HAL_DMA_Abort_IT                         0x08000995   Thumb Code   296  stm32f1xx_hal_dma.o(i.HAL_DMA_Abort_IT)
    HAL_Delay                                0x08000ac5   Thumb Code    24  delay.o(i.HAL_Delay)
    HAL_GPIO_Init                            0x08000add   Thumb Code   462  stm32f1xx_hal_gpio.o(i.HAL_GPIO_Init)
    HAL_GPIO_WritePin                        0x08000cd5   Thumb Code    10  stm32f1xx_hal_gpio.o(i.HAL_GPIO_WritePin)
    HAL_GetTick                              0x08000ce1   Thumb Code     6  stm32f1xx_hal.o(i.HAL_GetTick)
    HAL_IncTick                              0x08000ced   Thumb Code    12  stm32f1xx_hal.o(i.HAL_IncTick)
    HAL_Init                                 0x08000cfd   Thumb Code    32  stm32f1xx_hal.o(i.HAL_Init)
    HAL_InitTick                             0x08000d21   Thumb Code    98  stm32f1xx_hal_timebase_tim.o(i.HAL_InitTick)
    HAL_MspInit                              0x08000d95   Thumb Code    62  stm32f1xx_hal_msp.o(i.HAL_MspInit)
    HAL_NVIC_EnableIRQ                       0x08000ddd   Thumb Code    26  stm32f1xx_hal_cortex.o(i.HAL_NVIC_EnableIRQ)
    HAL_NVIC_SetPriority                     0x08000df9   Thumb Code    60  stm32f1xx_hal_cortex.o(i.HAL_NVIC_SetPriority)
    HAL_NVIC_SetPriorityGrouping             0x08000e39   Thumb Code    26  stm32f1xx_hal_cortex.o(i.HAL_NVIC_SetPriorityGrouping)
    HAL_RCC_ClockConfig                      0x08000e5d   Thumb Code   280  stm32f1xx_hal_rcc.o(i.HAL_RCC_ClockConfig)
    HAL_RCC_GetClockConfig                   0x08000f89   Thumb Code    54  stm32f1xx_hal_rcc.o(i.HAL_RCC_GetClockConfig)
    HAL_RCC_GetPCLK1Freq                     0x08000fc9   Thumb Code    20  stm32f1xx_hal_rcc.o(i.HAL_RCC_GetPCLK1Freq)
    HAL_RCC_GetPCLK2Freq                     0x08000fe9   Thumb Code    20  stm32f1xx_hal_rcc.o(i.HAL_RCC_GetPCLK2Freq)
    HAL_RCC_GetSysClockFreq                  0x08001009   Thumb Code    58  stm32f1xx_hal_rcc.o(i.HAL_RCC_GetSysClockFreq)
    HAL_RCC_OscConfig                        0x08001055   Thumb Code   778  stm32f1xx_hal_rcc.o(i.HAL_RCC_OscConfig)
    HAL_TIMEx_BreakCallback                  0x08001375   Thumb Code     2  stm32f1xx_hal_tim_ex.o(i.HAL_TIMEx_BreakCallback)
    HAL_TIMEx_CommutCallback                 0x08001377   Thumb Code     2  stm32f1xx_hal_tim_ex.o(i.HAL_TIMEx_CommutCallback)
    HAL_TIMEx_MasterConfigSynchronization    0x08001379   Thumb Code   104  stm32f1xx_hal_tim_ex.o(i.HAL_TIMEx_MasterConfigSynchronization)
    HAL_TIM_Base_Init                        0x080013f5   Thumb Code    90  stm32f1xx_hal_tim.o(i.HAL_TIM_Base_Init)
    HAL_TIM_Base_MspInit                     0x08001451   Thumb Code    50  tim.o(i.HAL_TIM_Base_MspInit)
    HAL_TIM_Base_Start_IT                    0x0800148d   Thumb Code    88  stm32f1xx_hal_tim.o(i.HAL_TIM_Base_Start_IT)
    HAL_TIM_ConfigClockSource                0x080014f9   Thumb Code   220  stm32f1xx_hal_tim.o(i.HAL_TIM_ConfigClockSource)
    HAL_TIM_Encoder_Init                     0x080015d5   Thumb Code   164  stm32f1xx_hal_tim.o(i.HAL_TIM_Encoder_Init)
    HAL_TIM_Encoder_MspInit                  0x08001679   Thumb Code   204  tim.o(i.HAL_TIM_Encoder_MspInit)
    HAL_TIM_Encoder_Start                    0x08001759   Thumb Code   142  stm32f1xx_hal_tim.o(i.HAL_TIM_Encoder_Start)
    HAL_TIM_Encoder_Start_IT                 0x080017e7   Thumb Code   182  stm32f1xx_hal_tim.o(i.HAL_TIM_Encoder_Start_IT)
    HAL_TIM_IC_CaptureCallback               0x0800189d   Thumb Code     2  stm32f1xx_hal_tim.o(i.HAL_TIM_IC_CaptureCallback)
    HAL_TIM_IRQHandler                       0x0800189f   Thumb Code   358  stm32f1xx_hal_tim.o(i.HAL_TIM_IRQHandler)
    HAL_TIM_OC_DelayElapsedCallback          0x08001a05   Thumb Code     2  stm32f1xx_hal_tim.o(i.HAL_TIM_OC_DelayElapsedCallback)
    HAL_TIM_PWM_PulseFinishedCallback        0x08001a07   Thumb Code     2  stm32f1xx_hal_tim.o(i.HAL_TIM_PWM_PulseFinishedCallback)
    HAL_TIM_PeriodElapsedCallback            0x08001a09   Thumb Code   128  main.o(i.HAL_TIM_PeriodElapsedCallback)
    HAL_TIM_TriggerCallback                  0x08001ac9   Thumb Code     2  stm32f1xx_hal_tim.o(i.HAL_TIM_TriggerCallback)
    HAL_UARTEx_RxEventCallback               0x08001acb   Thumb Code     2  stm32f1xx_hal_uart.o(i.HAL_UARTEx_RxEventCallback)
    HAL_UART_ErrorCallback                   0x08001acd   Thumb Code     2  stm32f1xx_hal_uart.o(i.HAL_UART_ErrorCallback)
    HAL_UART_IRQHandler                      0x08001ad1   Thumb Code   616  stm32f1xx_hal_uart.o(i.HAL_UART_IRQHandler)
    HAL_UART_Init                            0x08001d3d   Thumb Code   100  stm32f1xx_hal_uart.o(i.HAL_UART_Init)
    HAL_UART_MspInit                         0x08001da1   Thumb Code   282  usart.o(i.HAL_UART_MspInit)
    HAL_UART_Receive_IT                      0x08001ed5   Thumb Code    28  stm32f1xx_hal_uart.o(i.HAL_UART_Receive_IT)
    HAL_UART_RxCpltCallback                  0x08001ef1   Thumb Code   210  usart.o(i.HAL_UART_RxCpltCallback)
    HAL_UART_Transmit                        0x08002005   Thumb Code   154  stm32f1xx_hal_uart.o(i.HAL_UART_Transmit)
    HAL_UART_TxCpltCallback                  0x0800209f   Thumb Code     2  stm32f1xx_hal_uart.o(i.HAL_UART_TxCpltCallback)
    HardFault_Handler                        0x080020a1   Thumb Code     2  stm32f1xx_it.o(i.HardFault_Handler)
    Init_Function                            0x080020a5   Thumb Code    36  freertos.o(i.Init_Function)
    KEY_Scan                                 0x080020d5   Thumb Code   102  key.o(i.KEY_Scan)
    LED_Function                             0x08002145   Thumb Code   100  freertos.o(i.LED_Function)
    MX_FREERTOS_Init                         0x080021c5   Thumb Code    74  freertos.o(i.MX_FREERTOS_Init)
    MX_GPIO_Init                             0x08002219   Thumb Code   168  gpio.o(i.MX_GPIO_Init)
    MX_TIM2_Init                             0x080022cd   Thumb Code   102  tim.o(i.MX_TIM2_Init)
    MX_TIM3_Init                             0x08002339   Thumb Code   100  tim.o(i.MX_TIM3_Init)
    MX_TIM4_Init                             0x080023a5   Thumb Code    94  tim.o(i.MX_TIM4_Init)
    MX_USART1_UART_Init                      0x0800240d   Thumb Code    48  usart.o(i.MX_USART1_UART_Init)
    MX_USART2_UART_Init                      0x08002445   Thumb Code    48  usart.o(i.MX_USART2_UART_Init)
    MX_USART3_UART_Init                      0x0800247d   Thumb Code    48  usart.o(i.MX_USART3_UART_Init)
    MemManage_Handler                        0x080024b5   Thumb Code     2  stm32f1xx_it.o(i.MemManage_Handler)
    Motp_Speed                               0x080024b9   Thumb Code    30  encoder.o(i.Motp_Speed)
    NMI_Handler                              0x080024e1   Thumb Code     2  stm32f1xx_it.o(i.NMI_Handler)
    Read_Speed                               0x080024e5   Thumb Code    30  encoder.o(i.Read_Speed)
    StartTaskKEY                             0x0800250d   Thumb Code    38  freertos.o(i.StartTaskKEY)
    SysTick_Handler                          0x08002539   Thumb Code    38  port.o(i.SysTick_Handler)
    SystemClock_Config                       0x08002565   Thumb Code    94  main.o(i.SystemClock_Config)
    SystemInit                               0x080025c3   Thumb Code     2  system_stm32f1xx.o(i.SystemInit)
    TIM1_UP_IRQHandler                       0x080025c5   Thumb Code     6  stm32f1xx_it.o(i.TIM1_UP_IRQHandler)
    TIM2_IRQHandler                          0x080025d1   Thumb Code     6  stm32f1xx_it.o(i.TIM2_IRQHandler)
    TIM3_IRQHandler                          0x080025dd   Thumb Code     6  stm32f1xx_it.o(i.TIM3_IRQHandler)
    TIM4_IRQHandler                          0x080025e9   Thumb Code     6  stm32f1xx_it.o(i.TIM4_IRQHandler)
    TIM_Base_SetConfig                       0x080025f5   Thumb Code   120  stm32f1xx_hal_tim.o(i.TIM_Base_SetConfig)
    TIM_CCxChannelCmd                        0x08002681   Thumb Code    26  stm32f1xx_hal_tim.o(i.TIM_CCxChannelCmd)
    TIM_ETR_SetConfig                        0x0800269b   Thumb Code    20  stm32f1xx_hal_tim.o(i.TIM_ETR_SetConfig)
    UART_Start_Receive_IT                    0x080028dd   Thumb Code    54  stm32f1xx_hal_uart.o(i.UART_Start_Receive_IT)
    USART1_IRQHandler                        0x0800298d   Thumb Code     6  stm32f1xx_it.o(i.USART1_IRQHandler)
    USART2_IRQHandler                        0x08002999   Thumb Code     6  stm32f1xx_it.o(i.USART2_IRQHandler)
    USART3_IRQHandler                        0x080029a5   Thumb Code     6  stm32f1xx_it.o(i.USART3_IRQHandler)
    UsageFault_Handler                       0x080029b1   Thumb Code     2  stm32f1xx_it.o(i.UsageFault_Handler)
    __0vsnprintf                             0x080029b5   Thumb Code    46  printfa.o(i.__0vsnprintf)
    __1vsnprintf                             0x080029b5   Thumb Code     0  printfa.o(i.__0vsnprintf)
    __2vsnprintf                             0x080029b5   Thumb Code     0  printfa.o(i.__0vsnprintf)
    __c89vsnprintf                           0x080029b5   Thumb Code     0  printfa.o(i.__0vsnprintf)
    vsnprintf                                0x080029b5   Thumb Code     0  printfa.o(i.__0vsnprintf)
    __scatterload_copy                       0x08002a09   Thumb Code    14  handlers.o(i.__scatterload_copy)
    __scatterload_null                       0x08002a17   Thumb Code     2  handlers.o(i.__scatterload_null)
    __scatterload_zeroinit                   0x08002a19   Thumb Code    14  handlers.o(i.__scatterload_zeroinit)
    main                                     0x080032c9   Thumb Code    46  main.o(i.main)
    my_printf                                0x08003305   Thumb Code    76  usart.o(i.my_printf)
    osDelay                                  0x08003355   Thumb Code    14  cmsis_os.o(i.osDelay)
    osKernelStart                            0x08003363   Thumb Code    10  cmsis_os.o(i.osKernelStart)
    osThreadCreate                           0x0800336d   Thumb Code    84  cmsis_os.o(i.osThreadCreate)
    pvPortMalloc                             0x08003705   Thumb Code   210  heap_4.o(i.pvPortMalloc)
    pxPortInitialiseStack                    0x080037dd   Thumb Code    32  port.o(i.pxPortInitialiseStack)
    u1_printf                                0x08003801   Thumb Code     8  usart.o(i.u1_printf)
    uxListRemove                             0x08003809   Thumb Code    38  list.o(i.uxListRemove)
    vApplicationGetIdleTaskMemory            0x08003831   Thumb Code    16  freertos.o(i.vApplicationGetIdleTaskMemory)
    vListInitialise                          0x08003845   Thumb Code    22  list.o(i.vListInitialise)
    vListInitialiseItem                      0x0800385b   Thumb Code     6  list.o(i.vListInitialiseItem)
    vListInsert                              0x08003861   Thumb Code    48  list.o(i.vListInsert)
    vListInsertEnd                           0x08003891   Thumb Code    24  list.o(i.vListInsertEnd)
    vPortEnterCritical                       0x080038a9   Thumb Code    54  port.o(i.vPortEnterCritical)
    vPortExitCritical                        0x080038e9   Thumb Code    34  port.o(i.vPortExitCritical)
    vPortFree                                0x08003911   Thumb Code    88  heap_4.o(i.vPortFree)
    vPortSetupTimerInterrupt                 0x0800396d   Thumb Code    32  port.o(i.vPortSetupTimerInterrupt)
    vTaskDelay                               0x08003991   Thumb Code    66  tasks.o(i.vTaskDelay)
    vTaskDelete                              0x080039dd   Thumb Code   158  tasks.o(i.vTaskDelete)
    vTaskStartScheduler                      0x08003a89   Thumb Code    90  tasks.o(i.vTaskStartScheduler)
    vTaskSuspendAll                          0x08003af5   Thumb Code    10  tasks.o(i.vTaskSuspendAll)
    vTaskSwitchContext                       0x08003b05   Thumb Code    82  tasks.o(i.vTaskSwitchContext)
    xPortStartScheduler                      0x08003b61   Thumb Code   154  port.o(i.xPortStartScheduler)
    xTaskCreate                              0x08003c09   Thumb Code    90  tasks.o(i.xTaskCreate)
    xTaskCreateStatic                        0x08003c63   Thumb Code    86  tasks.o(i.xTaskCreateStatic)
    xTaskIncrementTick                       0x08003cb9   Thumb Code   192  tasks.o(i.xTaskIncrementTick)
    xTaskResumeAll                           0x08003d81   Thumb Code   182  tasks.o(i.xTaskResumeAll)
    AHBPrescTable                            0x08003eaa   Data          16  system_stm32f1xx.o(.constdata)
    APBPrescTable                            0x08003eba   Data           8  system_stm32f1xx.o(.constdata)
    Region$$Table$$Base                      0x08003ee8   Number         0  anon$$obj.o(Region$$Table)
    Region$$Table$$Limit                     0x08003f08   Number         0  anon$$obj.o(Region$$Table)
    cnt                                      0x20000000   Data           4  main.o(.data)
    x                                        0x20000004   Data           4  main.o(.data)
    y                                        0x20000008   Data           4  main.o(.data)
    Init_TaskHandle                          0x2000000c   Data           4  freertos.o(.data)
    LED_TaskHandle                           0x20000010   Data           4  freertos.o(.data)
    myTaskKEYHandle                          0x20000014   Data           4  freertos.o(.data)
    Uart1_Rx_Cnt                             0x20000018   Data           1  usart.o(.data)
    Uart1_Rx_Cnt2                            0x20000019   Data           1  usart.o(.data)
    aRxBuffer                                0x2000001a   Data           1  usart.o(.data)
    aRxBuffer2                               0x2000001b   Data           1  usart.o(.data)
    led_flag                                 0x2000001c   Data           2  usart.o(.data)
    uwTickFreq                               0x20000020   Data           1  stm32f1xx_hal.o(.data)
    uwTickPrio                               0x20000024   Data           4  stm32f1xx_hal.o(.data)
    uwTick                                   0x20000028   Data           4  stm32f1xx_hal.o(.data)
    SystemCoreClock                          0x2000002c   Data           4  system_stm32f1xx.o(.data)
    pxCurrentTCB                             0x20000030   Data           4  tasks.o(.data)
    Add_Encoder_Right                        0x20000094   Data           4  encoder.o(.data)
    Encoder_Right                            0x20000098   Data           4  encoder.o(.data)
    htim2                                    0x200002f0   Data          72  tim.o(.bss)
    htim3                                    0x20000338   Data          72  tim.o(.bss)
    htim4                                    0x20000380   Data          72  tim.o(.bss)
    RxBuffer                                 0x200003c8   Data         256  usart.o(.bss)
    RxBuffer2                                0x200004c8   Data         256  usart.o(.bss)
    huart1                                   0x200005c8   Data          72  usart.o(.bss)
    huart2                                   0x20000610   Data          72  usart.o(.bss)
    huart3                                   0x20000658   Data          72  usart.o(.bss)
    htim1                                    0x200006a0   Data          72  stm32f1xx_hal_timebase_tim.o(.bss)
    __initial_sp                             0x200017d8   Data           0  startup_stm32f103xe.o(STACK)



==============================================================================

Memory Map of the image

  Image Entry point : 0x08000131

  Load Region LR_IROM1 (Base: 0x08000000, Size: 0x00003fa4, Max: 0x00080000, ABSOLUTE)

    Execution Region ER_IROM1 (Base: 0x08000000, Size: 0x00003f08, Max: 0x00080000, ABSOLUTE)

    Base Addr    Size         Type   Attr      Idx    E Section Name        Object

    0x08000000   0x00000130   Data   RO            3    RESET               startup_stm32f103xe.o
    0x08000130   0x00000000   Code   RO         4423  * .ARM.Collect$$$$00000000  mc_w.l(entry.o)
    0x08000130   0x00000004   Code   RO         4480    .ARM.Collect$$$$00000001  mc_w.l(entry2.o)
    0x08000134   0x00000004   Code   RO         4483    .ARM.Collect$$$$00000004  mc_w.l(entry5.o)
    0x08000138   0x00000000   Code   RO         4485    .ARM.Collect$$$$00000008  mc_w.l(entry7b.o)
    0x08000138   0x00000000   Code   RO         4487    .ARM.Collect$$$$0000000A  mc_w.l(entry8b.o)
    0x08000138   0x00000008   Code   RO         4488    .ARM.Collect$$$$0000000B  mc_w.l(entry9a.o)
    0x08000140   0x00000004   Code   RO         4495    .ARM.Collect$$$$0000000E  mc_w.l(entry12b.o)
    0x08000144   0x00000000   Code   RO         4490    .ARM.Collect$$$$0000000F  mc_w.l(entry10a.o)
    0x08000144   0x00000000   Code   RO         4492    .ARM.Collect$$$$00000011  mc_w.l(entry11a.o)
    0x08000144   0x00000004   Code   RO         4481    .ARM.Collect$$$$00002712  mc_w.l(entry2.o)
    0x08000148   0x00000096   Code   RO         4208    .emb_text           port.o
    0x080001de   0x00000002   PAD
    0x080001e0   0x00000024   Code   RO            4    .text               startup_stm32f103xe.o
    0x08000204   0x00000020   Code   RO         4426    .text               mc_w.l(llushr.o)
    0x08000224   0x00000024   Code   RO         4428    .text               mc_w.l(memcpya.o)
    0x08000248   0x00000024   Code   RO         4432    .text               mc_w.l(memseta.o)
    0x0800026c   0x00000024   Code   RO         4434    .text               mc_w.l(strstr.o)
    0x08000290   0x000000e4   Code   RO         4466    .text               mf_w.l(dmul.o)
    0x08000374   0x000000de   Code   RO         4468    .text               mf_w.l(ddiv.o)
    0x08000452   0x00000022   Code   RO         4470    .text               mf_w.l(dflti.o)
    0x08000474   0x0000003e   Code   RO         4474    .text               mf_w.l(dfixi.o)
    0x080004b2   0x00000026   Code   RO         4476    .text               mf_w.l(f2d.o)
    0x080004d8   0x00000038   Code   RO         4478    .text               mf_w.l(d2f.o)
    0x08000510   0x0000002c   Code   RO         4499    .text               mc_w.l(uidiv.o)
    0x0800053c   0x00000062   Code   RO         4501    .text               mc_w.l(uldiv.o)
    0x0800059e   0x00000000   Code   RO         4503    .text               mc_w.l(iusefp.o)
    0x0800059e   0x0000006e   Code   RO         4504    .text               mf_w.l(fepilogue.o)
    0x0800060c   0x000000ba   Code   RO         4506    .text               mf_w.l(depilogue.o)
    0x080006c6   0x0000014e   Code   RO         4508    .text               mf_w.l(dadd.o)
    0x08000814   0x00000030   Code   RO         4510    .text               mf_w.l(dfixul.o)
    0x08000844   0x00000030   Code   RO         4512    .text               mf_w.l(cdrcmple.o)
    0x08000874   0x00000024   Code   RO         4514    .text               mc_w.l(init.o)
    0x08000898   0x0000001e   Code   RO         4517    .text               mc_w.l(llshl.o)
    0x080008b6   0x00000024   Code   RO         4519    .text               mc_w.l(llsshr.o)
    0x080008da   0x00000002   Code   RO          471    i.BusFault_Handler  stm32f1xx_it.o
    0x080008dc   0x00000002   Code   RO          472    i.DebugMon_Handler  stm32f1xx_it.o
    0x080008de   0x00000002   PAD
    0x080008e0   0x0000002c   Code   RO         4313    i.Encoder_Cnt_Location  encoder.o
    0x0800090c   0x0000003c   Code   RO         4315    i.Encoder_Start     encoder.o
    0x08000948   0x00000004   Code   RO           13    i.Error_Handler     main.o
    0x0800094c   0x00000046   Code   RO         1051    i.HAL_DMA_Abort     stm32f1xx_hal_dma.o
    0x08000992   0x00000002   PAD
    0x08000994   0x00000130   Code   RO         1052    i.HAL_DMA_Abort_IT  stm32f1xx_hal_dma.o
    0x08000ac4   0x00000018   Code   RO         4382    i.HAL_Delay         delay.o
    0x08000adc   0x000001f8   Code   RO          987    i.HAL_GPIO_Init     stm32f1xx_hal_gpio.o
    0x08000cd4   0x0000000a   Code   RO          991    i.HAL_GPIO_WritePin  stm32f1xx_hal_gpio.o
    0x08000cde   0x00000002   PAD
    0x08000ce0   0x0000000c   Code   RO          681    i.HAL_GetTick       stm32f1xx_hal.o
    0x08000cec   0x00000010   Code   RO          687    i.HAL_IncTick       stm32f1xx_hal.o
    0x08000cfc   0x00000024   Code   RO          688    i.HAL_Init          stm32f1xx_hal.o
    0x08000d20   0x00000074   Code   RO          595    i.HAL_InitTick      stm32f1xx_hal_timebase_tim.o
    0x08000d94   0x00000048   Code   RO          571    i.HAL_MspInit       stm32f1xx_hal_msp.o
    0x08000ddc   0x0000001a   Code   RO         1147    i.HAL_NVIC_EnableIRQ  stm32f1xx_hal_cortex.o
    0x08000df6   0x00000002   PAD
    0x08000df8   0x00000040   Code   RO         1153    i.HAL_NVIC_SetPriority  stm32f1xx_hal_cortex.o
    0x08000e38   0x00000024   Code   RO         1154    i.HAL_NVIC_SetPriorityGrouping  stm32f1xx_hal_cortex.o
    0x08000e5c   0x0000012c   Code   RO          845    i.HAL_RCC_ClockConfig  stm32f1xx_hal_rcc.o
    0x08000f88   0x00000040   Code   RO          849    i.HAL_RCC_GetClockConfig  stm32f1xx_hal_rcc.o
    0x08000fc8   0x00000020   Code   RO          852    i.HAL_RCC_GetPCLK1Freq  stm32f1xx_hal_rcc.o
    0x08000fe8   0x00000020   Code   RO          853    i.HAL_RCC_GetPCLK2Freq  stm32f1xx_hal_rcc.o
    0x08001008   0x0000004c   Code   RO          854    i.HAL_RCC_GetSysClockFreq  stm32f1xx_hal_rcc.o
    0x08001054   0x00000320   Code   RO          857    i.HAL_RCC_OscConfig  stm32f1xx_hal_rcc.o
    0x08001374   0x00000002   Code   RO         2353    i.HAL_TIMEx_BreakCallback  stm32f1xx_hal_tim_ex.o
    0x08001376   0x00000002   Code   RO         2354    i.HAL_TIMEx_CommutCallback  stm32f1xx_hal_tim_ex.o
    0x08001378   0x0000007c   Code   RO         2372    i.HAL_TIMEx_MasterConfigSynchronization  stm32f1xx_hal_tim_ex.o
    0x080013f4   0x0000005a   Code   RO         1649    i.HAL_TIM_Base_Init  stm32f1xx_hal_tim.o
    0x0800144e   0x00000002   PAD
    0x08001450   0x0000003c   Code   RO          311    i.HAL_TIM_Base_MspInit  tim.o
    0x0800148c   0x0000006c   Code   RO         1654    i.HAL_TIM_Base_Start_IT  stm32f1xx_hal_tim.o
    0x080014f8   0x000000dc   Code   RO         1658    i.HAL_TIM_ConfigClockSource  stm32f1xx_hal_tim.o
    0x080015d4   0x000000a4   Code   RO         1670    i.HAL_TIM_Encoder_Init  stm32f1xx_hal_tim.o
    0x08001678   0x000000e0   Code   RO          313    i.HAL_TIM_Encoder_MspInit  tim.o
    0x08001758   0x0000008e   Code   RO         1673    i.HAL_TIM_Encoder_Start  stm32f1xx_hal_tim.o
    0x080017e6   0x000000b6   Code   RO         1675    i.HAL_TIM_Encoder_Start_IT  stm32f1xx_hal_tim.o
    0x0800189c   0x00000002   Code   RO         1683    i.HAL_TIM_IC_CaptureCallback  stm32f1xx_hal_tim.o
    0x0800189e   0x00000166   Code   RO         1697    i.HAL_TIM_IRQHandler  stm32f1xx_hal_tim.o
    0x08001a04   0x00000002   Code   RO         1700    i.HAL_TIM_OC_DelayElapsedCallback  stm32f1xx_hal_tim.o
    0x08001a06   0x00000002   Code   RO         1727    i.HAL_TIM_PWM_PulseFinishedCallback  stm32f1xx_hal_tim.o
    0x08001a08   0x000000c0   Code   RO           14    i.HAL_TIM_PeriodElapsedCallback  main.o
    0x08001ac8   0x00000002   Code   RO         1740    i.HAL_TIM_TriggerCallback  stm32f1xx_hal_tim.o
    0x08001aca   0x00000002   Code   RO         2632    i.HAL_UARTEx_RxEventCallback  stm32f1xx_hal_uart.o
    0x08001acc   0x00000002   Code   RO         2646    i.HAL_UART_ErrorCallback  stm32f1xx_hal_uart.o
    0x08001ace   0x00000002   PAD
    0x08001ad0   0x0000026c   Code   RO         2649    i.HAL_UART_IRQHandler  stm32f1xx_hal_uart.o
    0x08001d3c   0x00000064   Code   RO         2650    i.HAL_UART_Init     stm32f1xx_hal_uart.o
    0x08001da0   0x00000134   Code   RO          377    i.HAL_UART_MspInit  usart.o
    0x08001ed4   0x0000001c   Code   RO         2655    i.HAL_UART_Receive_IT  stm32f1xx_hal_uart.o
    0x08001ef0   0x00000114   Code   RO          378    i.HAL_UART_RxCpltCallback  usart.o
    0x08002004   0x0000009a   Code   RO         2658    i.HAL_UART_Transmit  stm32f1xx_hal_uart.o
    0x0800209e   0x00000002   Code   RO         2661    i.HAL_UART_TxCpltCallback  stm32f1xx_hal_uart.o
    0x080020a0   0x00000002   Code   RO          473    i.HardFault_Handler  stm32f1xx_it.o
    0x080020a2   0x00000002   PAD
    0x080020a4   0x00000030   Code   RO          248    i.Init_Function     freertos.o
    0x080020d4   0x00000070   Code   RO         4288    i.KEY_Scan          key.o
    0x08002144   0x00000080   Code   RO          249    i.LED_Function      freertos.o
    0x080021c4   0x00000054   Code   RO          250    i.MX_FREERTOS_Init  freertos.o
    0x08002218   0x000000b4   Code   RO          224    i.MX_GPIO_Init      gpio.o
    0x080022cc   0x0000006c   Code   RO          314    i.MX_TIM2_Init      tim.o
    0x08002338   0x0000006c   Code   RO          315    i.MX_TIM3_Init      tim.o
    0x080023a4   0x00000068   Code   RO          316    i.MX_TIM4_Init      tim.o
    0x0800240c   0x00000038   Code   RO          379    i.MX_USART1_UART_Init  usart.o
    0x08002444   0x00000038   Code   RO          380    i.MX_USART2_UART_Init  usart.o
    0x0800247c   0x00000038   Code   RO          381    i.MX_USART3_UART_Init  usart.o
    0x080024b4   0x00000002   Code   RO          474    i.MemManage_Handler  stm32f1xx_it.o
    0x080024b6   0x00000002   PAD
    0x080024b8   0x00000028   Code   RO         4317    i.Motp_Speed        encoder.o
    0x080024e0   0x00000002   Code   RO          475    i.NMI_Handler       stm32f1xx_it.o
    0x080024e2   0x00000002   PAD
    0x080024e4   0x00000028   Code   RO         4319    i.Read_Speed        encoder.o
    0x0800250c   0x0000002c   Code   RO          251    i.StartTaskKEY      freertos.o
    0x08002538   0x0000002c   Code   RO         4209    i.SysTick_Handler   port.o
    0x08002564   0x0000005e   Code   RO           15    i.SystemClock_Config  main.o
    0x080025c2   0x00000002   Code   RO         2984    i.SystemInit        system_stm32f1xx.o
    0x080025c4   0x0000000c   Code   RO          476    i.TIM1_UP_IRQHandler  stm32f1xx_it.o
    0x080025d0   0x0000000c   Code   RO          477    i.TIM2_IRQHandler   stm32f1xx_it.o
    0x080025dc   0x0000000c   Code   RO          478    i.TIM3_IRQHandler   stm32f1xx_it.o
    0x080025e8   0x0000000c   Code   RO          479    i.TIM4_IRQHandler   stm32f1xx_it.o
    0x080025f4   0x0000008c   Code   RO         1742    i.TIM_Base_SetConfig  stm32f1xx_hal_tim.o
    0x08002680   0x0000001a   Code   RO         1743    i.TIM_CCxChannelCmd  stm32f1xx_hal_tim.o
    0x0800269a   0x00000014   Code   RO         1753    i.TIM_ETR_SetConfig  stm32f1xx_hal_tim.o
    0x080026ae   0x00000010   Code   RO         1754    i.TIM_ITRx_SetConfig  stm32f1xx_hal_tim.o
    0x080026be   0x00000022   Code   RO         1760    i.TIM_TI1_ConfigInputStage  stm32f1xx_hal_tim.o
    0x080026e0   0x00000024   Code   RO         1762    i.TIM_TI2_ConfigInputStage  stm32f1xx_hal_tim.o
    0x08002704   0x00000010   Code   RO         2663    i.UART_DMAAbortOnError  stm32f1xx_hal_uart.o
    0x08002714   0x0000004e   Code   RO         2673    i.UART_EndRxTransfer  stm32f1xx_hal_uart.o
    0x08002762   0x000000c2   Code   RO         2675    i.UART_Receive_IT   stm32f1xx_hal_uart.o
    0x08002824   0x000000b8   Code   RO         2676    i.UART_SetConfig    stm32f1xx_hal_uart.o
    0x080028dc   0x00000036   Code   RO         2678    i.UART_Start_Receive_IT  stm32f1xx_hal_uart.o
    0x08002912   0x00000078   Code   RO         2679    i.UART_WaitOnFlagUntilTimeout  stm32f1xx_hal_uart.o
    0x0800298a   0x00000002   PAD
    0x0800298c   0x0000000c   Code   RO          480    i.USART1_IRQHandler  stm32f1xx_it.o
    0x08002998   0x0000000c   Code   RO          481    i.USART2_IRQHandler  stm32f1xx_it.o
    0x080029a4   0x0000000c   Code   RO          482    i.USART3_IRQHandler  stm32f1xx_it.o
    0x080029b0   0x00000002   Code   RO          483    i.UsageFault_Handler  stm32f1xx_it.o
    0x080029b2   0x00000002   PAD
    0x080029b4   0x00000034   Code   RO         4444    i.__0vsnprintf      mc_w.l(printfa.o)
    0x080029e8   0x00000020   Code   RO         1160    i.__NVIC_SetPriority  stm32f1xx_hal_cortex.o
    0x08002a08   0x0000000e   Code   RO         4524    i.__scatterload_copy  mc_w.l(handlers.o)
    0x08002a16   0x00000002   Code   RO         4525    i.__scatterload_null  mc_w.l(handlers.o)
    0x08002a18   0x0000000e   Code   RO         4526    i.__scatterload_zeroinit  mc_w.l(handlers.o)
    0x08002a26   0x00000002   PAD
    0x08002a28   0x00000184   Code   RO         4446    i._fp_digits        mc_w.l(printfa.o)
    0x08002bac   0x000006b4   Code   RO         4447    i._printf_core      mc_w.l(printfa.o)
    0x08003260   0x00000024   Code   RO         4448    i._printf_post_padding  mc_w.l(printfa.o)
    0x08003284   0x0000002e   Code   RO         4449    i._printf_pre_padding  mc_w.l(printfa.o)
    0x080032b2   0x00000016   Code   RO         4450    i._snputc           mc_w.l(printfa.o)
    0x080032c8   0x0000002e   Code   RO           16    i.main              main.o
    0x080032f6   0x0000000c   Code   RO         3780    i.makeFreeRtosPriority  cmsis_os.o
    0x08003302   0x00000002   PAD
    0x08003304   0x00000050   Code   RO          382    i.my_printf         usart.o
    0x08003354   0x0000000e   Code   RO         3782    i.osDelay           cmsis_os.o
    0x08003362   0x0000000a   Code   RO         3785    i.osKernelStart     cmsis_os.o
    0x0800336c   0x00000054   Code   RO         3819    i.osThreadCreate    cmsis_os.o
    0x080033c0   0x00000070   Code   RO         3477    i.prvAddCurrentTaskToDelayedList  tasks.o
    0x08003430   0x000000d0   Code   RO         3478    i.prvAddNewTaskToReadyList  tasks.o
    0x08003500   0x00000034   Code   RO         3479    i.prvDeleteTCB      tasks.o
    0x08003534   0x0000004c   Code   RO         4147    i.prvHeapInit       heap_4.o
    0x08003580   0x00000060   Code   RO         3480    i.prvIdleTask       tasks.o
    0x080035e0   0x0000008e   Code   RO         3481    i.prvInitialiseNewTask  tasks.o
    0x0800366e   0x00000002   PAD
    0x08003670   0x0000004c   Code   RO         4148    i.prvInsertBlockIntoFreeList  heap_4.o
    0x080036bc   0x00000020   Code   RO         3482    i.prvResetNextTaskUnblockTime  tasks.o
    0x080036dc   0x00000028   Code   RO         4210    i.prvTaskExitError  port.o
    0x08003704   0x000000d8   Code   RO         4149    i.pvPortMalloc      heap_4.o
    0x080037dc   0x00000024   Code   RO         4211    i.pxPortInitialiseStack  port.o
    0x08003800   0x00000008   Code   RO          383    i.u1_printf         usart.o
    0x08003808   0x00000026   Code   RO         3122    i.uxListRemove      list.o
    0x0800382e   0x00000002   PAD
    0x08003830   0x00000014   Code   RO          252    i.vApplicationGetIdleTaskMemory  freertos.o
    0x08003844   0x00000016   Code   RO         3123    i.vListInitialise   list.o
    0x0800385a   0x00000006   Code   RO         3124    i.vListInitialiseItem  list.o
    0x08003860   0x00000030   Code   RO         3125    i.vListInsert       list.o
    0x08003890   0x00000018   Code   RO         3126    i.vListInsertEnd    list.o
    0x080038a8   0x00000040   Code   RO         4213    i.vPortEnterCritical  port.o
    0x080038e8   0x00000028   Code   RO         4214    i.vPortExitCritical  port.o
    0x08003910   0x0000005c   Code   RO         4150    i.vPortFree         heap_4.o
    0x0800396c   0x00000024   Code   RO         4215    i.vPortSetupTimerInterrupt  port.o
    0x08003990   0x0000004c   Code   RO         3490    i.vTaskDelay        tasks.o
    0x080039dc   0x000000ac   Code   RO         3491    i.vTaskDelete       tasks.o
    0x08003a88   0x0000006c   Code   RO         3503    i.vTaskStartScheduler  tasks.o
    0x08003af4   0x00000010   Code   RO         3505    i.vTaskSuspendAll   tasks.o
    0x08003b04   0x0000005c   Code   RO         3506    i.vTaskSwitchContext  tasks.o
    0x08003b60   0x000000a8   Code   RO         4217    i.xPortStartScheduler  port.o
    0x08003c08   0x0000005a   Code   RO         3508    i.xTaskCreate       tasks.o
    0x08003c62   0x00000056   Code   RO         3509    i.xTaskCreateStatic  tasks.o
    0x08003cb8   0x000000c8   Code   RO         3516    i.xTaskIncrementTick  tasks.o
    0x08003d80   0x000000c4   Code   RO         3522    i.xTaskResumeAll    tasks.o
    0x08003e44   0x00000054   Data   RO          254    .constdata          freertos.o
    0x08003e98   0x00000012   Data   RO          858    .constdata          stm32f1xx_hal_rcc.o
    0x08003eaa   0x00000010   Data   RO         2985    .constdata          system_stm32f1xx.o
    0x08003eba   0x00000008   Data   RO         2986    .constdata          system_stm32f1xx.o
    0x08003ec2   0x00000002   PAD
    0x08003ec4   0x00000022   Data   RO          255    .conststring        freertos.o
    0x08003ee6   0x00000002   PAD
    0x08003ee8   0x00000020   Data   RO         4522    Region$$Table       anon$$obj.o


    Execution Region RW_IRAM1 (Base: 0x20000000, Size: 0x000017d8, Max: 0x00010000, ABSOLUTE)

    Base Addr    Size         Type   Attr      Idx    E Section Name        Object

    0x20000000   0x0000000c   Data   RW           17    .data               main.o
    0x2000000c   0x0000000c   Data   RW          256    .data               freertos.o
    0x20000018   0x00000006   Data   RW          387    .data               usart.o
    0x2000001e   0x00000002   PAD
    0x20000020   0x0000000c   Data   RW          695    .data               stm32f1xx_hal.o
    0x2000002c   0x00000004   Data   RW         2987    .data               system_stm32f1xx.o
    0x20000030   0x0000003c   Data   RW         3525    .data               tasks.o
    0x2000006c   0x00000018   Data   RW         4155    .data               heap_4.o
    0x20000084   0x0000000c   Data   RW         4218    .data               port.o
    0x20000090   0x00000001   Data   RW         4289    .data               key.o
    0x20000091   0x00000003   PAD
    0x20000094   0x00000004   Data   RW         4321    .data               encoder.o
    0x20000098   0x00000004   Data   RW         4323    .data               encoder.o
    0x2000009c   0x00000254   Zero   RW          253    .bss                freertos.o
    0x200002f0   0x000000d8   Zero   RW          317    .bss                tim.o
    0x200003c8   0x000002d8   Zero   RW          386    .bss                usart.o
    0x200006a0   0x00000048   Zero   RW          598    .bss                stm32f1xx_hal_timebase_tim.o
    0x200006e8   0x000000f0   Zero   RW         3524    .bss                tasks.o
    0x200007d8   0x00000c00   Zero   RW         4154    .bss                heap_4.o
    0x200013d8   0x00000400   Zero   RW            1    STACK               startup_stm32f103xe.o


==============================================================================

Image component sizes


      Code (inc. data)   RO Data    RW Data    ZI Data      Debug   Object Name

       120          0          0          0          0      22389   cmsis_os.o
        24          0          0          0          0        544   delay.o
       184         42          0          8          0       2625   encoder.o
         0          0          0          0          0      18200   event_groups.o
       324         60        118         12        596       3682   freertos.o
       180         12          0          0          0        947   gpio.o
       460         24          0         24       3072       7251   heap_4.o
       112         10          0          1          0        647   key.o
       138          0          0          0          0       3410   list.o
       336         64          0         12          0     520058   main.o
       578         60          0         12          0      10368   port.o
        36          8        304          0       1024        804   startup_stm32f103xe.o
        64         14          0         12          0       5262   stm32f1xx_hal.o
       158         14          0          0          0      28198   stm32f1xx_hal_cortex.o
       374          8          0          0          0       1843   stm32f1xx_hal_dma.o
       514         42          0          0          0       2912   stm32f1xx_hal_gpio.o
        72         10          0          0          0        874   stm32f1xx_hal_msp.o
      1304         94         18          0          0       5765   stm32f1xx_hal_rcc.o
      1544         40          0          0          0      13447   stm32f1xx_hal_tim.o
       128         20          0          0          0       2417   stm32f1xx_hal_tim_ex.o
       116         18          0          0         72       1427   stm32f1xx_hal_timebase_tim.o
      1554         10          0          0          0      10920   stm32f1xx_hal_uart.o
        96         42          0          0          0       5660   stm32f1xx_it.o
         0          0          0          0          0        384   stream_buffer.o
         2          0         24          4          0       1127   system_stm32f1xx.o
      1678        124          0         60        240      17004   tasks.o
       604         54          0          0        216       3774   tim.o
       840        120          0          6        728       5806   usart.o

    ----------------------------------------------------------------------
     11570        890        500        156       5948     697745   Object Totals
         0          0         32          0          0          0   (incl. Generated)
        30          0          4          5          0          0   (incl. Padding)

    ----------------------------------------------------------------------

      Code (inc. data)   RO Data    RW Data    ZI Data      Debug   Library Member Name

         0          0          0          0          0          0   entry.o
         0          0          0          0          0          0   entry10a.o
         0          0          0          0          0          0   entry11a.o
         4          0          0          0          0          0   entry12b.o
         8          4          0          0          0          0   entry2.o
         4          0          0          0          0          0   entry5.o
         0          0          0          0          0          0   entry7b.o
         0          0          0          0          0          0   entry8b.o
         8          4          0          0          0          0   entry9a.o
        30          0          0          0          0          0   handlers.o
        36          8          0          0          0         68   init.o
         0          0          0          0          0          0   iusefp.o
        30          0          0          0          0         68   llshl.o
        36          0          0          0          0         68   llsshr.o
        32          0          0          0          0         68   llushr.o
        36          0          0          0          0         68   memcpya.o
        36          0          0          0          0        108   memseta.o
      2260         86          0          0          0        528   printfa.o
        36          0          0          0          0         80   strstr.o
        44          0          0          0          0         80   uidiv.o
        98          0          0          0          0         92   uldiv.o
        48          0          0          0          0         68   cdrcmple.o
        56          0          0          0          0         88   d2f.o
       334          0          0          0          0        148   dadd.o
       222          0          0          0          0        100   ddiv.o
       186          0          0          0          0        176   depilogue.o
        62          0          0          0          0         80   dfixi.o
        48          0          0          0          0         68   dfixul.o
        34          0          0          0          0         76   dflti.o
       228          0          0          0          0         96   dmul.o
        38          0          0          0          0         68   f2d.o
       110          0          0          0          0        168   fepilogue.o

    ----------------------------------------------------------------------
      4066        102          0          0          0       2364   Library Totals
         2          0          0          0          0          0   (incl. Padding)

    ----------------------------------------------------------------------

      Code (inc. data)   RO Data    RW Data    ZI Data      Debug   Library Name

      2698        102          0          0          0       1228   mc_w.l
      1366          0          0          0          0       1136   mf_w.l

    ----------------------------------------------------------------------
      4066        102          0          0          0       2364   Library Totals

    ----------------------------------------------------------------------

==============================================================================


      Code (inc. data)   RO Data    RW Data    ZI Data      Debug   

     15636        992        500        156       5948     692357   Grand Totals
     15636        992        500        156       5948     692357   ELF Image Totals
     15636        992        500        156          0          0   ROM Totals

==============================================================================

    Total RO  Size (Code + RO Data)                16136 (  15.76kB)
    Total RW  Size (RW Data + ZI Data)              6104 (   5.96kB)
    Total ROM Size (Code + RO Data + RW Data)      16292 (  15.91kB)

==============================================================================

