Component: ARM Compiler 5.06 update 5 (build 528) Tool: armlink [4d35e2]

==============================================================================

Section Cross References

    startup_stm32f103xe.o(STACK) refers (Special) to heapauxi.o(.text) for __use_two_region_memory
    startup_stm32f103xe.o(HEAP) refers (Special) to heapauxi.o(.text) for __use_two_region_memory
    startup_stm32f103xe.o(RESET) refers (Special) to heapauxi.o(.text) for __use_two_region_memory
    startup_stm32f103xe.o(RESET) refers to startup_stm32f103xe.o(STACK) for __initial_sp
    startup_stm32f103xe.o(RESET) refers to startup_stm32f103xe.o(.text) for Reset_Handler
    startup_stm32f103xe.o(RESET) refers to stm32f1xx_it.o(i.NMI_Handler) for NMI_Handler
    startup_stm32f103xe.o(RESET) refers to stm32f1xx_it.o(i.HardFault_Handler) for HardFault_Handler
    startup_stm32f103xe.o(RESET) refers to stm32f1xx_it.o(i.MemManage_Handler) for MemManage_Handler
    startup_stm32f103xe.o(RESET) refers to stm32f1xx_it.o(i.BusFault_Handler) for BusFault_Handler
    startup_stm32f103xe.o(RESET) refers to stm32f1xx_it.o(i.UsageFault_Handler) for UsageFault_Handler
    startup_stm32f103xe.o(RESET) refers to port.o(.emb_text) for SVC_Handler
    startup_stm32f103xe.o(RESET) refers to stm32f1xx_it.o(i.DebugMon_Handler) for DebugMon_Handler
    startup_stm32f103xe.o(RESET) refers to port.o(i.SysTick_Handler) for SysTick_Handler
    startup_stm32f103xe.o(RESET) refers to stm32f1xx_it.o(i.DMA1_Channel4_IRQHandler) for DMA1_Channel4_IRQHandler
    startup_stm32f103xe.o(RESET) refers to stm32f1xx_it.o(i.DMA1_Channel5_IRQHandler) for DMA1_Channel5_IRQHandler
    startup_stm32f103xe.o(RESET) refers to stm32f1xx_it.o(i.USART1_IRQHandler) for USART1_IRQHandler
    startup_stm32f103xe.o(RESET) refers to stm32f1xx_it.o(i.TIM7_IRQHandler) for TIM7_IRQHandler
    startup_stm32f103xe.o(.text) refers (Special) to heapauxi.o(.text) for __use_two_region_memory
    startup_stm32f103xe.o(.text) refers to system_stm32f1xx.o(i.SystemInit) for SystemInit
    startup_stm32f103xe.o(.text) refers to __main.o(!!!main) for __main
    startup_stm32f103xe.o(.text) refers to startup_stm32f103xe.o(HEAP) for Heap_Mem
    startup_stm32f103xe.o(.text) refers to startup_stm32f103xe.o(STACK) for Stack_Mem
    main.o(i.HAL_TIM_PeriodElapsedCallback) refers to stm32f1xx_hal.o(i.HAL_IncTick) for HAL_IncTick
    main.o(i.SystemClock_Config) refers to rt_memclr_w.o(.text) for __aeabi_memclr4
    main.o(i.SystemClock_Config) refers to stm32f1xx_hal_rcc.o(i.HAL_RCC_OscConfig) for HAL_RCC_OscConfig
    main.o(i.SystemClock_Config) refers to stm32f1xx_hal_rcc.o(i.HAL_RCC_ClockConfig) for HAL_RCC_ClockConfig
    main.o(i.main) refers to stm32f1xx_hal.o(i.HAL_Init) for HAL_Init
    main.o(i.main) refers to main.o(i.SystemClock_Config) for SystemClock_Config
    main.o(i.main) refers to gpio.o(i.MX_GPIO_Init) for MX_GPIO_Init
    main.o(i.main) refers to dma.o(i.MX_DMA_Init) for MX_DMA_Init
    main.o(i.main) refers to usart.o(i.MX_USART1_UART_Init) for MX_USART1_UART_Init
    main.o(i.main) refers to stm32f1xx_hal_uart.o(i.HAL_UARTEx_ReceiveToIdle_DMA) for HAL_UARTEx_ReceiveToIdle_DMA
    main.o(i.main) refers to freertos.o(i.MX_FREERTOS_Init) for MX_FREERTOS_Init
    main.o(i.main) refers to cmsis_os.o(i.osKernelStart) for osKernelStart
    main.o(i.main) refers to usart.o(.bss) for usart1_rx_buffer
    freertos.o(i.MX_FREERTOS_Init) refers to rt_memcpy_w.o(.text) for __aeabi_memcpy4
    freertos.o(i.MX_FREERTOS_Init) refers to cmsis_os.o(i.osThreadCreate) for osThreadCreate
    freertos.o(i.MX_FREERTOS_Init) refers to freertos.o(.constdata) for .constdata
    freertos.o(i.MX_FREERTOS_Init) refers to freertos.o(.data) for .data
    freertos.o(i.StartDefaultTask) refers to cmsis_os.o(i.osDelay) for osDelay
    freertos.o(i.StartTask02) refers to usart.o(i.printf1) for printf1
    freertos.o(i.StartTask02) refers to cmsis_os.o(i.osDelay) for osDelay
    freertos.o(i.StartTask02) refers to usart.o(.data) for usart1_rx_flag
    freertos.o(i.StartTask02) refers to usart.o(.bss) for receive_u1_data
    freertos.o(i.vApplicationGetIdleTaskMemory) refers to freertos.o(.bss) for .bss
    freertos.o(.constdata) refers to freertos.o(.conststring) for .conststring
    freertos.o(.constdata) refers to freertos.o(i.StartDefaultTask) for StartDefaultTask
    freertos.o(.constdata) refers to freertos.o(i.StartTask02) for StartTask02
    dma.o(i.MX_DMA_Init) refers to stm32f1xx_hal_cortex.o(i.HAL_NVIC_SetPriority) for HAL_NVIC_SetPriority
    dma.o(i.MX_DMA_Init) refers to stm32f1xx_hal_cortex.o(i.HAL_NVIC_EnableIRQ) for HAL_NVIC_EnableIRQ
    usart.o(i.HAL_UARTEx_RxEventCallback) refers to rt_memclr_w.o(.text) for __aeabi_memclr4
    usart.o(i.HAL_UARTEx_RxEventCallback) refers to rt_memcpy_w.o(.text) for __aeabi_memcpy4
    usart.o(i.HAL_UARTEx_RxEventCallback) refers to usart.o(.data) for .data
    usart.o(i.HAL_UARTEx_RxEventCallback) refers to usart.o(.bss) for .bss
[...]
    UART_SetConfig                           0x0800365d   Thumb Code   178  stm32f1xx_hal_uart.o(i.UART_SetConfig)
    i.UART_Start_Receive_DMA                 0x08003714   Section        0  stm32f1xx_hal_uart.o(i.UART_Start_Receive_DMA)
    i.USART1_IRQHandler                      0x080037a4   Section        0  stm32f1xx_it.o(i.USART1_IRQHandler)
    i.UsageFault_Handler                     0x080037c4   Section        0  stm32f1xx_it.o(i.UsageFault_Handler)
    i.__ARM_fpclassify                       0x080037c6   Section        0  fpclassify.o(i.__ARM_fpclassify)
    i.__NVIC_SetPriority                     0x080037ee   Section        0  stm32f1xx_hal_cortex.o(i.__NVIC_SetPriority)
    __NVIC_SetPriority                       0x080037ef   Thumb Code    32  stm32f1xx_hal_cortex.o(i.__NVIC_SetPriority)
    i._is_digit                              0x0800380e   Section        0  __printf_wp.o(i._is_digit)
    i.main                                   0x0800381c   Section        0  main.o(i.main)
    i.makeFreeRtosPriority                   0x08003850   Section        0  cmsis_os.o(i.makeFreeRtosPriority)
    makeFreeRtosPriority                     0x08003851   Thumb Code    12  cmsis_os.o(i.makeFreeRtosPriority)
    i.osDelay                                0x0800385c   Section        0  cmsis_os.o(i.osDelay)
    i.osKernelStart                          0x0800386a   Section        0  cmsis_os.o(i.osKernelStart)
    i.osThreadCreate                         0x08003874   Section        0  cmsis_os.o(i.osThreadCreate)
    i.printf1                                0x080038c8   Section        0  usart.o(i.printf1)
    i.prvAddCurrentTaskToDelayedList         0x080038ec   Section        0  tasks.o(i.prvAddCurrentTaskToDelayedList)
    prvAddCurrentTaskToDelayedList           0x080038ed   Thumb Code   102  tasks.o(i.prvAddCurrentTaskToDelayedList)
    i.prvAddNewTaskToReadyList               0x0800395c   Section        0  tasks.o(i.prvAddNewTaskToReadyList)
    prvAddNewTaskToReadyList                 0x0800395d   Thumb Code   194  tasks.o(i.prvAddNewTaskToReadyList)
    i.prvDeleteTCB                           0x08003a2c   Section        0  tasks.o(i.prvDeleteTCB)
    prvDeleteTCB                             0x08003a2d   Thumb Code    52  tasks.o(i.prvDeleteTCB)
    i.prvHeapInit                            0x08003a60   Section        0  heap_4.o(i.prvHeapInit)
    prvHeapInit                              0x08003a61   Thumb Code    66  heap_4.o(i.prvHeapInit)
    i.prvIdleTask                            0x08003aac   Section        0  tasks.o(i.prvIdleTask)
    prvIdleTask                              0x08003aad   Thumb Code    82  tasks.o(i.prvIdleTask)
    i.prvInitialiseNewTask                   0x08003b0c   Section        0  tasks.o(i.prvInitialiseNewTask)
    prvInitialiseNewTask                     0x08003b0d   Thumb Code   142  tasks.o(i.prvInitialiseNewTask)
    i.prvInsertBlockIntoFreeList             0x08003b9c   Section        0  heap_4.o(i.prvInsertBlockIntoFreeList)
    prvInsertBlockIntoFreeList               0x08003b9d   Thumb Code    72  heap_4.o(i.prvInsertBlockIntoFreeList)
    i.prvResetNextTaskUnblockTime            0x08003be8   Section        0  tasks.o(i.prvResetNextTaskUnblockTime)
    prvResetNextTaskUnblockTime              0x08003be9   Thumb Code    26  tasks.o(i.prvResetNextTaskUnblockTime)
    i.prvTaskExitError                       0x08003c08   Section        0  port.o(i.prvTaskExitError)
    prvTaskExitError                         0x08003c09   Thumb Code    36  port.o(i.prvTaskExitError)
    i.pvPortMalloc                           0x08003c30   Section        0  heap_4.o(i.pvPortMalloc)
    i.pxPortInitialiseStack                  0x08003d08   Section        0  port.o(i.pxPortInitialiseStack)
    i.uxListRemove                           0x08003d2c   Section        0  list.o(i.uxListRemove)
    i.vApplicationGetIdleTaskMemory          0x08003d54   Section        0  freertos.o(i.vApplicationGetIdleTaskMemory)
    i.vListInitialise                        0x08003d68   Section        0  list.o(i.vListInitialise)
    i.vListInitialiseItem                    0x08003d7e   Section        0  list.o(i.vListInitialiseItem)
    i.vListInsert                            0x08003d84   Section        0  list.o(i.vListInsert)
    i.vListInsertEnd                         0x08003db4   Section        0  list.o(i.vListInsertEnd)
    i.vPortEnterCritical                     0x08003dcc   Section        0  port.o(i.vPortEnterCritical)
    i.vPortExitCritical                      0x08003e0c   Section        0  port.o(i.vPortExitCritical)
    i.vPortFree                              0x08003e34   Section        0  heap_4.o(i.vPortFree)
    i.vPortSetupTimerInterrupt               0x08003e90   Section        0  port.o(i.vPortSetupTimerInterrupt)
    i.vTaskDelay                             0x08003eb4   Section        0  tasks.o(i.vTaskDelay)
    i.vTaskStartScheduler                    0x08003f00   Section        0  tasks.o(i.vTaskStartScheduler)
    i.vTaskSuspendAll                        0x08003f6c   Section        0  tasks.o(i.vTaskSuspendAll)
    i.vTaskSwitchContext                     0x08003f7c   Section        0  tasks.o(i.vTaskSwitchContext)
    i.xPortStartScheduler                    0x08003fd8   Section        0  port.o(i.xPortStartScheduler)
    i.xTaskCreate                            0x08004080   Section        0  tasks.o(i.xTaskCreate)
    i.xTaskCreateStatic                      0x080040da   Section        0  tasks.o(i.xTaskCreateStatic)
    i.xTaskIncrementTick                     0x08004130   Section        0  tasks.o(i.xTaskIncrementTick)
    i.xTaskResumeAll                         0x080041f8   Section        0  tasks.o(i.xTaskResumeAll)
    locale$$code                             0x080042bc   Section       44  lc_numeric_c.o(locale$$code)
    locale$$code                             0x080042e8   Section       44  lc_ctype_c.o(locale$$code)
    x$fpl$printf1                            0x08004314   Section        4  printf1.o(x$fpl$printf1)
    x$fpl$printf2                            0x08004318   Section        4  printf2.o(x$fpl$printf2)
    .constdata                               0x0800431c   Section       56  freertos.o(.constdata)
    x$fpl$usenofp                            0x0800431c   Section        0  usenofp.o(x$fpl$usenofp)
    .constdata                               0x08004354   Section       18  stm32f1xx_hal_rcc.o(.constdata)
    aPredivFactorTable                       0x08004354   Data           2  stm32f1xx_hal_rcc.o(.constdata)
    aPLLMULFactorTable                       0x08004356   Data          16  stm32f1xx_hal_rcc.o(.constdata)
    .constdata                               0x08004366   Section       16  system_stm32f1xx.o(.constdata)
    .constdata                               0x08004376   Section        8  system_stm32f1xx.o(.constdata)
    .constdata                               0x08004380   Section        8  _printf_wctomb.o(.constdata)
    initial_mbstate                          0x08004380   Data           8  _printf_wctomb.o(.constdata)
    .constdata                               0x08004388   Section       40  _printf_hex_int_ll_ptr.o(.constdata)
    uc_hextab                                0x08004388   Data          20  _printf_hex_int_ll_ptr.o(.constdata)
    lc_hextab                                0x0800439c   Data          20  _printf_hex_int_ll_ptr.o(.constdata)
    .constdata                               0x080043b0   Section       17  __printf_flags_ss_wp.o(.constdata)
    maptable                                 0x080043b0   Data          17  __printf_flags_ss_wp.o(.constdata)
    .constdata                               0x080043c1   Section       38  _printf_fp_hex.o(.constdata)
    lc_hextab                                0x080043c1   Data          19  _printf_fp_hex.o(.constdata)
    uc_hextab                                0x080043d4   Data          19  _printf_fp_hex.o(.constdata)
    .constdata                               0x080043e8   Section      148  bigflt0.o(.constdata)
    tenpwrs_x                                0x080043e8   Data          60  bigflt0.o(.constdata)
    tenpwrs_i                                0x08004424   Data          64  bigflt0.o(.constdata)
    .conststring                             0x0800447c   Section       24  freertos.o(.conststring)
    locale$$data                             0x080044b4   Section       28  lc_numeric_c.o(locale$$data)
    __lcnum_c_name                           0x080044b8   Data           2  lc_numeric_c.o(locale$$data)
    __lcnum_c_start                          0x080044c0   Data           0  lc_numeric_c.o(locale$$data)
    __lcnum_c_point                          0x080044cc   Data           0  lc_numeric_c.o(locale$$data)
    __lcnum_c_thousands                      0x080044ce   Data           0  lc_numeric_c.o(locale$$data)
    __lcnum_c_grouping                       0x080044cf   Data           0  lc_numeric_c.o(locale$$data)
    locale$$data                             0x080044d0   Section      272  lc_ctype_c.o(locale$$data)
    __lcnum_c_end                            0x080044d0   Data           0  lc_numeric_c.o(locale$$data)
    __lcctype_c_name                         0x080044d4   Data           2  lc_ctype_c.o(locale$$data)
    __lcctype_c_start                        0x080044dc   Data           0  lc_ctype_c.o(locale$$data)
    __lcctype_c_end                          0x080045e0   Data           0  lc_ctype_c.o(locale$$data)
    .data                                    0x20000000   Section        8  freertos.o(.data)
    .data                                    0x20000008   Section        4  usart.o(.data)
    .data                                    0x2000000c   Section       12  stm32f1xx_hal.o(.data)
    .data                                    0x20000018   Section        4  system_stm32f1xx.o(.data)
    .data                                    0x2000001c   Section       60  tasks.o(.data)
    pxDelayedTaskList                        0x20000020   Data           4  tasks.o(.data)
    pxOverflowDelayedTaskList                0x20000024   Data           4  tasks.o(.data)
    uxDeletedTasksWaitingCleanUp             0x20000028   Data           4  tasks.o(.data)
    uxCurrentNumberOfTasks                   0x2000002c   Data           4  tasks.o(.data)
    xTickCount                               0x20000030   Data           4  tasks.o(.data)
    uxTopReadyPriority                       0x20000034   Data           4  tasks.o(.data)
    xSchedulerRunning                        0x20000038   Data           4  tasks.o(.data)
    uxPendedTicks                            0x2000003c   Data           4  tasks.o(.data)
    xYieldPending                            0x20000040   Data           4  tasks.o(.data)
    xNumOfOverflows                          0x20000044   Data           4  tasks.o(.data)
    uxTaskNumber                             0x20000048   Data           4  tasks.o(.data)
    xNextTaskUnblockTime                     0x2000004c   Data           4  tasks.o(.data)
    xIdleTaskHandle                          0x20000050   Data           4  tasks.o(.data)
    uxSchedulerSuspended                     0x20000054   Data           4  tasks.o(.data)
    .data                                    0x20000058   Section       24  heap_4.o(.data)
    pxEnd                                    0x20000058   Data           4  heap_4.o(.data)
    xFreeBytesRemaining                      0x2000005c   Data           4  heap_4.o(.data)
    xMinimumEverFreeBytesRemaining           0x20000060   Data           4  heap_4.o(.data)
    xBlockAllocatedBit                       0x20000064   Data           4  heap_4.o(.data)
    xStart                                   0x20000068   Data           8  heap_4.o(.data)
    .data                                    0x20000070   Section       12  port.o(.data)
    ucMaxSysCallPriority                     0x20000070   Data           1  port.o(.data)
    uxCriticalNesting                        0x20000074   Data           4  port.o(.data)
    ulMaxPRIGROUPValue                       0x20000078   Data           4  port.o(.data)
    .bss                                     0x2000007c   Section      596  freertos.o(.bss)
    xIdleTaskTCBBuffer                       0x2000007c   Data          84  freertos.o(.bss)
    xIdleStack                               0x200000d0   Data         512  freertos.o(.bss)
    .bss                                     0x200002d0   Section      976  usart.o(.bss)
    .bss                                     0x200006a0   Section       72  stm32f1xx_hal_timebase_tim.o(.bss)
    .bss                                     0x200006e8   Section      240  tasks.o(.bss)
    pxReadyTasksLists                        0x200006e8   Data         140  tasks.o(.bss)
    xDelayedTaskList1                        0x20000774   Data          20  tasks.o(.bss)
    xDelayedTaskList2                        0x20000788   Data          20  tasks.o(.bss)
    xPendingReadyList                        0x2000079c   Data          20  tasks.o(.bss)
    xTasksWaitingTermination                 0x200007b0   Data          20  tasks.o(.bss)
    xSuspendedTaskList                       0x200007c4   Data          20  tasks.o(.bss)
    .bss                                     0x200007d8   Section     3072  heap_4.o(.bss)
    ucHeap                                   0x200007d8   Data        3072  heap_4.o(.bss)
    .bss                                     0x200013d8   Section       96  libspace.o(.bss)
    HEAP                                     0x20001438   Section      512  startup_stm32f103xe.o(HEAP)
    Heap_Mem                                 0x20001438   Data         512  startup_stm32f103xe.o(HEAP)
    STACK                                    0x20001638   Section     1024  startup_stm32f103xe.o(STACK)
    Stack_Mem                                0x20001638   Data        1024  startup_stm32f103xe.o(STACK)
    __initial_sp                             0x20001a38   Data           0  startup_stm32f103xe.o(STACK)

    Global Symbols

    Symbol Name                              Value     Ov Type        Size  Object(Section)

    BuildAttributes$$THM_ISAv4$P$D$K$B$S$PE$A:L22UL41UL21$X:L11$S22US41US21$IEEE1$IW$USESV6$~STKCKD$USESV7$~SHL$OTIME$ROPI$IEEEJ$EBA8$UX$STANDARDLIB$REQ8$PRES8$EABIv2 0x00000000   Number         0  anon$$obj.o ABSOLUTE
    __ARM_use_no_argv                        0x00000000   Number         0  main.o ABSOLUTE
    _printf_flags                            0x00000000   Number         0  printf_stubs.o ABSOLUTE
    _printf_return_value                     0x00000000   Number         0  printf_stubs.o ABSOLUTE
    _printf_sizespec                         0x00000000   Number         0  printf_stubs.o ABSOLUTE
    _printf_widthprec                        0x00000000   Number         0  printf_stubs.o ABSOLUTE
    __ARM_exceptions_init                     - Undefined Weak Reference
    __alloca_initialize                       - Undefined Weak Reference
    __arm_preinit_                            - Undefined Weak Reference
    __cpp_initialize__aeabi_                  - Undefined Weak Reference
    __cxa_finalize                            - Undefined Weak Reference
    __sigvec_lookup                           - Undefined Weak Reference
    _atexit_init                              - Undefined Weak Reference
    _call_atexit_fns                          - Undefined Weak Reference
    _clock_init                               - Undefined Weak Reference
    _fp_trap_init                             - Undefined Weak Reference
    _fp_trap_shutdown                         - Undefined Weak Reference
    _get_lc_collate                           - Undefined Weak Reference
    _get_lc_monetary                          - Undefined Weak Reference
    _get_lc_time                              - Undefined Weak Reference
    _getenv_init                              - Undefined Weak Reference
    _handle_redirection                       - Undefined Weak Reference
    _init_alloc                               - Undefined Weak Reference
    _init_user_alloc                          - Undefined Weak Reference
    _initio                                   - Undefined Weak Reference
    _printf_mbtowc                            - Undefined Weak Reference
    _printf_wc                                - Undefined Weak Reference
    _rand_init                                - Undefined Weak Reference
    _signal_finish                            - Undefined Weak Reference
    _signal_init                              - Undefined Weak Reference
    _terminate_alloc                          - Undefined Weak Reference
    _terminate_user_alloc                     - Undefined Weak Reference
    _terminateio                              - Undefined Weak Reference
    __Vectors_Size                           0x00000130   Number         0  startup_stm32f103xe.o ABSOLUTE
    __Vectors                                0x08000000   Data           4  startup_stm32f103xe.o(RESET)
    __Vectors_End                            0x08000130   Data           0  startup_stm32f103xe.o(RESET)
    __main                                   0x08000131   Thumb Code     8  __main.o(!!!main)
    __scatterload                            0x08000139   Thumb Code     0  __scatter.o(!!!scatter)
    __scatterload_rt2                        0x08000139   Thumb Code    44  __scatter.o(!!!scatter)
    __scatterload_rt2_thumb_only             0x08000139   Thumb Code     0  __scatter.o(!!!scatter)
    __scatterload_null                       0x08000147   Thumb Code     0  __scatter.o(!!!scatter)
    __scatterload_copy                       0x0800016d   Thumb Code    26  __scatter_copy.o(!!handler_copy)
    __scatterload_zeroinit                   0x08000189   Thumb Code    28  __scatter_zi.o(!!handler_zi)
    _printf_n                                0x080001a5   Thumb Code     0  _printf_n.o(.ARM.Collect$$_printf_percent$$00000001)
    _printf_percent                          0x080001a5   Thumb Code     0  _printf_percent.o(.ARM.Collect$$_printf_percent$$00000000)
    _printf_p                                0x080001ab   Thumb Code     0  _printf_p.o(.ARM.Collect$$_printf_percent$$00000002)
    _printf_f                                0x080001b1   Thumb Code     0  _printf_f.o(.ARM.Collect$$_printf_percent$$00000003)
    _printf_e                                0x080001b7   Thumb Code     0  _printf_e.o(.ARM.Collect$$_printf_percent$$00000004)
    _printf_g                                0x080001bd   Thumb Code     0  _printf_g.o(.ARM.Collect$$_printf_percent$$00000005)
    _printf_a                                0x080001c3   Thumb Code     0  _printf_a.o(.ARM.Collect$$_printf_percent$$00000006)
    _printf_ll                               0x080001c9   Thumb Code     0  _printf_ll.o(.ARM.Collect$$_printf_percent$$00000007)
    _printf_i                                0x080001d3   Thumb Code     0  _printf_i.o(.ARM.Collect$$_printf_percent$$00000008)
    _printf_d                                0x080001d9   Thumb Code     0  _printf_d.o(.ARM.Collect$$_printf_percent$$00000009)
    _printf_u                                0x080001df   Thumb Code     0  _printf_u.o(.ARM.Collect$$_printf_percent$$0000000A)
    _printf_o                                0x080001e5   Thumb Code     0  _printf_o.o(.ARM.Collect$$_printf_percent$$0000000B)
    _printf_x                                0x080001eb   Thumb Code     0  _printf_x.o(.ARM.Collect$$_printf_percent$$0000000C)
    _printf_lli                              0x080001f1   Thumb Code     0  _printf_lli.o(.ARM.Collect$$_printf_percent$$0000000D)
    _printf_lld                              0x080001f7   Thumb Code     0  _printf_lld.o(.ARM.Collect$$_printf_percent$$0000000E)
    _printf_llu                              0x080001fd   Thumb Code     0  _printf_llu.o(.ARM.Collect$$_printf_percent$$0000000F)
    _printf_llo                              0x08000203   Thumb Code     0  _printf_llo.o(.ARM.Collect$$_printf_percent$$00000010)
    _printf_llx                              0x08000209   Thumb Code     0  _printf_llx.o(.ARM.Collect$$_printf_percent$$00000011)
    _printf_l                                0x0800020f   Thumb Code     0  _printf_l.o(.ARM.Collect$$_printf_percent$$00000012)
    _printf_c                                0x08000219   Thumb Code     0  _printf_c.o(.ARM.Collect$$_printf_percent$$00000013)
    _printf_s                                0x0800021f   Thumb Code     0  _printf_s.o(.ARM.Collect$$_printf_percent$$00000014)
    _printf_lc                               0x08000225   Thumb Code     0  _printf_lc.o(.ARM.Collect$$_printf_percent$$00000015)
    _printf_ls                               0x0800022b   Thumb Code     0  _printf_ls.o(.ARM.Collect$$_printf_percent$$00000016)
    _printf_percent_end                      0x08000231   Thumb Code     0  _printf_percent_end.o(.ARM.Collect$$_printf_percent$$00000017)
    __rt_lib_init                            0x08000235   Thumb Code     0  libinit.o(.ARM.Collect$$libinit$$00000000)
    __rt_lib_init_fp_1                       0x08000237   Thumb Code     0  libinit2.o(.ARM.Collect$$libinit$$00000002)
    __rt_lib_init_heap_1                     0x08000237   Thumb Code     0  libinit2.o(.ARM.Collect$$libinit$$0000000A)
    __rt_lib_init_lc_common                  0x08000237   Thumb Code     0  libinit2.o(.ARM.Collect$$libinit$$0000000F)
    __rt_lib_init_preinit_1                  0x08000237   Thumb Code     0  libinit2.o(.ARM.Collect$$libinit$$00000004)
    __rt_lib_init_rand_1                     0x08000237   Thumb Code     0  libinit2.o(.ARM.Collect$$libinit$$0000000E)
    __rt_lib_init_user_alloc_1               0x08000237   Thumb Code     0  libinit2.o(.ARM.Collect$$libinit$$0000000C)
    __rt_lib_init_lc_collate_1               0x0800023d   Thumb Code     0  libinit2.o(.ARM.Collect$$libinit$$00000011)
    __rt_lib_init_lc_ctype_2                 0x0800023d   Thumb Code     0  libinit2.o(.ARM.Collect$$libinit$$00000012)
    __rt_lib_init_lc_ctype_1                 0x08000249   Thumb Code     0  libinit2.o(.ARM.Collect$$libinit$$00000013)
    __rt_lib_init_lc_monetary_1              0x08000249   Thumb Code     0  libinit2.o(.ARM.Collect$$libinit$$00000015)
    __rt_lib_init_lc_numeric_2               0x08000249   Thumb Code     0  libinit2.o(.ARM.Collect$$libinit$$00000016)
    __rt_lib_init_alloca_1                   0x08000253   Thumb Code     0  libinit2.o(.ARM.Collect$$libinit$$0000002E)
    __rt_lib_init_argv_1                     0x08000253   Thumb Code     0  libinit2.o(.ARM.Collect$$libinit$$0000002C)
    __rt_lib_init_atexit_1                   0x08000253   Thumb Code     0  libinit2.o(.ARM.Collect$$libinit$$0000001B)
    __rt_lib_init_clock_1                    0x08000253   Thumb Code     0  libinit2.o(.ARM.Collect$$libinit$$00000021)
    __rt_lib_init_cpp_1                      0x08000253   Thumb Code     0  libinit2.o(.ARM.Collect$$libinit$$00000032)
    __rt_lib_init_exceptions_1               0x08000253   Thumb Code     0  libinit2.o(.ARM.Collect$$libinit$$00000030)
    __rt_lib_init_fp_trap_1                  0x08000253   Thumb Code     0  libinit2.o(.ARM.Collect$$libinit$$0000001F)
    __rt_lib_init_getenv_1                   0x08000253   Thumb Code     0  libinit2.o(.ARM.Collect$$libinit$$00000023)
    __rt_lib_init_lc_numeric_1               0x08000253   Thumb Code     0  libinit2.o(.ARM.Collect$$libinit$$00000017)
    __rt_lib_init_lc_time_1                  0x08000253   Thumb Code     0  libinit2.o(.ARM.Collect$$libinit$$00000019)
    __rt_lib_init_return                     0x08000253   Thumb Code     0  libinit2.o(.ARM.Collect$$libinit$$00000033)
    __rt_lib_init_signal_1                   0x08000253   Thumb Code     0  libinit2.o(.ARM.Collect$$libinit$$0000001D)
    __rt_lib_init_stdio_1                    0x08000253   Thumb Code     0  libinit2.o(.ARM.Collect$$libinit$$00000025)
    __rt_lib_shutdown                        0x08000255   Thumb Code     0  libshutdown.o(.ARM.Collect$$libshutdown$$00000000)
    __rt_lib_shutdown_cpp_1                  0x08000257   Thumb Code     0  libshutdown2.o(.ARM.Collect$$libshutdown$$00000002)
    __rt_lib_shutdown_fp_trap_1              0x08000257   Thumb Code     0  libshutdown2.o(.ARM.Collect$$libshutdown$$00000007)
    __rt_lib_shutdown_heap_1                 0x08000257   Thumb Code     0  libshutdown2.o(.ARM.Collect$$libshutdown$$0000000F)
    __rt_lib_shutdown_return                 0x08000257   Thumb Code     0  libshutdown2.o(.ARM.Collect$$libshutdown$$00000010)
    __rt_lib_shutdown_signal_1               0x08000257   Thumb Code     0  libshutdown2.o(.ARM.Collect$$libshutdown$$0000000A)
    __rt_lib_shutdown_stdio_1                0x08000257   Thumb Code     0  libshutdown2.o(.ARM.Collect$$libshutdown$$00000004)
    __rt_lib_shutdown_user_alloc_1           0x08000257   Thumb Code     0  libshutdown2.o(.ARM.Collect$$libshutdown$$0000000C)
    __rt_entry                               0x08000259   Thumb Code     0  __rtentry.o(.ARM.Collect$$rtentry$$00000000)
    __rt_entry_presh_1                       0x08000259   Thumb Code     0  __rtentry2.o(.ARM.Collect$$rtentry$$00000002)
    __rt_entry_sh                            0x08000259   Thumb Code     0  __rtentry4.o(.ARM.Collect$$rtentry$$00000004)
    __rt_entry_li                            0x0800025f   Thumb Code     0  __rtentry2.o(.ARM.Collect$$rtentry$$0000000A)
    __rt_entry_postsh_1                      0x0800025f   Thumb Code     0  __rtentry2.o(.ARM.Collect$$rtentry$$00000009)
    __rt_entry_main                          0x08000263   Thumb Code     0  __rtentry2.o(.ARM.Collect$$rtentry$$0000000D)
    __rt_entry_postli_1                      0x08000263   Thumb Code     0  __rtentry2.o(.ARM.Collect$$rtentry$$0000000C)
    __rt_exit                                0x0800026b   Thumb Code     0  rtexit.o(.ARM.Collect$$rtexit$$00000000)
    __rt_exit_ls                             0x0800026d   Thumb Code     0  rtexit2.o(.ARM.Collect$$rtexit$$00000003)
    __rt_exit_prels_1                        0x0800026d   Thumb Code     0  rtexit2.o(.ARM.Collect$$rtexit$$00000002)
    __rt_exit_exit                           0x08000271   Thumb Code     0  rtexit2.o(.ARM.Collect$$rtexit$$00000004)
    SVC_Handler                              0x08000279   Thumb Code    32  port.o(.emb_text)
    __asm___6_port_c_39a90d8d__prvStartFirstTask 0x0800029d   Thumb Code    28  port.o(.emb_text)
    PendSV_Handler                           0x080002bd   Thumb Code    72  port.o(.emb_text)
    vPortGetIPSR                             0x08000309   Thumb Code     6  port.o(.emb_text)
    Reset_Handler                            0x08000311   Thumb Code     8  startup_stm32f103xe.o(.text)
    ADC1_2_IRQHandler                        0x0800032b   Thumb Code     0  startup_stm32f103xe.o(.text)
    ADC3_IRQHandler                          0x0800032b   Thumb Code     0  startup_stm32f103xe.o(.text)
    CAN1_RX1_IRQHandler                      0x0800032b   Thumb Code     0  startup_stm32f103xe.o(.text)
    CAN1_SCE_IRQHandler                      0x0800032b   Thumb Code     0  startup_stm32f103xe.o(.text)
    DMA1_Channel1_IRQHandler                 0x0800032b   Thumb Code     0  startup_stm32f103xe.o(.text)
    DMA1_Channel2_IRQHandler                 0x0800032b   Thumb Code     0  startup_stm32f103xe.o(.text)
    DMA1_Channel3_IRQHandler                 0x0800032b   Thumb Code     0  startup_stm32f103xe.o(.text)
    DMA1_Channel6_IRQHandler                 0x0800032b   Thumb Code     0  startup_stm32f103xe.o(.text)
    DMA1_Channel7_IRQHandler                 0x0800032b   Thumb Code     0  startup_stm32f103xe.o(.text)
    DMA2_Channel1_IRQHandler                 0x0800032b   Thumb Code     0  startup_stm32f103xe.o(.text)
    DMA2_Channel2_IRQHandler                 0x0800032b   Thumb Code     0  startup_stm32f103xe.o(.text)
    DMA2_Channel3_IRQHandler                 0x0800032b   Thumb Code     0  startup_stm32f103xe.o(.text)
    DMA2_Channel4_5_IRQHandler               0x0800032b   Thumb Code     0  startup_stm32f103xe.o(.text)
    EXTI0_IRQHandler                         0x0800032b   Thumb Code     0  startup_stm32f103xe.o(.text)
    EXTI15_10_IRQHandler                     0x0800032b   Thumb Code     0  startup_stm32f103xe.o(.text)
    EXTI1_IRQHandler                         0x0800032b   Thumb Code     0  startup_stm32f103xe.o(.text)
    EXTI2_IRQHandler                         0x0800032b   Thumb Code     0  startup_stm32f103xe.o(.text)
    EXTI3_IRQHandler                         0x0800032b   Thumb Code     0  startup_stm32f103xe.o(.text)
    EXTI4_IRQHandler                         0x0800032b   Thumb Code     0  startup_stm32f103xe.o(.text)
    EXTI9_5_IRQHandler                       0x0800032b   Thumb Code     0  startup_stm32f103xe.o(.text)
    FLASH_IRQHandler                         0x0800032b   Thumb Code     0  startup_stm32f103xe.o(.text)
    FSMC_IRQHandler                          0x0800032b   Thumb Code     0  startup_stm32f103xe.o(.text)
    I2C1_ER_IRQHandler                       0x0800032b   Thumb Code     0  startup_stm32f103xe.o(.text)
    I2C1_EV_IRQHandler                       0x0800032b   Thumb Code     0  startup_stm32f103xe.o(.text)
    I2C2_ER_IRQHandler                       0x0800032b   Thumb Code     0  startup_stm32f103xe.o(.text)
    I2C2_EV_IRQHandler                       0x0800032b   Thumb Code     0  startup_stm32f103xe.o(.text)
    PVD_IRQHandler                           0x0800032b   Thumb Code     0  startup_stm32f103xe.o(.text)
    RCC_IRQHandler                           0x0800032b   Thumb Code     0  startup_stm32f103xe.o(.text)
    RTC_Alarm_IRQHandler                     0x0800032b   Thumb Code     0  startup_stm32f103xe.o(.text)
    RTC_IRQHandler                           0x0800032b   Thumb Code     0  startup_stm32f103xe.o(.text)
    SDIO_IRQHandler                          0x0800032b   Thumb Code     0  startup_stm32f103xe.o(.text)
    SPI1_IRQHandler                          0x0800032b   Thumb Code     0  startup_stm32f103xe.o(.text)
    SPI2_IRQHandler                          0x0800032b   Thumb Code     0  startup_stm32f103xe.o(.text)
    SPI3_IRQHandler                          0x0800032b   Thumb Code     0  startup_stm32f103xe.o(.text)
    TAMPER_IRQHandler                        0x0800032b   Thumb Code     0  startup_stm32f103xe.o(.text)
    TIM1_BRK_IRQHandler                      0x0800032b   Thumb Code     0  startup_stm32f103xe.o(.text)
    TIM1_CC_IRQHandler                       0x0800032b   Thumb Code     0  startup_stm32f103xe.o(.text)
    TIM1_TRG_COM_IRQHandler                  0x0800032b   Thumb Code     0  startup_stm32f103xe.o(.text)
    TIM1_UP_IRQHandler                       0x0800032b   Thumb Code     0  startup_stm32f103xe.o(.text)
    TIM2_IRQHandler                          0x0800032b   Thumb Code     0  startup_stm32f103xe.o(.text)
    TIM3_IRQHandler                          0x0800032b   Thumb Code     0  startup_stm32f103xe.o(.text)
    TIM4_IRQHandler                          0x0800032b   Thumb Code     0  startup_stm32f103xe.o(.text)
    TIM5_IRQHandler                          0x0800032b   Thumb Code     0  startup_stm32f103xe.o(.text)
    TIM6_IRQHandler                          0x0800032b   Thumb Code     0  startup_stm32f103xe.o(.text)
    TIM8_BRK_IRQHandler                      0x0800032b   Thumb Code     0  startup_stm32f103xe.o(.text)
    TIM8_CC_IRQHandler                       0x0800032b   Thumb Code     0  startup_stm32f103xe.o(.text)
    TIM8_TRG_COM_IRQHandler                  0x0800032b   Thumb Code     0  startup_stm32f103xe.o(.text)
    TIM8_UP_IRQHandler                       0x0800032b   Thumb Code     0  startup_stm32f103xe.o(.text)
    UART4_IRQHandler                         0x0800032b   Thumb Code     0  startup_stm32f103xe.o(.text)
    UART5_IRQHandler                         0x0800032b   Thumb Code     0  startup_stm32f103xe.o(.text)
    USART2_IRQHandler                        0x0800032b   Thumb Code     0  startup_stm32f103xe.o(.text)
    USART3_IRQHandler                        0x0800032b   Thumb Code     0  startup_stm32f103xe.o(.text)
    USBWakeUp_IRQHandler                     0x0800032b   Thumb Code     0  startup_stm32f103xe.o(.text)
    USB_HP_CAN1_TX_IRQHandler                0x0800032b   Thumb Code     0  startup_stm32f103xe.o(.text)
    USB_LP_CAN1_RX0_IRQHandler               0x0800032b   Thumb Code     0  startup_stm32f103xe.o(.text)
    WWDG_IRQHandler                          0x0800032b   Thumb Code     0  startup_stm32f103xe.o(.text)
    __user_initial_stackheap                 0x0800032d   Thumb Code     0  startup_stm32f103xe.o(.text)
    vsnprintf                                0x08000351   Thumb Code    48  vsnprintf.o(.text)
    __aeabi_memcpy4                          0x08000385   Thumb Code     0  rt_memcpy_w.o(.text)
    __aeabi_memcpy8                          0x08000385   Thumb Code     0  rt_memcpy_w.o(.text)
    __rt_memcpy_w                            0x08000385   Thumb Code   100  rt_memcpy_w.o(.text)
    _memcpy_lastbytes_aligned                0x080003cd   Thumb Code     0  rt_memcpy_w.o(.text)
    __aeabi_memclr4                          0x080003e9   Thumb Code     0  rt_memclr_w.o(.text)
    __aeabi_memclr8                          0x080003e9   Thumb Code     0  rt_memclr_w.o(.text)
    __rt_memclr_w                            0x080003e9   Thumb Code    78  rt_memclr_w.o(.text)
    _memset_w                                0x080003ed   Thumb Code     0  rt_memclr_w.o(.text)
    __use_two_region_memory                  0x08000437   Thumb Code     2  heapauxi.o(.text)
    __rt_heap_escrow$2region                 0x08000439   Thumb Code     2  heapauxi.o(.text)
    __rt_heap_expand$2region                 0x0800043b   Thumb Code     2  heapauxi.o(.text)
    _printf_pre_padding                      0x0800043d   Thumb Code    44  _printf_pad.o(.text)
    _printf_post_padding                     0x08000469   Thumb Code    34  _printf_pad.o(.text)
    _printf_truncate_signed                  0x0800048b   Thumb Code    18  _printf_truncate.o(.text)
    _printf_truncate_unsigned                0x0800049d   Thumb Code    18  _printf_truncate.o(.text)
    _printf_str                              0x080004af   Thumb Code    82  _printf_str.o(.text)
    _printf_int_dec                          0x08000501   Thumb Code   104  _printf_dec.o(.text)
    _printf_charcount                        0x08000579   Thumb Code    40  _printf_charcount.o(.text)
    _printf_char_common                      0x080005ab   Thumb Code    32  _printf_char_common.o(.text)
    _sputc                                   0x080005d1   Thumb Code    10  _sputc.o(.text)
    _snputc                                  0x080005db   Thumb Code    16  _snputc.o(.text)
    _printf_wctomb                           0x080005ed   Thumb Code   182  _printf_wctomb.o(.text)
    _printf_longlong_dec                     0x080006a9   Thumb Code   108  _printf_longlong_dec.o(.text)
    _printf_longlong_oct                     0x08000725   Thumb Code    66  _printf_oct_int_ll.o(.text)
    _printf_int_oct                          0x08000767   Thumb Code    24  _printf_oct_int_ll.o(.text)
    _printf_ll_oct                           0x0800077f   Thumb Code    12  _printf_oct_int_ll.o(.text)
    _printf_longlong_hex                     0x08000795   Thumb Code    86  _printf_hex_int_ll_ptr.o(.text)
    _printf_int_hex                          0x080007eb   Thumb Code    28  _printf_hex_int_ll_ptr.o(.text)
    _printf_ll_hex                           0x08000807   Thumb Code    12  _printf_hex_int_ll_ptr.o(.text)
    _printf_hex_ptr                          0x08000813   Thumb Code    18  _printf_hex_int_ll_ptr.o(.text)
    __printf                                 0x08000829   Thumb Code   388  __printf_flags_ss_wp.o(.text)
    _ll_udiv10                               0x080009b1   Thumb Code   138  lludiv10.o(.text)
    _printf_int_common                       0x08000a3b   Thumb Code   178  _printf_intcommon.o(.text)
    __lib_sel_fp_printf                      0x08000aed   Thumb Code     2  _printf_fp_dec.o(.text)
    _printf_fp_dec_real                      0x08000c9f   Thumb Code   620  _printf_fp_dec.o(.text)
    _printf_fp_hex_real                      0x08000f0d   Thumb Code   756  _printf_fp_hex.o(.text)
    _printf_cs_common                        0x08001209   Thumb Code    20  _printf_char.o(.text)
    _printf_char                             0x0800121d   Thumb Code    16  _printf_char.o(.text)
    _printf_string                           0x0800122d   Thumb Code     8  _printf_char.o(.text)
    _printf_lcs_common                       0x08001235   Thumb Code    20  _printf_wchar.o(.text)
    _printf_wchar                            0x08001249   Thumb Code    16  _printf_wchar.o(.text)
    _printf_wstring                          0x08001259   Thumb Code     8  _printf_wchar.o(.text)
    _wcrtomb                                 0x08001261   Thumb Code    64  _wcrtomb.o(.text)
    __user_setup_stackheap                   0x080012a1   Thumb Code    74  sys_stackheap_outer.o(.text)
    __rt_ctype_table                         0x080012ed   Thumb Code    16  rt_ctype_table.o(.text)
    __rt_locale                              0x080012fd   Thumb Code     8  rt_locale_intlibspace.o(.text)
    _printf_fp_infnan                        0x08001305   Thumb Code   112  _printf_fp_infnan.o(.text)
    _btod_etento                             0x08001385   Thumb Code   224  bigflt0.o(.text)
    exit                                     0x08001469   Thumb Code    18  exit.o(.text)
    __user_libspace                          0x0800147d   Thumb Code     8  libspace.o(.text)
    __user_perproc_libspace                  0x0800147d   Thumb Code     0  libspace.o(.text)
    __user_perthread_libspace                0x0800147d   Thumb Code     0  libspace.o(.text)
    strcmp                                   0x08001485   Thumb Code   128  strcmpv7m.o(.text)
    _sys_exit                                0x08001505   Thumb Code     8  sys_exit.o(.text)
    __I$use$semihosting                      0x08001511   Thumb Code     0  use_no_semi.o(.text)
    __use_no_semihosting_swi                 0x08001511   Thumb Code     2  use_no_semi.o(.text)
    __semihosting_library_function           0x08001513   Thumb Code     0  indicate_semi.o(.text)
    _btod_d2e                                0x08001513   Thumb Code    62  btod.o(CL$$btod_d2e)
    _d2e_denorm_low                          0x08001551   Thumb Code    70  btod.o(CL$$btod_d2e_denorm_low)
    _d2e_norm_op1                            0x08001597   Thumb Code    96  btod.o(CL$$btod_d2e_norm_op1)
    __btod_div_common                        0x080015f7   Thumb Code   696  btod.o(CL$$btod_div_common)
    _e2e                                     0x0800192f   Thumb Code   220  btod.o(CL$$btod_e2e)
    _btod_ediv                               0x08001a0b   Thumb Code    42  btod.o(CL$$btod_ediv)
    _btod_emul                               0x08001a35   Thumb Code    42  btod.o(CL$$btod_emul)
    __btod_mult_common                       0x08001a5f   Thumb Code   580  btod.o(CL$$btod_mult_common)
    BusFault_Handler                         0x08001ca3   Thumb Code     2  stm32f1xx_it.o(i.BusFault_Handler)
    DMA1_Channel4_IRQHandler                 0x08001ca5   Thumb Code     6  stm32f1xx_it.o(i.DMA1_Channel4_IRQHandler)
    DMA1_Channel5_IRQHandler                 0x08001cb1   Thumb Code     6  stm32f1xx_it.o(i.DMA1_Channel5_IRQHandler)
    DebugMon_Handler                         0x08001ce7   Thumb Code     2  stm32f1xx_it.o(i.DebugMon_Handler)
    Error_Handler                            0x08001ce9   Thumb Code     4  main.o(i.Error_Handler)
    HAL_DMA_Abort                            0x08001ced   Thumb Code    70  stm32f1xx_hal_dma.o(i.HAL_DMA_Abort)
    HAL_DMA_Abort_IT                         0x08001d35   Thumb Code   296  stm32f1xx_hal_dma.o(i.HAL_DMA_Abort_IT)
    HAL_DMA_GetState                         0x08001e65   Thumb Code     6  stm32f1xx_hal_dma.o(i.HAL_DMA_GetState)
    HAL_DMA_IRQHandler                       0x08001e6d   Thumb Code   552  stm32f1xx_hal_dma.o(i.HAL_DMA_IRQHandler)
    HAL_DMA_Init                             0x080020b5   Thumb Code   112  stm32f1xx_hal_dma.o(i.HAL_DMA_Init)
    HAL_DMA_Start_IT                         0x08002131   Thumb Code   112  stm32f1xx_hal_dma.o(i.HAL_DMA_Start_IT)
    HAL_GPIO_Init                            0x080021a1   Thumb Code   462  stm32f1xx_hal_gpio.o(i.HAL_GPIO_Init)
    HAL_GetTick                              0x08002399   Thumb Code     6  stm32f1xx_hal.o(i.HAL_GetTick)
    HAL_IncTick                              0x080023a5   Thumb Code    12  stm32f1xx_hal.o(i.HAL_IncTick)
    HAL_Init                                 0x080023b5   Thumb Code    32  stm32f1xx_hal.o(i.HAL_Init)
    HAL_InitTick                             0x080023d9   Thumb Code   100  stm32f1xx_hal_timebase_tim.o(i.HAL_InitTick)
    HAL_MspInit                              0x0800244d   Thumb Code    62  stm32f1xx_hal_msp.o(i.HAL_MspInit)
    HAL_NVIC_EnableIRQ                       0x08002495   Thumb Code    26  stm32f1xx_hal_cortex.o(i.HAL_NVIC_EnableIRQ)
    HAL_NVIC_SetPriority                     0x080024b1   Thumb Code    60  stm32f1xx_hal_cortex.o(i.HAL_NVIC_SetPriority)
    HAL_NVIC_SetPriorityGrouping             0x080024f1   Thumb Code    26  stm32f1xx_hal_cortex.o(i.HAL_NVIC_SetPriorityGrouping)
    HAL_RCC_ClockConfig                      0x08002515   Thumb Code   280  stm32f1xx_hal_rcc.o(i.HAL_RCC_ClockConfig)
    HAL_RCC_GetClockConfig                   0x08002641   Thumb Code    54  stm32f1xx_hal_rcc.o(i.HAL_RCC_GetClockConfig)
    HAL_RCC_GetPCLK1Freq                     0x08002681   Thumb Code    20  stm32f1xx_hal_rcc.o(i.HAL_RCC_GetPCLK1Freq)
    HAL_RCC_GetPCLK2Freq                     0x080026a1   Thumb Code    20  stm32f1xx_hal_rcc.o(i.HAL_RCC_GetPCLK2Freq)
    HAL_RCC_GetSysClockFreq                  0x080026c1   Thumb Code    58  stm32f1xx_hal_rcc.o(i.HAL_RCC_GetSysClockFreq)
    HAL_RCC_OscConfig                        0x0800270d   Thumb Code   778  stm32f1xx_hal_rcc.o(i.HAL_RCC_OscConfig)
    HAL_TIMEx_BreakCallback                  0x08002a2d   Thumb Code     2  stm32f1xx_hal_tim_ex.o(i.HAL_TIMEx_BreakCallback)
    HAL_TIMEx_CommutCallback                 0x08002a2f   Thumb Code     2  stm32f1xx_hal_tim_ex.o(i.HAL_TIMEx_CommutCallback)
    HAL_TIM_Base_Init                        0x08002a31   Thumb Code    90  stm32f1xx_hal_tim.o(i.HAL_TIM_Base_Init)
    HAL_TIM_Base_MspInit                     0x08002a8b   Thumb Code     2  stm32f1xx_hal_tim.o(i.HAL_TIM_Base_MspInit)
    HAL_TIM_Base_Start_IT                    0x08002a8d   Thumb Code    88  stm32f1xx_hal_tim.o(i.HAL_TIM_Base_Start_IT)
    HAL_TIM_IC_CaptureCallback               0x08002af9   Thumb Code     2  stm32f1xx_hal_tim.o(i.HAL_TIM_IC_CaptureCallback)
    HAL_TIM_IRQHandler                       0x08002afb   Thumb Code   358  stm32f1xx_hal_tim.o(i.HAL_TIM_IRQHandler)
    HAL_TIM_OC_DelayElapsedCallback          0x08002c61   Thumb Code     2  stm32f1xx_hal_tim.o(i.HAL_TIM_OC_DelayElapsedCallback)
    HAL_TIM_PWM_PulseFinishedCallback        0x08002c63   Thumb Code     2  stm32f1xx_hal_tim.o(i.HAL_TIM_PWM_PulseFinishedCallback)
    HAL_TIM_PeriodElapsedCallback            0x08002c65   Thumb Code    14  main.o(i.HAL_TIM_PeriodElapsedCallback)
    HAL_TIM_TriggerCallback                  0x08002c79   Thumb Code     2  stm32f1xx_hal_tim.o(i.HAL_TIM_TriggerCallback)
    HAL_UARTEx_ReceiveToIdle_DMA             0x08002c7b   Thumb Code    78  stm32f1xx_hal_uart.o(i.HAL_UARTEx_ReceiveToIdle_DMA)
    HAL_UARTEx_RxEventCallback               0x08002cc9   Thumb Code    48  usart.o(i.HAL_UARTEx_RxEventCallback)
    HAL_UART_ErrorCallback                   0x08002d0d   Thumb Code     2  stm32f1xx_hal_uart.o(i.HAL_UART_ErrorCallback)
    HAL_UART_IRQHandler                      0x08002d11   Thumb Code   616  stm32f1xx_hal_uart.o(i.HAL_UART_IRQHandler)
    HAL_UART_Init                            0x08002f7d   Thumb Code   100  stm32f1xx_hal_uart.o(i.HAL_UART_Init)
    HAL_UART_MspInit                         0x08002fe1   Thumb Code   210  usart.o(i.HAL_UART_MspInit)
    HAL_UART_RxCpltCallback                  0x080030c9   Thumb Code     2  stm32f1xx_hal_uart.o(i.HAL_UART_RxCpltCallback)
    HAL_UART_RxHalfCpltCallback              0x080030cb   Thumb Code     2  stm32f1xx_hal_uart.o(i.HAL_UART_RxHalfCpltCallback)
    HAL_UART_Transmit_DMA                    0x080030cd   Thumb Code   106  stm32f1xx_hal_uart.o(i.HAL_UART_Transmit_DMA)
    HAL_UART_TxCpltCallback                  0x08003145   Thumb Code     2  stm32f1xx_hal_uart.o(i.HAL_UART_TxCpltCallback)
    HAL_UART_TxHalfCpltCallback              0x08003147   Thumb Code     2  stm32f1xx_hal_uart.o(i.HAL_UART_TxHalfCpltCallback)
    HardFault_Handler                        0x08003149   Thumb Code     2  stm32f1xx_it.o(i.HardFault_Handler)
    MX_DMA_Init                              0x0800314d   Thumb Code    56  dma.o(i.MX_DMA_Init)
    MX_FREERTOS_Init                         0x08003189   Thumb Code    52  freertos.o(i.MX_FREERTOS_Init)
    MX_GPIO_Init                             0x080031c5   Thumb Code    22  gpio.o(i.MX_GPIO_Init)
    MX_USART1_UART_Init                      0x080031e1   Thumb Code    48  usart.o(i.MX_USART1_UART_Init)
    MemManage_Handler                        0x08003219   Thumb Code     2  stm32f1xx_it.o(i.MemManage_Handler)
    NMI_Handler                              0x0800321b   Thumb Code     2  stm32f1xx_it.o(i.NMI_Handler)
    StartDefaultTask                         0x0800321d   Thumb Code     8  freertos.o(i.StartDefaultTask)
    StartTask02                              0x08003225   Thumb Code    38  freertos.o(i.StartTask02)
    SysTick_Handler                          0x08003291   Thumb Code    38  port.o(i.SysTick_Handler)
    SystemClock_Config                       0x080032bd   Thumb Code    94  main.o(i.SystemClock_Config)
    SystemInit                               0x0800331b   Thumb Code     2  system_stm32f1xx.o(i.SystemInit)
    TIM7_IRQHandler                          0x0800331d   Thumb Code     6  stm32f1xx_it.o(i.TIM7_IRQHandler)
    TIM_Base_SetConfig                       0x08003329   Thumb Code   120  stm32f1xx_hal_tim.o(i.TIM_Base_SetConfig)
    UART1_TX_DMA_Send                        0x080033b5   Thumb Code    44  usart.o(i.UART1_TX_DMA_Send)
    UART_Start_Receive_DMA                   0x08003715   Thumb Code   130  stm32f1xx_hal_uart.o(i.UART_Start_Receive_DMA)
    USART1_IRQHandler                        0x080037a5   Thumb Code    24  stm32f1xx_it.o(i.USART1_IRQHandler)
    UsageFault_Handler                       0x080037c5   Thumb Code     2  stm32f1xx_it.o(i.UsageFault_Handler)
    __ARM_fpclassify                         0x080037c7   Thumb Code    40  fpclassify.o(i.__ARM_fpclassify)
    _is_digit                                0x0800380f   Thumb Code    14  __printf_wp.o(i._is_digit)
    main                                     0x0800381d   Thumb Code    42  main.o(i.main)
    osDelay                                  0x0800385d   Thumb Code    14  cmsis_os.o(i.osDelay)
    osKernelStart                            0x0800386b   Thumb Code    10  cmsis_os.o(i.osKernelStart)
    osThreadCreate                           0x08003875   Thumb Code    84  cmsis_os.o(i.osThreadCreate)
    printf1                                  0x080038c9   Thumb Code    32  usart.o(i.printf1)
    pvPortMalloc                             0x08003c31   Thumb Code   210  heap_4.o(i.pvPortMalloc)
    pxPortInitialiseStack                    0x08003d09   Thumb Code    32  port.o(i.pxPortInitialiseStack)
    uxListRemove                             0x08003d2d   Thumb Code    38  list.o(i.uxListRemove)
    vApplicationGetIdleTaskMemory            0x08003d55   Thumb Code    16  freertos.o(i.vApplicationGetIdleTaskMemory)
    vListInitialise                          0x08003d69   Thumb Code    22  list.o(i.vListInitialise)
    vListInitialiseItem                      0x08003d7f   Thumb Code     6  list.o(i.vListInitialiseItem)
    vListInsert                              0x08003d85   Thumb Code    48  list.o(i.vListInsert)
    vListInsertEnd                           0x08003db5   Thumb Code    24  list.o(i.vListInsertEnd)
    vPortEnterCritical                       0x08003dcd   Thumb Code    54  port.o(i.vPortEnterCritical)
    vPortExitCritical                        0x08003e0d   Thumb Code    34  port.o(i.vPortExitCritical)
    vPortFree                                0x08003e35   Thumb Code    88  heap_4.o(i.vPortFree)
    vPortSetupTimerInterrupt                 0x08003e91   Thumb Code    32  port.o(i.vPortSetupTimerInterrupt)
    vTaskDelay                               0x08003eb5   Thumb Code    66  tasks.o(i.vTaskDelay)
    vTaskStartScheduler                      0x08003f01   Thumb Code    90  tasks.o(i.vTaskStartScheduler)
    vTaskSuspendAll                          0x08003f6d   Thumb Code    10  tasks.o(i.vTaskSuspendAll)
    vTaskSwitchContext                       0x08003f7d   Thumb Code    82  tasks.o(i.vTaskSwitchContext)
    xPortStartScheduler                      0x08003fd9   Thumb Code   154  port.o(i.xPortStartScheduler)
    xTaskCreate                              0x08004081   Thumb Code    90  tasks.o(i.xTaskCreate)
    xTaskCreateStatic                        0x080040db   Thumb Code    86  tasks.o(i.xTaskCreateStatic)
    xTaskIncrementTick                       0x08004131   Thumb Code   192  tasks.o(i.xTaskIncrementTick)
    xTaskResumeAll                           0x080041f9   Thumb Code   182  tasks.o(i.xTaskResumeAll)
    _get_lc_numeric                          0x080042bd   Thumb Code    44  lc_numeric_c.o(locale$$code)
    _get_lc_ctype                            0x080042e9   Thumb Code    44  lc_ctype_c.o(locale$$code)
    _printf_fp_dec                           0x08004315   Thumb Code     4  printf1.o(x$fpl$printf1)
    _printf_fp_hex                           0x08004319   Thumb Code     4  printf2.o(x$fpl$printf2)
    __I$use$fp                               0x0800431c   Number         0  usenofp.o(x$fpl$usenofp)
    AHBPrescTable                            0x08004366   Data          16  system_stm32f1xx.o(.constdata)
    APBPrescTable                            0x08004376   Data           8  system_stm32f1xx.o(.constdata)
    Region$$Table$$Base                      0x08004494   Number         0  anon$$obj.o(Region$$Table)
    Region$$Table$$Limit                     0x080044b4   Number         0  anon$$obj.o(Region$$Table)
    __ctype                                  0x080044dd   Data           0  lc_ctype_c.o(locale$$data)
    defaultTaskHandle                        0x20000000   Data           4  freertos.o(.data)
    myTask02Handle                           0x20000004   Data           4  freertos.o(.data)
    usart1_rx_flag                           0x20000008   Data           1  usart.o(.data)
    usart1_rx_len                            0x2000000a   Data           2  usart.o(.data)
    uwTickFreq                               0x2000000c   Data           1  stm32f1xx_hal.o(.data)
    uwTickPrio                               0x20000010   Data           4  stm32f1xx_hal.o(.data)
    uwTick                                   0x20000014   Data           4  stm32f1xx_hal.o(.data)
    SystemCoreClock                          0x20000018   Data           4  system_stm32f1xx.o(.data)
    pxCurrentTCB                             0x2000001c   Data           4  tasks.o(.data)
    usart1_rx_buffer                         0x200002d0   Data         256  usart.o(.bss)
    usart1_tx_buffer                         0x200003d0   Data         256  usart.o(.bss)
    receive_u1_data                          0x200004d0   Data         256  usart.o(.bss)
    huart1                                   0x200005d0   Data          72  usart.o(.bss)
    hdma_usart1_rx                           0x20000618   Data          68  usart.o(.bss)
    hdma_usart1_tx                           0x2000065c   Data          68  usart.o(.bss)
    htim7                                    0x200006a0   Data          72  stm32f1xx_hal_timebase_tim.o(.bss)
    __libspace_start                         0x200013d8   Data          96  libspace.o(.bss)
    __temporary_stack_top$libspace           0x20001438   Data           0  libspace.o(.bss)



==============================================================================

Memory Map of the image

  Image Entry point : 0x08000131

  Load Region LR_IROM1 (Base: 0x08000000, Size: 0x0000465c, Max: 0x00080000, ABSOLUTE)

    Execution Region ER_IROM1 (Exec base: 0x08000000, Load base: 0x08000000, Size: 0x000045e0, Max: 0x00080000, ABSOLUTE)

    Exec Addr    Load Addr    Size         Type   Attr      Idx    E Section Name        Object

    0x08000000   0x08000000   0x00000130   Data   RO            3    RESET               startup_stm32f103xe.o
    0x08000130   0x08000130   0x00000008   Code   RO         4190  * !!!main             c_w.l(__main.o)
    0x08000138   0x08000138   0x00000034   Code   RO         4515    !!!scatter          c_w.l(__scatter.o)
    0x0800016c   0x0800016c   0x0000001a   Code   RO         4517    !!handler_copy      c_w.l(__scatter_copy.o)
    0x08000186   0x08000186   0x00000002   PAD
    0x08000188   0x08000188   0x0000001c   Code   RO         4519    !!handler_zi        c_w.l(__scatter_zi.o)
    0x080001a4   0x080001a4   0x00000000   Code   RO         4276    .ARM.Collect$$_printf_percent$$00000000  c_w.l(_printf_percent.o)
    0x080001a4   0x080001a4   0x00000006   Code   RO         4265    .ARM.Collect$$_printf_percent$$00000001  c_w.l(_printf_n.o)
    0x080001aa   0x080001aa   0x00000006   Code   RO         4267    .ARM.Collect$$_printf_percent$$00000002  c_w.l(_printf_p.o)
    0x080001b0   0x080001b0   0x00000006   Code   RO         4272    .ARM.Collect$$_printf_percent$$00000003  c_w.l(_printf_f.o)
    0x080001b6   0x080001b6   0x00000006   Code   RO         4273    .ARM.Collect$$_printf_percent$$00000004  c_w.l(_printf_e.o)
    0x080001bc   0x080001bc   0x00000006   Code   RO         4274    .ARM.Collect$$_printf_percent$$00000005  c_w.l(_printf_g.o)
    0x080001c2   0x080001c2   0x00000006   Code   RO         4275    .ARM.Collect$$_printf_percent$$00000006  c_w.l(_printf_a.o)
    0x080001c8   0x080001c8   0x0000000a   Code   RO         4280    .ARM.Collect$$_printf_percent$$00000007  c_w.l(_printf_ll.o)
    0x080001d2   0x080001d2   0x00000006   Code   RO         4269    .ARM.Collect$$_printf_percent$$00000008  c_w.l(_printf_i.o)
    0x080001d8   0x080001d8   0x00000006   Code   RO         4270    .ARM.Collect$$_printf_percent$$00000009  c_w.l(_printf_d.o)
    0x080001de   0x080001de   0x00000006   Code   RO         4271    .ARM.Collect$$_printf_percent$$0000000A  c_w.l(_printf_u.o)
    0x080001e4   0x080001e4   0x00000006   Code   RO         4268    .ARM.Collect$$_printf_percent$$0000000B  c_w.l(_printf_o.o)
    0x080001ea   0x080001ea   0x00000006   Code   RO         4266    .ARM.Collect$$_printf_percent$$0000000C  c_w.l(_printf_x.o)
    0x080001f0   0x080001f0   0x00000006   Code   RO         4277    .ARM.Collect$$_printf_percent$$0000000D  c_w.l(_printf_lli.o)
    0x080001f6   0x080001f6   0x00000006   Code   RO         4278    .ARM.Collect$$_printf_percent$$0000000E  c_w.l(_printf_lld.o)
    0x080001fc   0x080001fc   0x00000006   Code   RO         4279    .ARM.Collect$$_printf_percent$$0000000F  c_w.l(_printf_llu.o)
    0x08000202   0x08000202   0x00000006   Code   RO         4284    .ARM.Collect$$_printf_percent$$00000010  c_w.l(_printf_llo.o)
    0x08000208   0x08000208   0x00000006   Code   RO         4285    .ARM.Collect$$_printf_percent$$00000011  c_w.l(_printf_llx.o)
    0x0800020e   0x0800020e   0x0000000a   Code   RO         4281    .ARM.Collect$$_printf_percent$$00000012  c_w.l(_printf_l.o)
    0x08000218   0x08000218   0x00000006   Code   RO         4263    .ARM.Collect$$_printf_percent$$00000013  c_w.l(_printf_c.o)
    0x0800021e   0x0800021e   0x00000006   Code   RO         4264    .ARM.Collect$$_printf_percent$$00000014  c_w.l(_printf_s.o)
    0x08000224   0x08000224   0x00000006   Code   RO         4282    .ARM.Collect$$_printf_percent$$00000015  c_w.l(_printf_lc.o)
    0x0800022a   0x0800022a   0x00000006   Code   RO         4283    .ARM.Collect$$_printf_percent$$00000016  c_w.l(_printf_ls.o)
    0x08000230   0x08000230   0x00000004   Code   RO         4326    .ARM.Collect$$_printf_percent$$00000017  c_w.l(_printf_percent_end.o)
    0x08000234   0x08000234   0x00000002   Code   RO         4375    .ARM.Collect$$libinit$$00000000  c_w.l(libinit.o)
    0x08000236   0x08000236   0x00000000   Code   RO         4392    .ARM.Collect$$libinit$$00000002  c_w.l(libinit2.o)
    0x08000236   0x08000236   0x00000000   Code   RO         4394    .ARM.Collect$$libinit$$00000004  c_w.l(libinit2.o)
    0x08000236   0x08000236   0x00000000   Code   RO         4397    .ARM.Collect$$libinit$$0000000A  c_w.l(libinit2.o)
    0x08000236   0x08000236   0x00000000   Code   RO         4399    .ARM.Collect$$libinit$$0000000C  c_w.l(libinit2.o)
    0x08000236   0x08000236   0x00000000   Code   RO         4401    .ARM.Collect$$libinit$$0000000E  c_w.l(libinit2.o)
    0x08000236   0x08000236   0x00000006   Code   RO         4402    .ARM.Collect$$libinit$$0000000F  c_w.l(libinit2.o)
    0x0800023c   0x0800023c   0x00000000   Code   RO         4404    .ARM.Collect$$libinit$$00000011  c_w.l(libinit2.o)
    0x0800023c   0x0800023c   0x0000000c   Code   RO         4405    .ARM.Collect$$libinit$$00000012  c_w.l(libinit2.o)
    0x08000248   0x08000248   0x00000000   Code   RO         4406    .ARM.Collect$$libinit$$00000013  c_w.l(libinit2.o)
    0x08000248   0x08000248   0x00000000   Code   RO         4408    .ARM.Collect$$libinit$$00000015  c_w.l(libinit2.o)
    0x08000248   0x08000248   0x0000000a   Code   RO         4409    .ARM.Collect$$libinit$$00000016  c_w.l(libinit2.o)
    0x08000252   0x08000252   0x00000000   Code   RO         4410    .ARM.Collect$$libinit$$00000017  c_w.l(libinit2.o)
    0x08000252   0x08000252   0x00000000   Code   RO         4412    .ARM.Collect$$libinit$$00000019  c_w.l(libinit2.o)
    0x08000252   0x08000252   0x00000000   Code   RO         4414    .ARM.Collect$$libinit$$0000001B  c_w.l(libinit2.o)
    0x08000252   0x08000252   0x00000000   Code   RO         4416    .ARM.Collect$$libinit$$0000001D  c_w.l(libinit2.o)
    0x08000252   0x08000252   0x00000000   Code   RO         4418    .ARM.Collect$$libinit$$0000001F  c_w.l(libinit2.o)
    0x08000252   0x08000252   0x00000000   Code   RO         4420    .ARM.Collect$$libinit$$00000021  c_w.l(libinit2.o)
    0x08000252   0x08000252   0x00000000   Code   RO         4422    .ARM.Collect$$libinit$$00000023  c_w.l(libinit2.o)
    0x08000252   0x08000252   0x00000000   Code   RO         4424    .ARM.Collect$$libinit$$00000025  c_w.l(libinit2.o)
    0x08000252   0x08000252   0x00000000   Code   RO         4428    .ARM.Collect$$libinit$$0000002C  c_w.l(libinit2.o)
    0x08000252   0x08000252   0x00000000   Code   RO         4430    .ARM.Collect$$libinit$$0000002E  c_w.l(libinit2.o)
    0x08000252   0x08000252   0x00000000   Code   RO         4432    .ARM.Collect$$libinit$$00000030  c_w.l(libinit2.o)
    0x08000252   0x08000252   0x00000000   Code   RO         4434    .ARM.Collect$$libinit$$00000032  c_w.l(libinit2.o)
    0x08000252   0x08000252   0x00000002   Code   RO         4435    .ARM.Collect$$libinit$$00000033  c_w.l(libinit2.o)
    0x08000254   0x08000254   0x00000002   Code   RO         4455    .ARM.Collect$$libshutdown$$00000000  c_w.l(libshutdown.o)
    0x08000256   0x08000256   0x00000000   Code   RO         4468    .ARM.Collect$$libshutdown$$00000002  c_w.l(libshutdown2.o)
    0x08000256   0x08000256   0x00000000   Code   RO         4470    .ARM.Collect$$libshutdown$$00000004  c_w.l(libshutdown2.o)
    0x08000256   0x08000256   0x00000000   Code   RO         4473    .ARM.Collect$$libshutdown$$00000007  c_w.l(libshutdown2.o)
    0x08000256   0x08000256   0x00000000   Code   RO         4476    .ARM.Collect$$libshutdown$$0000000A  c_w.l(libshutdown2.o)
    0x08000256   0x08000256   0x00000000   Code   RO         4478    .ARM.Collect$$libshutdown$$0000000C  c_w.l(libshutdown2.o)
    0x08000256   0x08000256   0x00000000   Code   RO         4481    .ARM.Collect$$libshutdown$$0000000F  c_w.l(libshutdown2.o)
    0x08000256   0x08000256   0x00000002   Code   RO         4482    .ARM.Collect$$libshutdown$$00000010  c_w.l(libshutdown2.o)
    0x08000258   0x08000258   0x00000000   Code   RO         4192    .ARM.Collect$$rtentry$$00000000  c_w.l(__rtentry.o)
    0x08000258   0x08000258   0x00000000   Code   RO         4297    .ARM.Collect$$rtentry$$00000002  c_w.l(__rtentry2.o)
    0x08000258   0x08000258   0x00000006   Code   RO         4309    .ARM.Collect$$rtentry$$00000004  c_w.l(__rtentry4.o)
    0x0800025e   0x0800025e   0x00000000   Code   RO         4299    .ARM.Collect$$rtentry$$00000009  c_w.l(__rtentry2.o)
    0x0800025e   0x0800025e   0x00000004   Code   RO         4300    .ARM.Collect$$rtentry$$0000000A  c_w.l(__rtentry2.o)
    0x08000262   0x08000262   0x00000000   Code   RO         4302    .ARM.Collect$$rtentry$$0000000C  c_w.l(__rtentry2.o)
    0x08000262   0x08000262   0x00000008   Code   RO         4303    .ARM.Collect$$rtentry$$0000000D  c_w.l(__rtentry2.o)
    0x0800026a   0x0800026a   0x00000002   Code   RO         4384    .ARM.Collect$$rtexit$$00000000  c_w.l(rtexit.o)
    0x0800026c   0x0800026c   0x00000000   Code   RO         4437    .ARM.Collect$$rtexit$$00000002  c_w.l(rtexit2.o)
    0x0800026c   0x0800026c   0x00000004   Code   RO         4438    .ARM.Collect$$rtexit$$00000003  c_w.l(rtexit2.o)
    0x08000270   0x08000270   0x00000006   Code   RO         4439    .ARM.Collect$$rtexit$$00000004  c_w.l(rtexit2.o)
    0x08000276   0x08000276   0x00000002   PAD
    0x08000278   0x08000278   0x00000096   Code   RO         4097    .emb_text           port.o
    0x0800030e   0x0800030e   0x00000002   PAD
    0x08000310   0x08000310   0x00000040   Code   RO            4    .text               startup_stm32f103xe.o
    0x08000350   0x08000350   0x00000034   Code   RO         4178    .text               c_w.l(vsnprintf.o)
    0x08000384   0x08000384   0x00000064   Code   RO         4182    .text               c_w.l(rt_memcpy_w.o)
    0x080003e8   0x080003e8   0x0000004e   Code   RO         4186    .text               c_w.l(rt_memclr_w.o)
    0x08000436   0x08000436   0x00000006   Code   RO         4188    .text               c_w.l(heapauxi.o)
    0x0800043c   0x0800043c   0x0000004e   Code   RO         4195    .text               c_w.l(_printf_pad.o)
    0x0800048a   0x0800048a   0x00000024   Code   RO         4197    .text               c_w.l(_printf_truncate.o)
    0x080004ae   0x080004ae   0x00000052   Code   RO         4199    .text               c_w.l(_printf_str.o)
    0x08000500   0x08000500   0x00000078   Code   RO         4201    .text               c_w.l(_printf_dec.o)
    0x08000578   0x08000578   0x00000028   Code   RO         4203    .text               c_w.l(_printf_charcount.o)
    0x080005a0   0x080005a0   0x00000030   Code   RO         4205    .text               c_w.l(_printf_char_common.o)
    0x080005d0   0x080005d0   0x0000000a   Code   RO         4207    .text               c_w.l(_sputc.o)
    0x080005da   0x080005da   0x00000010   Code   RO         4209    .text               c_w.l(_snputc.o)
    0x080005ea   0x080005ea   0x00000002   PAD
    0x080005ec   0x080005ec   0x000000bc   Code   RO         4211    .text               c_w.l(_printf_wctomb.o)
    0x080006a8   0x080006a8   0x0000007c   Code   RO         4214    .text               c_w.l(_printf_longlong_dec.o)
    0x08000724   0x08000724   0x00000070   Code   RO         4220    .text               c_w.l(_printf_oct_int_ll.o)
    0x08000794   0x08000794   0x00000094   Code   RO         4240    .text               c_w.l(_printf_hex_int_ll_ptr.o)
    0x08000828   0x08000828   0x00000188   Code   RO         4260    .text               c_w.l(__printf_flags_ss_wp.o)
    0x080009b0   0x080009b0   0x0000008a   Code   RO         4311    .text               c_w.l(lludiv10.o)
    0x08000a3a   0x08000a3a   0x000000b2   Code   RO         4313    .text               c_w.l(_printf_intcommon.o)
    0x08000aec   0x08000aec   0x0000041e   Code   RO         4315    .text               c_w.l(_printf_fp_dec.o)
    0x08000f0a   0x08000f0a   0x00000002   PAD
    0x08000f0c   0x08000f0c   0x000002fc   Code   RO         4317    .text               c_w.l(_printf_fp_hex.o)
    0x08001208   0x08001208   0x0000002c   Code   RO         4322    .text               c_w.l(_printf_char.o)
    0x08001234   0x08001234   0x0000002c   Code   RO         4324    .text               c_w.l(_printf_wchar.o)
    0x08001260   0x08001260   0x00000040   Code   RO         4327    .text               c_w.l(_wcrtomb.o)
    0x080012a0   0x080012a0   0x0000004a   Code   RO         4329    .text               c_w.l(sys_stackheap_outer.o)
    0x080012ea   0x080012ea   0x00000002   PAD
    0x080012ec   0x080012ec   0x00000010   Code   RO         4331    .text               c_w.l(rt_ctype_table.o)
    0x080012fc   0x080012fc   0x00000008   Code   RO         4336    .text               c_w.l(rt_locale_intlibspace.o)
    0x08001304   0x08001304   0x00000080   Code   RO         4338    .text               c_w.l(_printf_fp_infnan.o)
    0x08001384   0x08001384   0x000000e4   Code   RO         4340    .text               c_w.l(bigflt0.o)
    0x08001468   0x08001468   0x00000012   Code   RO         4368    .text               c_w.l(exit.o)
    0x0800147a   0x0800147a   0x00000002   PAD
    0x0800147c   0x0800147c   0x00000008   Code   RO         4381    .text               c_w.l(libspace.o)
    0x08001484   0x08001484   0x00000080   Code   RO         4389    .text               c_w.l(strcmpv7m.o)
    0x08001504   0x08001504   0x0000000c   Code   RO         4447    .text               c_w.l(sys_exit.o)
    0x08001510   0x08001510   0x00000002   Code   RO         4458    .text               c_w.l(use_no_semi.o)
    0x08001512   0x08001512   0x00000000   Code   RO         4460    .text               c_w.l(indicate_semi.o)
    0x08001512   0x08001512   0x0000003e   Code   RO         4343    CL$$btod_d2e        c_w.l(btod.o)
    0x08001550   0x08001550   0x00000046   Code   RO         4345    CL$$btod_d2e_denorm_low  c_w.l(btod.o)
    0x08001596   0x08001596   0x00000060   Code   RO         4344    CL$$btod_d2e_norm_op1  c_w.l(btod.o)
    0x080015f6   0x080015f6   0x00000338   Code   RO         4353    CL$$btod_div_common  c_w.l(btod.o)
    0x0800192e   0x0800192e   0x000000dc   Code   RO         4350    CL$$btod_e2e        c_w.l(btod.o)
    0x08001a0a   0x08001a0a   0x0000002a   Code   RO         4347    CL$$btod_ediv       c_w.l(btod.o)
    0x08001a34   0x08001a34   0x0000002a   Code   RO         4346    CL$$btod_emul       c_w.l(btod.o)
    0x08001a5e   0x08001a5e   0x00000244   Code   RO         4352    CL$$btod_mult_common  c_w.l(btod.o)
    0x08001ca2   0x08001ca2   0x00000002   Code   RO          378    i.BusFault_Handler  stm32f1xx_it.o
    0x08001ca4   0x08001ca4   0x0000000c   Code   RO          379    i.DMA1_Channel4_IRQHandler  stm32f1xx_it.o
    0x08001cb0   0x08001cb0   0x0000000c   Code   RO          380    i.DMA1_Channel5_IRQHandler  stm32f1xx_it.o
    0x08001cbc   0x08001cbc   0x0000002a   Code   RO          939    i.DMA_SetConfig     stm32f1xx_hal_dma.o
    0x08001ce6   0x08001ce6   0x00000002   Code   RO          381    i.DebugMon_Handler  stm32f1xx_it.o
    0x08001ce8   0x08001ce8   0x00000004   Code   RO           13    i.Error_Handler     main.o
    0x08001cec   0x08001cec   0x00000046   Code   RO          940    i.HAL_DMA_Abort     stm32f1xx_hal_dma.o
    0x08001d32   0x08001d32   0x00000002   PAD
    0x08001d34   0x08001d34   0x00000130   Code   RO          941    i.HAL_DMA_Abort_IT  stm32f1xx_hal_dma.o
    0x08001e64   0x08001e64   0x00000006   Code   RO          944    i.HAL_DMA_GetState  stm32f1xx_hal_dma.o
    0x08001e6a   0x08001e6a   0x00000002   PAD
    0x08001e6c   0x08001e6c   0x00000248   Code   RO          945    i.HAL_DMA_IRQHandler  stm32f1xx_hal_dma.o
    0x080020b4   0x080020b4   0x0000007c   Code   RO          946    i.HAL_DMA_Init      stm32f1xx_hal_dma.o
    0x08002130   0x08002130   0x00000070   Code   RO          950    i.HAL_DMA_Start_IT  stm32f1xx_hal_dma.o
    0x080021a0   0x080021a0   0x000001f8   Code   RO          876    i.HAL_GPIO_Init     stm32f1xx_hal_gpio.o
    0x08002398   0x08002398   0x0000000c   Code   RO          570    i.HAL_GetTick       stm32f1xx_hal.o
    0x080023a4   0x080023a4   0x00000010   Code   RO          576    i.HAL_IncTick       stm32f1xx_hal.o
    0x080023b4   0x080023b4   0x00000024   Code   RO          577    i.HAL_Init          stm32f1xx_hal.o
    0x080023d8   0x080023d8   0x00000074   Code   RO          484    i.HAL_InitTick      stm32f1xx_hal_timebase_tim.o
    0x0800244c   0x0800244c   0x00000048   Code   RO          460    i.HAL_MspInit       stm32f1xx_hal_msp.o
    0x08002494   0x08002494   0x0000001a   Code   RO         1036    i.HAL_NVIC_EnableIRQ  stm32f1xx_hal_cortex.o
    0x080024ae   0x080024ae   0x00000002   PAD
    0x080024b0   0x080024b0   0x00000040   Code   RO         1042    i.HAL_NVIC_SetPriority  stm32f1xx_hal_cortex.o
    0x080024f0   0x080024f0   0x00000024   Code   RO         1043    i.HAL_NVIC_SetPriorityGrouping  stm32f1xx_hal_cortex.o
    0x08002514   0x08002514   0x0000012c   Code   RO          734    i.HAL_RCC_ClockConfig  stm32f1xx_hal_rcc.o
    0x08002640   0x08002640   0x00000040   Code   RO          738    i.HAL_RCC_GetClockConfig  stm32f1xx_hal_rcc.o
    0x08002680   0x08002680   0x00000020   Code   RO          741    i.HAL_RCC_GetPCLK1Freq  stm32f1xx_hal_rcc.o
    0x080026a0   0x080026a0   0x00000020   Code   RO          742    i.HAL_RCC_GetPCLK2Freq  stm32f1xx_hal_rcc.o
    0x080026c0   0x080026c0   0x0000004c   Code   RO          743    i.HAL_RCC_GetSysClockFreq  stm32f1xx_hal_rcc.o
    0x0800270c   0x0800270c   0x00000320   Code   RO          746    i.HAL_RCC_OscConfig  stm32f1xx_hal_rcc.o
    0x08002a2c   0x08002a2c   0x00000002   Code   RO         2242    i.HAL_TIMEx_BreakCallback  stm32f1xx_hal_tim_ex.o
    0x08002a2e   0x08002a2e   0x00000002   Code   RO         2243    i.HAL_TIMEx_CommutCallback  stm32f1xx_hal_tim_ex.o
    0x08002a30   0x08002a30   0x0000005a   Code   RO         1538    i.HAL_TIM_Base_Init  stm32f1xx_hal_tim.o
    0x08002a8a   0x08002a8a   0x00000002   Code   RO         1540    i.HAL_TIM_Base_MspInit  stm32f1xx_hal_tim.o
    0x08002a8c   0x08002a8c   0x0000006c   Code   RO         1543    i.HAL_TIM_Base_Start_IT  stm32f1xx_hal_tim.o
    0x08002af8   0x08002af8   0x00000002   Code   RO         1572    i.HAL_TIM_IC_CaptureCallback  stm32f1xx_hal_tim.o
    0x08002afa   0x08002afa   0x00000166   Code   RO         1586    i.HAL_TIM_IRQHandler  stm32f1xx_hal_tim.o
    0x08002c60   0x08002c60   0x00000002   Code   RO         1589    i.HAL_TIM_OC_DelayElapsedCallback  stm32f1xx_hal_tim.o
    0x08002c62   0x08002c62   0x00000002   Code   RO         1616    i.HAL_TIM_PWM_PulseFinishedCallback  stm32f1xx_hal_tim.o
    0x08002c64   0x08002c64   0x00000014   Code   RO           14    i.HAL_TIM_PeriodElapsedCallback  main.o
    0x08002c78   0x08002c78   0x00000002   Code   RO         1629    i.HAL_TIM_TriggerCallback  stm32f1xx_hal_tim.o
    0x08002c7a   0x08002c7a   0x0000004e   Code   RO         2519    i.HAL_UARTEx_ReceiveToIdle_DMA  stm32f1xx_hal_uart.o
    0x08002cc8   0x08002cc8   0x00000044   Code   RO          310    i.HAL_UARTEx_RxEventCallback  usart.o
    0x08002d0c   0x08002d0c   0x00000002   Code   RO         2535    i.HAL_UART_ErrorCallback  stm32f1xx_hal_uart.o
    0x08002d0e   0x08002d0e   0x00000002   PAD
    0x08002d10   0x08002d10   0x0000026c   Code   RO         2538    i.HAL_UART_IRQHandler  stm32f1xx_hal_uart.o
    0x08002f7c   0x08002f7c   0x00000064   Code   RO         2539    i.HAL_UART_Init     stm32f1xx_hal_uart.o
    0x08002fe0   0x08002fe0   0x000000e8   Code   RO          312    i.HAL_UART_MspInit  usart.o
    0x080030c8   0x080030c8   0x00000002   Code   RO         2545    i.HAL_UART_RxCpltCallback  stm32f1xx_hal_uart.o
    0x080030ca   0x080030ca   0x00000002   Code   RO         2546    i.HAL_UART_RxHalfCpltCallback  stm32f1xx_hal_uart.o
    0x080030cc   0x080030cc   0x00000078   Code   RO         2548    i.HAL_UART_Transmit_DMA  stm32f1xx_hal_uart.o
    0x08003144   0x08003144   0x00000002   Code   RO         2550    i.HAL_UART_TxCpltCallback  stm32f1xx_hal_uart.o
    0x08003146   0x08003146   0x00000002   Code   RO         2551    i.HAL_UART_TxHalfCpltCallback  stm32f1xx_hal_uart.o
    0x08003148   0x08003148   0x00000002   Code   RO          382    i.HardFault_Handler  stm32f1xx_it.o
    0x0800314a   0x0800314a   0x00000002   PAD
    0x0800314c   0x0800314c   0x0000003c   Code   RO          285    i.MX_DMA_Init       dma.o
    0x08003188   0x08003188   0x0000003c   Code   RO          229    i.MX_FREERTOS_Init  freertos.o
    0x080031c4   0x080031c4   0x0000001c   Code   RO          205    i.MX_GPIO_Init      gpio.o
    0x080031e0   0x080031e0   0x00000038   Code   RO          313    i.MX_USART1_UART_Init  usart.o
    0x08003218   0x08003218   0x00000002   Code   RO          383    i.MemManage_Handler  stm32f1xx_it.o
    0x0800321a   0x0800321a   0x00000002   Code   RO          384    i.NMI_Handler       stm32f1xx_it.o
    0x0800321c   0x0800321c   0x00000008   Code   RO          230    i.StartDefaultTask  freertos.o
    0x08003224   0x08003224   0x0000006c   Code   RO          231    i.StartTask02       freertos.o
    0x08003290   0x08003290   0x0000002c   Code   RO         4098    i.SysTick_Handler   port.o
    0x080032bc   0x080032bc   0x0000005e   Code   RO           15    i.SystemClock_Config  main.o
    0x0800331a   0x0800331a   0x00000002   Code   RO         2873    i.SystemInit        system_stm32f1xx.o
    0x0800331c   0x0800331c   0x0000000c   Code   RO          385    i.TIM7_IRQHandler   stm32f1xx_it.o
    0x08003328   0x08003328   0x0000008c   Code   RO         1631    i.TIM_Base_SetConfig  stm32f1xx_hal_tim.o
    0x080033b4   0x080033b4   0x00000030   Code   RO          314    i.UART1_TX_DMA_Send  usart.o
    0x080033e4   0x080033e4   0x00000010   Code   RO         2552    i.UART_DMAAbortOnError  stm32f1xx_hal_uart.o
    0x080033f4   0x080033f4   0x0000004a   Code   RO         2553    i.UART_DMAError     stm32f1xx_hal_uart.o
    0x0800343e   0x0800343e   0x00000086   Code   RO         2554    i.UART_DMAReceiveCplt  stm32f1xx_hal_uart.o
    0x080034c4   0x080034c4   0x0000001e   Code   RO         2556    i.UART_DMARxHalfCplt  stm32f1xx_hal_uart.o
    0x080034e2   0x080034e2   0x00000042   Code   RO         2558    i.UART_DMATransmitCplt  stm32f1xx_hal_uart.o
    0x08003524   0x08003524   0x0000000a   Code   RO         2560    i.UART_DMATxHalfCplt  stm32f1xx_hal_uart.o
    0x0800352e   0x0800352e   0x0000004e   Code   RO         2562    i.UART_EndRxTransfer  stm32f1xx_hal_uart.o
    0x0800357c   0x0800357c   0x0000001c   Code   RO         2563    i.UART_EndTxTransfer  stm32f1xx_hal_uart.o
    0x08003598   0x08003598   0x000000c2   Code   RO         2564    i.UART_Receive_IT   stm32f1xx_hal_uart.o
    0x0800365a   0x0800365a   0x00000002   PAD
    0x0800365c   0x0800365c   0x000000b8   Code   RO         2565    i.UART_SetConfig    stm32f1xx_hal_uart.o
    0x08003714   0x08003714   0x00000090   Code   RO         2566    i.UART_Start_Receive_DMA  stm32f1xx_hal_uart.o
    0x080037a4   0x080037a4   0x00000020   Code   RO          386    i.USART1_IRQHandler  stm32f1xx_it.o
    0x080037c4   0x080037c4   0x00000002   Code   RO          387    i.UsageFault_Handler  stm32f1xx_it.o
    0x080037c6   0x080037c6   0x00000028   Code   RO         4379    i.__ARM_fpclassify  m_ws.l(fpclassify.o)
    0x080037ee   0x080037ee   0x00000020   Code   RO         1049    i.__NVIC_SetPriority  stm32f1xx_hal_cortex.o
    0x0800380e   0x0800380e   0x0000000e   Code   RO         4253    i._is_digit         c_w.l(__printf_wp.o)
    0x0800381c   0x0800381c   0x00000034   Code   RO           16    i.main              main.o
    0x08003850   0x08003850   0x0000000c   Code   RO         3669    i.makeFreeRtosPriority  cmsis_os.o
    0x0800385c   0x0800385c   0x0000000e   Code   RO         3671    i.osDelay           cmsis_os.o
    0x0800386a   0x0800386a   0x0000000a   Code   RO         3674    i.osKernelStart     cmsis_os.o
    0x08003874   0x08003874   0x00000054   Code   RO         3708    i.osThreadCreate    cmsis_os.o
    0x080038c8   0x080038c8   0x00000024   Code   RO          315    i.printf1           usart.o
    0x080038ec   0x080038ec   0x00000070   Code   RO         3366    i.prvAddCurrentTaskToDelayedList  tasks.o
    0x0800395c   0x0800395c   0x000000d0   Code   RO         3367    i.prvAddNewTaskToReadyList  tasks.o
    0x08003a2c   0x08003a2c   0x00000034   Code   RO         3368    i.prvDeleteTCB      tasks.o
    0x08003a60   0x08003a60   0x0000004c   Code   RO         4036    i.prvHeapInit       heap_4.o
    0x08003aac   0x08003aac   0x00000060   Code   RO         3369    i.prvIdleTask       tasks.o
    0x08003b0c   0x08003b0c   0x0000008e   Code   RO         3370    i.prvInitialiseNewTask  tasks.o
    0x08003b9a   0x08003b9a   0x00000002   PAD
    0x08003b9c   0x08003b9c   0x0000004c   Code   RO         4037    i.prvInsertBlockIntoFreeList  heap_4.o
    0x08003be8   0x08003be8   0x00000020   Code   RO         3371    i.prvResetNextTaskUnblockTime  tasks.o
    0x08003c08   0x08003c08   0x00000028   Code   RO         4099    i.prvTaskExitError  port.o
    0x08003c30   0x08003c30   0x000000d8   Code   RO         4038    i.pvPortMalloc      heap_4.o
    0x08003d08   0x08003d08   0x00000024   Code   RO         4100    i.pxPortInitialiseStack  port.o
    0x08003d2c   0x08003d2c   0x00000026   Code   RO         3011    i.uxListRemove      list.o
    0x08003d52   0x08003d52   0x00000002   PAD
    0x08003d54   0x08003d54   0x00000014   Code   RO          232    i.vApplicationGetIdleTaskMemory  freertos.o
    0x08003d68   0x08003d68   0x00000016   Code   RO         3012    i.vListInitialise   list.o
    0x08003d7e   0x08003d7e   0x00000006   Code   RO         3013    i.vListInitialiseItem  list.o
    0x08003d84   0x08003d84   0x00000030   Code   RO         3014    i.vListInsert       list.o
    0x08003db4   0x08003db4   0x00000018   Code   RO         3015    i.vListInsertEnd    list.o
    0x08003dcc   0x08003dcc   0x00000040   Code   RO         4102    i.vPortEnterCritical  port.o
    0x08003e0c   0x08003e0c   0x00000028   Code   RO         4103    i.vPortExitCritical  port.o
    0x08003e34   0x08003e34   0x0000005c   Code   RO         4039    i.vPortFree         heap_4.o
    0x08003e90   0x08003e90   0x00000024   Code   RO         4104    i.vPortSetupTimerInterrupt  port.o
    0x08003eb4   0x08003eb4   0x0000004c   Code   RO         3379    i.vTaskDelay        tasks.o
    0x08003f00   0x08003f00   0x0000006c   Code   RO         3392    i.vTaskStartScheduler  tasks.o
    0x08003f6c   0x08003f6c   0x00000010   Code   RO         3394    i.vTaskSuspendAll   tasks.o
    0x08003f7c   0x08003f7c   0x0000005c   Code   RO         3395    i.vTaskSwitchContext  tasks.o
    0x08003fd8   0x08003fd8   0x000000a8   Code   RO         4106    i.xPortStartScheduler  port.o
    0x08004080   0x08004080   0x0000005a   Code   RO         3397    i.xTaskCreate       tasks.o
    0x080040da   0x080040da   0x00000056   Code   RO         3398    i.xTaskCreateStatic  tasks.o
    0x08004130   0x08004130   0x000000c8   Code   RO         3405    i.xTaskIncrementTick  tasks.o
    0x080041f8   0x080041f8   0x000000c4   Code   RO         3411    i.xTaskResumeAll    tasks.o
    0x080042bc   0x080042bc   0x0000002c   Code   RO         4366    locale$$code        c_w.l(lc_numeric_c.o)
    0x080042e8   0x080042e8   0x0000002c   Code   RO         4387    locale$$code        c_w.l(lc_ctype_c.o)
    0x08004314   0x08004314   0x00000004   Code   RO         4288    x$fpl$printf1       fz_ws.l(printf1.o)
    0x08004318   0x08004318   0x00000004   Code   RO         4290    x$fpl$printf2       fz_ws.l(printf2.o)
    0x0800431c   0x0800431c   0x00000000   Code   RO         4378    x$fpl$usenofp       fz_ws.l(usenofp.o)
    0x0800431c   0x0800431c   0x00000038   Data   RO          234    .constdata          freertos.o
    0x08004354   0x08004354   0x00000012   Data   RO          747    .constdata          stm32f1xx_hal_rcc.o
    0x08004366   0x08004366   0x00000010   Data   RO         2874    .constdata          system_stm32f1xx.o
    0x08004376   0x08004376   0x00000008   Data   RO         2875    .constdata          system_stm32f1xx.o
    0x0800437e   0x0800437e   0x00000002   PAD
    0x08004380   0x08004380   0x00000008   Data   RO         4212    .constdata          c_w.l(_printf_wctomb.o)
    0x08004388   0x08004388   0x00000028   Data   RO         4241    .constdata          c_w.l(_printf_hex_int_ll_ptr.o)
    0x080043b0   0x080043b0   0x00000011   Data   RO         4261    .constdata          c_w.l(__printf_flags_ss_wp.o)
    0x080043c1   0x080043c1   0x00000026   Data   RO         4318    .constdata          c_w.l(_printf_fp_hex.o)
    0x080043e7   0x080043e7   0x00000001   PAD
    0x080043e8   0x080043e8   0x00000094   Data   RO         4341    .constdata          c_w.l(bigflt0.o)
    0x0800447c   0x0800447c   0x00000018   Data   RO          235    .conststring        freertos.o
    0x08004494   0x08004494   0x00000020   Data   RO         4513    Region$$Table       anon$$obj.o
    0x080044b4   0x080044b4   0x0000001c   Data   RO         4365    locale$$data        c_w.l(lc_numeric_c.o)
    0x080044d0   0x080044d0   0x00000110   Data   RO         4386    locale$$data        c_w.l(lc_ctype_c.o)


    Execution Region RW_IRAM1 (Exec base: 0x20000000, Load base: 0x080045e0, Size: 0x00001a38, Max: 0x00010000, ABSOLUTE)

    Exec Addr    Load Addr    Size         Type   Attr      Idx    E Section Name        Object

    0x20000000   0x080045e0   0x00000008   Data   RW          236    .data               freertos.o
    0x20000008   0x080045e8   0x00000004   Data   RW          317    .data               usart.o
    0x2000000c   0x080045ec   0x0000000c   Data   RW          584    .data               stm32f1xx_hal.o
    0x20000018   0x080045f8   0x00000004   Data   RW         2876    .data               system_stm32f1xx.o
    0x2000001c   0x080045fc   0x0000003c   Data   RW         3414    .data               tasks.o
    0x20000058   0x08004638   0x00000018   Data   RW         4044    .data               heap_4.o
    0x20000070   0x08004650   0x0000000c   Data   RW         4107    .data               port.o
    0x2000007c        -       0x00000254   Zero   RW          233    .bss                freertos.o
    0x200002d0        -       0x000003d0   Zero   RW          316    .bss                usart.o
    0x200006a0        -       0x00000048   Zero   RW          487    .bss                stm32f1xx_hal_timebase_tim.o
    0x200006e8        -       0x000000f0   Zero   RW         3413    .bss                tasks.o
    0x200007d8        -       0x00000c00   Zero   RW         4043    .bss                heap_4.o
    0x200013d8        -       0x00000060   Zero   RW         4382    .bss                c_w.l(libspace.o)
    0x20001438        -       0x00000200   Zero   RW            2    HEAP                startup_stm32f103xe.o
    0x20001638        -       0x00000400   Zero   RW            1    STACK               startup_stm32f103xe.o


==============================================================================

Image component sizes


      Code (inc. data)   RO Data    RW Data    ZI Data      Debug   Object Name

       120          0          0          0          0      22669   cmsis_os.o
        60          4          0          0          0        934   dma.o
         0          0          0          0          0      18320   event_groups.o
       196         82         80          8        596       3171   freertos.o
        28          6          0          0          0        815   gpio.o
       460         24          0         24       3072       7467   heap_4.o
       138          0          0          0          0       3594   list.o
       170         16          0          0          0     520392   main.o
       578         60          0         12          0      10716   port.o
        64         26        304          0       1536        844   startup_stm32f103xe.o
        64         14          0         12          0       5454   stm32f1xx_hal.o
       158         14          0          0          0      28350   stm32f1xx_hal_cortex.o
      1242         52          0          0          0       5949   stm32f1xx_hal_dma.o
       504         42          0          0          0       2344   stm32f1xx_hal_gpio.o
        72         10          0          0          0        938   stm32f1xx_hal_msp.o
      1304         94         18          0          0       5977   stm32f1xx_hal_rcc.o
       706         40          0          0          0       7436   stm32f1xx_hal_tim.o
         4          0          0          0          0       1681   stm32f1xx_hal_tim_ex.o
       116         16          0          0         72       1523   stm32f1xx_hal_timebase_tim.o
      1886         38          0          0          0      15387   stm32f1xx_hal_uart.o
        80         26          0          0          0       4741   stm32f1xx_it.o
         0          0          0          0          0        384   stream_buffer.o
         2          0         24          4          0       1215   system_stm32f1xx.o
      1506        110          0         60        240      16658   tasks.o
       440         58          0          4        976       4654   usart.o

    ----------------------------------------------------------------------
      9916        732        460        124       6492     691613   Object Totals
         0          0         32          0          0          0   (incl. Generated)
        18          0          2          0          0          0   (incl. Padding)

    ----------------------------------------------------------------------

      Code (inc. data)   RO Data    RW Data    ZI Data      Debug   Library Member Name

         8          0          0          0          0         68   __main.o
       392          4         17          0          0         92   __printf_flags_ss_wp.o
        14          0          0          0          0         68   __printf_wp.o
         0          0          0          0          0          0   __rtentry.o
        12          0          0          0          0          0   __rtentry2.o
         6          0          0          0          0          0   __rtentry4.o
        52          8          0          0          0          0   __scatter.o
        26          0          0          0          0          0   __scatter_copy.o
        28          0          0          0          0          0   __scatter_zi.o
         6          0          0          0          0          0   _printf_a.o
         6          0          0          0          0          0   _printf_c.o
        44          0          0          0          0        108   _printf_char.o
        48          6          0          0          0         96   _printf_char_common.o
        40          0          0          0          0         68   _printf_charcount.o
         6          0          0          0          0          0   _printf_d.o
       120         16          0          0          0         92   _printf_dec.o
         6          0          0          0          0          0   _printf_e.o
         6          0          0          0          0          0   _printf_f.o
      1054          0          0          0          0        216   _printf_fp_dec.o
       764          8         38          0          0        100   _printf_fp_hex.o
       128         16          0          0          0         84   _printf_fp_infnan.o
         6          0          0          0          0          0   _printf_g.o
       148          4         40          0          0        160   _printf_hex_int_ll_ptr.o
         6          0          0          0          0          0   _printf_i.o
       178          0          0          0          0         88   _printf_intcommon.o
        10          0          0          0          0          0   _printf_l.o
         6          0          0          0          0          0   _printf_lc.o
        10          0          0          0          0          0   _printf_ll.o
         6          0          0          0          0          0   _printf_lld.o
         6          0          0          0          0          0   _printf_lli.o
         6          0          0          0          0          0   _printf_llo.o
         6          0          0          0          0          0   _printf_llu.o
         6          0          0          0          0          0   _printf_llx.o
       124         16          0          0          0         92   _printf_longlong_dec.o
         6          0          0          0          0          0   _printf_ls.o
         6          0          0          0          0          0   _printf_n.o
         6          0          0          0          0          0   _printf_o.o
       112         10          0          0          0        124   _printf_oct_int_ll.o
         6          0          0          0          0          0   _printf_p.o
        78          0          0          0          0        108   _printf_pad.o
         0          0          0          0          0          0   _printf_percent.o
         4          0          0          0          0          0   _printf_percent_end.o
         6          0          0          0          0          0   _printf_s.o
        82          0          0          0          0         80   _printf_str.o
        36          0          0          0          0         84   _printf_truncate.o
         6          0          0          0          0          0   _printf_u.o
        44          0          0          0          0        108   _printf_wchar.o
       188          6          8          0          0         92   _printf_wctomb.o
         6          0          0          0          0          0   _printf_x.o
        16          0          0          0          0         68   _snputc.o
        10          0          0          0          0         68   _sputc.o
        64          0          0          0          0         92   _wcrtomb.o
       228          4        148          0          0         96   bigflt0.o
      1936        128          0          0          0        672   btod.o
        18          0          0          0          0         80   exit.o
         6          0          0          0          0        152   heapauxi.o
         0          0          0          0          0          0   indicate_semi.o
        44         10        272          0          0         76   lc_ctype_c.o
        44         10         28          0          0         76   lc_numeric_c.o
         2          0          0          0          0          0   libinit.o
        30          0          0          0          0          0   libinit2.o
         2          0          0          0          0          0   libshutdown.o
         2          0          0          0          0          0   libshutdown2.o
         8          4          0          0         96         68   libspace.o
       138          0          0          0          0         80   lludiv10.o
        16          4          0          0          0         76   rt_ctype_table.o
         8          4          0          0          0         68   rt_locale_intlibspace.o
        78          0          0          0          0         80   rt_memclr_w.o
       100          0          0          0          0         80   rt_memcpy_w.o
         2          0          0          0          0          0   rtexit.o
        10          0          0          0          0          0   rtexit2.o
       128          0          0          0          0         68   strcmpv7m.o
        12          4          0          0          0         68   sys_exit.o
        74          0          0          0          0         80   sys_stackheap_outer.o
         2          0          0          0          0         68   use_no_semi.o
        52          4          0          0          0         80   vsnprintf.o
         4          0          0          0          0         68   printf1.o
         4          0          0          0          0         68   printf2.o
         0          0          0          0          0          0   usenofp.o
        40          0          0          0          0         68   fpclassify.o

    ----------------------------------------------------------------------
      6960        266        552          0         96       4328   Library Totals
        12          0          1          0          0          0   (incl. Padding)

    ----------------------------------------------------------------------

      Code (inc. data)   RO Data    RW Data    ZI Data      Debug   Library Name

      6900        266        551          0         96       4124   c_w.l
         8          0          0          0          0        136   fz_ws.l
        40          0          0          0          0         68   m_ws.l

    ----------------------------------------------------------------------
      6960        266        552          0         96       4328   Library Totals

    ----------------------------------------------------------------------

==============================================================================


      Code (inc. data)   RO Data    RW Data    ZI Data      Debug   

     16876        998       1012        124       6588     687877   Grand Totals
     16876        998       1012        124       6588     687877   ELF Image Totals
     16876        998       1012        124          0          0   ROM Totals

==============================================================================

    Total RO  Size (Code + RO Data)                17888 (  17.47kB)
    Total RW  Size (RW Data + ZI Data)              6712 (   6.55kB)
    Total ROM Size (Code + RO Data + RW Data)      18012 (  17.59kB)

==============================================================================

